The GPU has a minimum buffer alignment of 256
xmin : -10xmax : 10ymin : -10ymax : 10zmin : -0.5zmax : 0.5
Loading GLTF: ./assets/models/sphere.gltf
Loading GLTF: ./assets/models/sphere.gltf
Loading GLTF: ./assets/models/sphere.gltf
Loading GLTF: ./assets/models/sphere.gltf
Loading GLTF: ./assets/models/sphere.gltf
Loading GLTF: ./assets/models/cube.gltf
Loading GLTF: ./assets/models/sphere.gltf
Loading GLTF: ./assets/models/plane_z.gltf
Loading GLTF: ./assets/models/plane_circle.gltf
[ERROR: Validation]
Validation Error: [ VUID-vkCmdCopyImageToBuffer-pRegions-00183 ] Object 0: handle = 0x61200003e758, type = VK_OBJECT_TYPE_COMMAND_BUFFER; Object 1: handle = 0x2df7c500000000bc, type = VK_OBJECT_TYPE_BUFFER; | MessageID = 0x710595bf | vkCmdCopyImageToBuffer: pRegion[0] is trying to copy  33554432 bytes plus 0 offset to/from the VkBuffer (VkBuffer 0x2df7c500000000bc[]) which exceeds the VkBuffer total size of 131072 bytes. The Vulkan spec states: dstBuffer must be large enough to contain all buffer locations that are accessed according to Buffer and Image Addressing, for each element of pRegions (https://vulkan.lunarg.com/doc/view/1.3.250.1/mac/1.3-extensions/vkspec.html#VUID-vkCmdCopyImageToBuffer-pRegions-00183)
[ERROR: Validation]
Validation Error: [ VUID-vkCmdCopyImageToBuffer-srcImage-00186 ] Object 0: handle = 0x61200003e758, type = VK_OBJECT_TYPE_COMMAND_BUFFER; Object 1: handle = 0x176083000000005f, type = VK_OBJECT_TYPE_IMAGE; | MessageID = 0x30009145 | Invalid usage flag for VkImage 0x176083000000005f[] used by vkCmdCopyImageToBuffer. In this case, VkImage should have VK_IMAGE_USAGE_TRANSFER_SRC_BIT set during creation. The Vulkan spec states: srcImage must have been created with VK_IMAGE_USAGE_TRANSFER_SRC_BIT usage flag (https://vulkan.lunarg.com/doc/view/1.3.250.1/mac/1.3-extensions/vkspec.html#VUID-vkCmdCopyImageToBuffer-srcImage-00186)
[WARNING: Performance]
Validation Performance Warning: [ UNASSIGNED-CoreValidation-DrawState-InvalidImageLayout ] Object 0: handle = 0x61200003e758, type = VK_OBJECT_TYPE_COMMAND_BUFFER; | MessageID = 0x4dae5635 | vkCmdCopyImageToBuffer: For optimal performance VkImage 0x176083000000005f[] layout should be VK_IMAGE_LAYOUT_TRANSFER_SRC_OPTIMAL instead of GENERAL.
1.66551e-05 0 0 0 2.20925e-05 0 0 0 3.926e-05 0 0 0 8.19339e-05 0 0 0 0.000171853 0 0 0 0.000364577 0 0 0 0.000804856 0 0 0 7.68603e-05 0 0 0 
0.000210196 0 0 0 0.000173702 0 0 0 0.000418453 0 0 0 0.000481794 0 0 0 0.000239234 0 0 0 0.0003859 0 0 0 0.0001192 0 0 0 5.00778e-05 0 0 0 
6.94808e-05 0 0 0 0.000418806 0 0 0 0.000577456 0 0 0 0.000717441 0 0 0 0.000160329 0 0 0 4.86786e-05 0 0 0 0.00090486 0 0 0 0.000856358 0 0 0 
0.00097922 0 0 0 0.000908562 0 0 0 0.000641228 0 0 0 0.000320528 0 0 0 0.000164698 0 0 0 0.000140633 0 0 0 0.000209839 0 0 0 0.000392521 0 0 0 
0.000370487 0 0 0 0.000189436 0 0 0 0.000131725 0 0 0 0.000141156 0 0 0 0.000195033 0 0 0 0.00029482 0 0 0 0.000605998 0 0 0 6.90848e-05 0 0 0 
0.000231856 0 0 0 0.000500759 0 0 0 9.6943e-05 0 0 0 0.000448141 0 0 0 0.000332634 0 0 0 0.00070817 0 0 0 2.05884e-05 0 0 0 0.000204462 0 0 0 
0.000115813 0 0 0 0.000847186 0 0 0 0.000314988 0 0 0 0.000714157 0 0 0 0.000998562 0 0 0 0.00126697 0 0 0 0.00321061 0 0 0 0.00883763 0 0 0 
0.0101973 0 0 0 0.00310224 0 0 0 0.000616298 0 0 0 0.000193351 0 0 0 9.22581e-05 0 0 0 5.50917e-05 0 0 0 9.59894e-05 0 0 0 0.000404204 0 0 0 
0.000573466 0 0 0 0.000847827 0 0 0 0.000863565 0 0 0 0.000410157 0 0 0 0.000552359 0 0 0 0.000571417 0 0 0 0.000362873 0 0 0 0.00039148 0 0 0 
0.0006037 0 0 0 0.000232835 0 0 0 0.00042108 0 0 0 0.000911279 0 0 0 0.000874236 0 0 0 0.000593648 0 0 0 0.00218918 0 0 0 0.00386969 0 0 0 
0.0040754 0 0 0 0.00777985 0 0 0 0.0193468 0 0 0 0.0283484 0 0 0 0.0178696 0 0 0 0.00435906 0 0 0 0.000971568 0 0 0 0.000599773 0 0 0 
0.000564485 0 0 0 0.000150206 0 0 0 0.000634418 0 0 0 0.000539106 0 0 0 0.000779216 0 0 0 0.000737746 0 0 0 0.000613499 0 0 0 0.000272507 0 0 0 
0.000185245 0 0 0 0.000122995 0 0 0 8.34917e-05 0 0 0 6.81146e-05 0 0 0 0.000846577 0 0 0 0.000542295 0 0 0 0.000461441 0 0 0 0.000304765 0 0 0 
0.000232678 0 0 0 0.000222521 0 0 0 0.000245401 0 0 0 0.000678867 0 0 0 0.000156813 0 0 0 0.000264981 0 0 0 0.000384574 0 0 0 0.00060989 0 0 0 
0.000208268 0 0 0 0.000487871 0 0 0 0.000411685 0 0 0 0.000843539 0 0 0 0.000291619 0 0 0 0.000813091 0 0 0 0.000951782 0 0 0 0.000895723 0 0 0 
0.000789666 0 0 0 0.000406662 0 0 0 0.000238994 0 0 0 0.000152098 0 0 0 0.000105773 0 0 0 6.23181e-05 0 0 0 2.96967e-05 0 0 0 1.79562e-05 0 0 0 
2.52796e-05 0 0 0 2.94119e-05 0 0 0 4.48559e-05 0 0 0 7.4077e-05 0 0 0 0.000134174 0 0 0 0.000277751 0 0 0 0.000563708 0 0 0 6.36656e-05 0 0 0 
0.00014913 0 0 0 0.000705476 0 0 0 0.000713539 0 0 0 0.000108011 0 0 0 0.000113461 0 0 0 0.000355548 0 0 0 0.000110487 0 0 0 0.000877481 0 0 0 
0.00099436 0 0 0 0.000161239 0 0 0 0.000652112 0 0 0 0.000896854 0 0 0 0.00014877 0 0 0 0.000811257 0 0 0 0.0003906 0 0 0 0.000292723 0 0 0 
0.000305769 0 0 0 0.000312805 0 0 0 0.000215485 0 0 0 8.7793e-05 0 0 0 3.93724e-05 0 0 0 3.13513e-05 0 0 0 5.38813e-05 0 0 0 0.000111651 0 0 0 
0.000101849 0 0 0 4.99247e-05 0 0 0 2.95182e-05 0 0 0 2.96451e-05 0 0 0 4.69929e-05 0 0 0 9.75454e-05 0 0 0 0.000231103 0 0 0 0.000799135 0 0 0 
9.26829e-05 0 0 0 0.00028632 0 0 0 0.000708715 0 0 0 0.00053885 0 0 0 0.000109509 0 0 0 0.000209881 0 0 0 0.000476536 0 0 0 0.000114514 0 0 0 
7.93372e-05 0 0 0 0.000718555 0 0 0 0.000406761 0 0 0 0.000739955 0 0 0 0.000986932 0 0 0 0.00124979 0 0 0 0.00356766 0 0 0 0.00983385 0 0 0 
0.00778653 0 0 0 0.00193445 0 0 0 0.000397037 0 0 0 0.000608396 0 0 0 0.000508539 0 0 0 0.000463214 0 0 0 0.000865053 0 0 0 0.000407856 0 0 0 
0.000807205 0 0 0 0.000991896 0 0 0 0.000649245 0 0 0 0.00027348 0 0 0 0.000361591 0 0 0 0.000504731 0 0 0 0.000759199 0 0 0 0.000612639 0 0 0 
0.000717661 0 0 0 0.000150554 0 0 0 0.000589579 0 0 0 0.000538906 0 0 0 0.000871609 0 0 0 0.00101822 0 0 0 0.00290005 0 0 0 0.00437599 0 0 0 
0.00489891 0 0 0 0.00900227 0 0 0 0.0204151 0 0 0 0.0323139 0 0 0 0.0215599 0 0 0 0.00509061 0 0 0 0.000983294 0 0 0 0.000438593 0 0 0 
0.000717164 0 0 0 0.000153855 0 0 0 0.000593243 0 0 0 0.000579797 0 0 0 0.00079858 0 0 0 0.000700459 0 0 0 0.000709957 0 0 0 0.000300902 0 0 0 
0.000168075 0 0 0 0.000874833 0 0 0 0.000753605 0 0 0 0.000879988 0 0 0 0.000639312 0 0 0 0.000301884 0 0 0 0.00017415 0 0 0 0.000128357 0 0 0 
0.000793885 0 0 0 0.000947443 0 0 0 0.000238718 0 0 0 0.000520608 0 0 0 9.14085e-05 0 0 0 0.000137809 0 0 0 0.000175494 0 0 0 0.000294554 0 0 0 
0.000664407 0 0 0 0.000561488 0 0 0 0.000284533 0 0 0 0.000778789 0 0 0 0.000324095 0 0 0 3.69448e-05 0 0 0 0.000191923 0 0 0 0.000734348 0 0 0 
0.000779935 0 0 0 0.00081853 0 0 0 0.00046557 0 0 0 0.000303498 0 0 0 0.000219916 0 0 0 0.000122146 0 0 0 5.52681e-05 0 0 0 3.13859e-05 0 0 0 
3.62305e-05 0 0 0 3.68077e-05 0 0 0 4.86628e-05 0 0 0 7.78475e-05 0 0 0 0.000139736 0 0 0 0.000273238 0 0 0 0.000493455 0 0 0 0.000857899 0 0 0 
0.00014221 0 0 0 0.000641615 0 0 0 0.000818638 0 0 0 5.9056e-05 0 0 0 7.8743e-05 0 0 0 0.000267076 0 0 0 0.000878153 0 0 0 0.000426464 0 0 0 
0.000475775 0 0 0 7.66989e-05 0 0 0 0.000116884 0 0 0 0.000468667 0 0 0 0.000127318 0 0 0 0.000345685 0 0 0 0.000165868 0 0 0 0.00011272 0 0 0 
0.000114111 0 0 0 0.000124059 0 0 0 7.71612e-05 0 0 0 2.81955e-05 0 0 0 1.22911e-05 0 0 0 8.02113e-06 0 0 0 1.04312e-05 0 0 0 1.88454e-05 0 0 0 
2.00021e-05 0 0 0 1.2034e-05 0 0 0 7.7226e-06 0 0 0 0.000703838 0 0 0 0.000730815 0 0 0 4.03763e-05 0 0 0 0.000111092 0 0 0 0.000347338 0 0 0 
3.79978e-05 0 0 0 0.000132416 0 0 0 0.00040341 0 0 0 0.000550178 0 0 0 4.97237e-05 0 0 0 8.27555e-05 0 0 0 0.000173054 0 0 0 7.47413e-05 0 0 0 
6.30535e-05 0 0 0 0.000352971 0 0 0 0.000746143 0 0 0 0.000673652 0 0 0 0.00112918 0 0 0 0.00166507 0 0 0 0.0037294 0 0 0 0.00893898 0 0 0 
0.00713267 0 0 0 0.00163516 0 0 0 0.000669372 0 0 0 0.000290188 0 0 0 0.000186345 0 0 0 0.000156623 0 0 0 0.000291813 0 0 0 0.000260619 0 0 0 
0.000782138 0 0 0 0.000897079 0 0 0 0.000516586 0 0 0 0.000270092 0 0 0 0.000310632 0 0 0 0.000773387 0 0 0 0.000394507 0 0 0 0.000363094 0 0 0 
0.000519828 0 0 0 0.00059254 0 0 0 0.000322129 0 0 0 0.000438837 0 0 0 0.000757474 0 0 0 0.00105156 0 0 0 0.00327037 0 0 0 0.00516867 0 0 0 
0.00576294 0 0 0 0.0104842 0 0 0 0.0201289 0 0 0 0.0209747 0 0 0 0.0134548 0 0 0 0.00437573 0 0 0 0.000864435 0 0 0 0.000303112 0 0 0 
0.000775704 0 0 0 0.000798271 0 0 0 0.00036803 0 0 0 0.000375566 0 0 0 0.000337226 0 0 0 0.000260389 0 0 0 0.000677707 0 0 0 0.000973918 0 0 0 
0.000779412 0 0 0 0.000506738 0 0 0 0.000304106 0 0 0 0.000289167 0 0 0 0.000239855 0 0 0 0.000124027 0 0 0 0.000726933 0 0 0 0.00063984 0 0 0 
0.000601779 0 0 0 0.000894695 0 0 0 0.000238389 0 0 0 0.000360416 0 0 0 0.000867054 0 0 0 8.62538e-05 0 0 0 0.000119927 0 0 0 0.000233673 0 0 0 
0.000563779 0 0 0 0.00088941 0 0 0 0.000343993 0 0 0 0.000812048 0 0 0 0.000327561 0 0 0 3.90174e-05 0 0 0 0.000393715 0 0 0 0.000415276 0 0 0 
0.000669841 0 0 0 0.000826212 0 0 0 0.000825971 0 0 0 0.000752579 0 0 0 0.00047317 0 0 0 0.000220823 0 0 0 9.05172e-05 0 0 0 4.84517e-05 0 0 0 
5.83031e-05 0 0 0 5.56052e-05 0 0 0 6.83685e-05 0 0 0 0.000111808 0 0 0 0.000197577 0 0 0 0.000326912 0 0 0 0.000531807 0 0 0 0.000825346 0 0 0 
0.000144357 0 0 0 0.000742281 0 0 0 0.000161685 0 0 0 4.81863e-05 0 0 0 0.0007436 0 0 0 0.00074362 0 0 0 0.00024691 0 0 0 0.00011188 0 0 0 
0.000177174 0 0 0 3.01559e-05 0 0 0 0.000589461 0 0 0 0.000945555 0 0 0 0.000347895 0 0 0 0.000108215 0 0 0 6.1369e-05 0 0 0 5.24241e-05 0 0 0 
5.67098e-05 0 0 0 5.61293e-05 0 0 0 3.43195e-05 0 0 0 0.000986764 0 0 0 0.000579413 0 0 0 0.000460095 0 0 0 0.000573547 0 0 0 3.9938e-06 0 0 0 
4.39898e-06 0 0 0 0.000689424 0 0 0 0.000452135 0 0 0 0.000396381 0 0 0 0.000467742 0 0 0 0.000709422 0 0 0 5.38826e-05 0 0 0 0.000181995 0 0 0 
0.000505342 0 0 0 5.44995e-05 0 0 0 0.000162801 0 0 0 0.000564703 0 0 0 1.76511e-05 0 0 0 2.66527e-05 0 0 0 6.39309e-05 0 0 0 0.000593596 0 0 0 
0.000432231 0 0 0 0.000107979 0 0 0 0.000318381 0 0 0 0.00083138 0 0 0 0.00114249 0 0 0 0.00168795 0 0 0 0.00335617 0 0 0 0.00803342 0 0 0 
0.00934099 0 0 0 0.00262226 0 0 0 0.000664336 0 0 0 0.000215459 0 0 0 0.000107636 0 0 0 7.4066e-05 0 0 0 0.000131745 0 0 0 0.000561192 0 0 0 
0.000517772 0 0 0 0.000903527 0 0 0 0.000976435 0 0 0 0.000887499 0 0 0 0.000907283 0 0 0 0.000587585 0 0 0 0.000304879 0 0 0 0.000326475 0 0 0 
0.000516871 0 0 0 0.000318566 0 0 0 0.000371646 0 0 0 0.000593661 0 0 0 0.00052522 0 0 0 0.000955363 0 0 0 0.00246347 0 0 0 0.00453538 0 0 0 
0.00479419 0 0 0 0.00906058 0 0 0 0.0190755 0 0 0 0.0184008 0 0 0 0.0111518 0 0 0 0.00375787 0 0 0 0.000501066 0 0 0 0.000101654 0 0 0 
0.000250996 0 0 0 0.000296226 0 0 0 0.000131251 0 0 0 0.000894523 0 0 0 0.000855849 0 0 0 0.000716176 0 0 0 0.000728933 0 0 0 0.00040065 0 0 0 
0.000343767 0 0 0 0.000250217 0 0 0 0.000137288 0 0 0 9.87055e-05 0 0 0 7.28666e-05 0 0 0 0.000728728 0 0 0 0.000663885 0 0 0 0.000525716 0 0 0 
0.00041586 0 0 0 0.000512359 0 0 0 0.000683029 0 0 0 0.000134866 0 0 0 0.000374662 0 0 0 0.00067158 0 0 0 8.31557e-05 0 0 0 0.000177116 0 0 0 
0.000376191 0 0 0 0.000965409 0 0 0 0.000399538 0 0 0 0.000754708 0 0 0 0.000238022 0 0 0 2.70454e-05 0 0 0 0.000399536 0 0 0 0.000123189 0 0 0 
0.000362949 0 0 0 0.000240702 0 0 0 0.00068887 0 0 0 0.000617642 0 0 0 0.000918741 0 0 0 0.000441195 0 0 0 0.000169982 0 0 0 8.07436e-05 0 0 0 
0.000119367 0 0 0 0.000106595 0 0 0 0.000130508 0 0 0 0.000205136 0 0 0 0.000320025 0 0 0 0.00045253 0 0 0 0.000665589 0 0 0 0.000898186 0 0 0 
0.000148009 0 0 0 0.000695963 0 0 0 7.66159e-05 0 0 0 0.000909019 0 0 0 0.000292871 0 0 0 0.0003859 0 0 0 0.0001192 0 0 0 5.00778e-05 0 0 0 
6.94808e-05 0 0 0 0.000418806 0 0 0 0.000577456 0 0 0 0.000717441 0 0 0 0.000160329 0 0 0 4.86786e-05 0 0 0 0.00090486 0 0 0 0.000856358 0 0 0 
0.00097922 0 0 0 0.000908562 0 0 0 0.000641228 0 0 0 0.000320528 0 0 0 0.000164698 0 0 0 0.000140633 0 0 0 0.000209839 0 0 0 0.000392521 0 0 0 
0.000370487 0 0 0 0.000189436 0 0 0 0.000131725 0 0 0 0.000141156 0 0 0 0.000195033 0 0 0 0.00029482 0 0 0 0.000605998 0 0 0 6.90848e-05 0 0 0 
0.000231856 0 0 0 0.000500759 0 0 0 9.6943e-05 0 0 0 0.000448141 0 0 0 0.000332634 0 0 0 0.00070817 0 0 0 2.05884e-05 0 0 0 0.000204462 0 0 0 
0.000115813 0 0 0 0.000847186 0 0 0 0.000314988 0 0 0 0.000714157 0 0 0 0.000998562 0 0 0 0.00126697 0 0 0 0.00321061 0 0 0 0.00883763 0 0 0 
0.0101973 0 0 0 0.00310224 0 0 0 0.000616298 0 0 0 0.000193351 0 0 0 9.22581e-05 0 0 0 5.50917e-05 0 0 0 9.59894e-05 0 0 0 0.000404204 0 0 0 
0.000573466 0 0 0 0.000847827 0 0 0 0.000863565 0 0 0 0.000410157 0 0 0 0.000552359 0 0 0 0.000571417 0 0 0 0.000362873 0 0 0 0.00039148 0 0 0 
0.0006037 0 0 0 0.000232835 0 0 0 0.00042108 0 0 0 0.000622667 0 0 0 0.000506565 0 0 0 0.000929046 0 0 0 0.00218918 0 0 0 0.00386969 0 0 0 
0.0040754 0 0 0 0.00777985 0 0 0 0.0193468 0 0 0 0.0283484 0 0 0 0.0178696 0 0 0 0.00435906 0 0 0 0.000971568 0 0 0 0.000599773 0 0 0 
0.000564485 0 0 0 0.000150206 0 0 0 0.000634418 0 0 0 0.000539106 0 0 0 0.000779216 0 0 0 0.000737746 0 0 0 0.000613499 0 0 0 0.000272507 0 0 0 
0.000185245 0 0 0 0.000122995 0 0 0 8.34917e-05 0 0 0 6.81146e-05 0 0 0 0.000846577 0 0 0 0.000542295 0 0 0 0.000461441 0 0 0 0.000304765 0 0 0 
0.000232678 0 0 0 0.000222521 0 0 0 0.000245401 0 0 0 0.000678867 0 0 0 0.000156813 0 0 0 0.000264981 0 0 0 0.000384574 0 0 0 0.00060989 0 0 0 
0.000208268 0 0 0 0.000677323 0 0 0 0.000174677 0 0 0 0.000450217 0 0 0 0.000152954 0 0 0 1.63814e-05 0 0 0 0.000176826 0 0 0 7.12088e-05 0 0 0 
0.000815044 0 0 0 0.000454275 0 0 0 0.000217999 0 0 0 0.000601583 0 0 0 0.000750577 0 0 0 0.000355717 0 0 0 0.000425183 0 0 0 0.000182373 0 0 0 
0.000254606 0 0 0 0.000200495 0 0 0 0.0002547 0 0 0 0.000401036 0 0 0 0.000577148 0 0 0 0.000768591 0 0 0 7.56973e-05 0 0 0 0.000116602 0 0 0 
0.00024316 0 0 0 0.00086174 0 0 0 0.000729251 0 0 0 0.000335686 0 0 0 0.000191545 0 0 0 0.000388582 0 0 0 0.000110487 0 0 0 0.000877481 0 0 0 
0.00099436 0 0 0 0.000161239 0 0 0 0.000652112 0 0 0 0.000896854 0 0 0 0.00014877 0 0 0 0.000811257 0 0 0 0.0003906 0 0 0 0.000292723 0 0 0 
0.000305769 0 0 0 0.000312805 0 0 0 0.000215485 0 0 0 8.7793e-05 0 0 0 3.93724e-05 0 0 0 3.13513e-05 0 0 0 5.38813e-05 0 0 0 0.000111651 0 0 0 
0.000101849 0 0 0 4.99247e-05 0 0 0 2.95182e-05 0 0 0 2.96451e-05 0 0 0 4.69929e-05 0 0 0 9.75454e-05 0 0 0 0.000231103 0 0 0 0.000799135 0 0 0 
9.26829e-05 0 0 0 0.00028632 0 0 0 0.000708715 0 0 0 0.00053885 0 0 0 0.000109509 0 0 0 0.000209881 0 0 0 0.000476536 0 0 0 0.000114514 0 0 0 
7.93372e-05 0 0 0 0.000718555 0 0 0 0.000406761 0 0 0 0.000739955 0 0 0 0.000986932 0 0 0 0.00124979 0 0 0 0.00356766 0 0 0 0.00983385 0 0 0 
0.00778653 0 0 0 0.00193445 0 0 0 0.000397037 0 0 0 0.000608396 0 0 0 0.000508539 0 0 0 0.000463214 0 0 0 0.000865053 0 0 0 0.000407856 0 0 0 
0.000807205 0 0 0 0.000991896 0 0 0 0.000649245 0 0 0 0.00027348 0 0 0 0.000361591 0 0 0 0.000504731 0 0 0 0.000759199 0 0 0 0.000612639 0 0 0 
0.000717661 0 0 0 0.000150554 0 0 0 0.000589579 0 0 0 0.000583172 0 0 0 0.000574023 0 0 0 0.00122661 0 0 0 0.00290005 0 0 0 0.00437599 0 0 0 
0.00489891 0 0 0 0.00900227 0 0 0 0.0204151 0 0 0 0.0323139 0 0 0 0.0215599 0 0 0 0.00509061 0 0 0 0.000983294 0 0 0 0.000438593 0 0 0 
0.000717164 0 0 0 0.000153855 0 0 0 0.000593243 0 0 0 0.000579797 0 0 0 0.00079858 0 0 0 0.000700459 0 0 0 0.000709957 0 0 0 0.000300902 0 0 0 
0.000168075 0 0 0 0.000874833 0 0 0 0.000753605 0 0 0 0.000879988 0 0 0 0.000639312 0 0 0 0.000301884 0 0 0 0.00017415 0 0 0 0.000128357 0 0 0 
0.000793885 0 0 0 0.000947443 0 0 0 0.000238718 0 0 0 0.000520608 0 0 0 9.14085e-05 0 0 0 0.000137809 0 0 0 0.000175494 0 0 0 0.000294554 0 0 0 
0.000664407 0 0 0 0.000624003 0 0 0 0.000608311 0 0 0 0.0001943 0 0 0 0.000102848 0 0 0 0.000811655 0 0 0 0.000101966 0 0 0 2.72565e-05 0 0 0 
0.000806074 0 0 0 0.000508159 0 0 0 0.000218767 0 0 0 0.00091637 0 0 0 0.000839133 0 0 0 0.000487628 0 0 0 0.000242498 0 0 0 0.000451845 0 0 0 
0.000480199 0 0 0 0.000351252 0 0 0 0.000402431 0 0 0 0.000617147 0 0 0 0.000889457 0 0 0 9.29667e-05 0 0 0 0.000144119 0 0 0 0.000231735 0 0 0 
0.000548984 0 0 0 0.000144964 0 0 0 0.000884922 0 0 0 0.000250587 0 0 0 0.000186226 0 0 0 0.00041041 0 0 0 6.94108e-05 0 0 0 0.000434219 0 0 0 
0.000475775 0 0 0 7.66989e-05 0 0 0 0.000116884 0 0 0 0.000468667 0 0 0 0.000127318 0 0 0 0.000345685 0 0 0 0.000165868 0 0 0 0.00011272 0 0 0 
0.000114111 0 0 0 0.000124059 0 0 0 7.71612e-05 0 0 0 2.81955e-05 0 0 0 1.22911e-05 0 0 0 8.02113e-06 0 0 0 1.04312e-05 0 0 0 1.88454e-05 0 0 0 
2.00021e-05 0 0 0 1.2034e-05 0 0 0 7.7226e-06 0 0 0 0.000703838 0 0 0 0.000730815 0 0 0 4.03763e-05 0 0 0 0.000111092 0 0 0 0.000347338 0 0 0 
3.79978e-05 0 0 0 0.000132416 0 0 0 0.00040341 0 0 0 0.000550178 0 0 0 4.97237e-05 0 0 0 8.27555e-05 0 0 0 0.000173054 0 0 0 7.47413e-05 0 0 0 
6.30535e-05 0 0 0 0.000352971 0 0 0 0.000746143 0 0 0 0.000673652 0 0 0 0.00112918 0 0 0 0.00166507 0 0 0 0.0037294 0 0 0 0.00893898 0 0 0 
0.00713267 0 0 0 0.00163516 0 0 0 0.000669372 0 0 0 0.000290188 0 0 0 0.000186345 0 0 0 0.000156623 0 0 0 0.000291813 0 0 0 0.000260619 0 0 0 
0.000782138 0 0 0 0.000897079 0 0 0 0.000516586 0 0 0 0.000270092 0 0 0 0.000310632 0 0 0 0.000773387 0 0 0 0.000394507 0 0 0 0.000363094 0 0 0 
0.000519828 0 0 0 0.00059254 0 0 0 0.000322129 0 0 0 0.000438837 0 0 0 0.000757474 0 0 0 0.00105156 0 0 0 0.00327037 0 0 0 0.00516867 0 0 0 
0.00576294 0 0 0 0.0104842 0 0 0 0.0201289 0 0 0 0.0209747 0 0 0 0.0134548 0 0 0 0.00437573 0 0 0 0.000864435 0 0 0 0.000303112 0 0 0 
0.000775704 0 0 0 0.000798271 0 0 0 0.00036803 0 0 0 0.000375566 0 0 0 0.000337226 0 0 0 0.000260389 0 0 0 0.000677707 0 0 0 0.000973918 0 0 0 
0.000779412 0 0 0 0.000506738 0 0 0 0.000304106 0 0 0 0.000289167 0 0 0 0.000239855 0 0 0 0.000124027 0 0 0 0.000726933 0 0 0 0.00063984 0 0 0 
0.000601779 0 0 0 0.000894695 0 0 0 0.000238389 0 0 0 0.000360416 0 0 0 0.000867054 0 0 0 8.62538e-05 0 0 0 0.000119927 0 0 0 0.000233673 0 0 0 
0.000563779 0 0 0 0.00088941 0 0 0 0.000477309 0 0 0 0.000101177 0 0 0 6.23509e-05 0 0 0 0.000544691 0 0 0 8.96766e-05 0 0 0 2.3892e-05 0 0 0 
1.51534e-05 0 0 0 0.000956878 0 0 0 0.000564123 0 0 0 0.000368777 0 0 0 0.00047451 0 0 0 0.000434881 0 0 0 0.000906314 0 0 0 0.000953616 0 0 0 
0.00074558 0 0 0 0.000552018 0 0 0 0.0005548 0 0 0 0.00078452 0 0 0 8.27813e-05 0 0 0 0.000120474 0 0 0 0.000206977 0 0 0 0.000409011 0 0 0 
0.000238621 0 0 0 0.000161373 0 0 0 2.11073e-05 0 0 0 0.000217208 0 0 0 0.000126054 0 0 0 0.000302788 0 0 0 0.00050797 0 0 0 0.000177019 0 0 0 
0.000226672 0 0 0 3.1194e-05 0 0 0 0.000589461 0 0 0 0.000945555 0 0 0 0.000347895 0 0 0 0.000108215 0 0 0 6.1369e-05 0 0 0 5.24241e-05 0 0 0 
5.67098e-05 0 0 0 5.61293e-05 0 0 0 3.43195e-05 0 0 0 0.000986764 0 0 0 0.000579413 0 0 0 0.000460095 0 0 0 0.000573547 0 0 0 3.9938e-06 0 0 0 
4.39898e-06 0 0 0 0.000689424 0 0 0 0.000452135 0 0 0 0.000396381 0 0 0 0.000467742 0 0 0 0.000709422 0 0 0 5.38826e-05 0 0 0 0.000181995 0 0 0 
0.000505342 0 0 0 5.44995e-05 0 0 0 0.000162801 0 0 0 0.000564703 0 0 0 1.76511e-05 0 0 0 2.66527e-05 0 0 0 6.39309e-05 0 0 0 0.000606859 0 0 0 
0.000484565 0 0 0 0.000118408 0 0 0 0.000318381 0 0 0 0.00083138 0 0 0 0.00114249 0 0 0 0.00168795 0 0 0 0.00335617 0 0 0 0.00803342 0 0 0 
0.00934099 0 0 0 0.00262226 0 0 0 0.000664336 0 0 0 0.000215459 0 0 0 0.000107636 0 0 0 7.4066e-05 0 0 0 0.000131745 0 0 0 0.000561192 0 0 0 
0.000517772 0 0 0 0.000903527 0 0 0 0.000976435 0 0 0 0.000887499 0 0 0 0.000907283 0 0 0 0.000587585 0 0 0 0.000304879 0 0 0 0.000326475 0 0 0 
0.000516871 0 0 0 0.000318566 0 0 0 0.000371646 0 0 0 0.000593661 0 0 0 0.00052522 0 0 0 0.000955363 0 0 0 0.00246347 0 0 0 0.00453538 0 0 0 
0.00479419 0 0 0 0.00906058 0 0 0 0.0190755 0 0 0 0.0184008 0 0 0 0.0111518 0 0 0 0.00375787 0 0 0 0.000501066 0 0 0 0.000101654 0 0 0 
0.000250996 0 0 0 0.000296226 0 0 0 0.000131251 0 0 0 0.000894523 0 0 0 0.000855849 0 0 0 0.000716176 0 0 0 0.000728933 0 0 0 0.00040065 0 0 0 
0.000343767 0 0 0 0.000250217 0 0 0 0.000137288 0 0 0 9.87055e-05 0 0 0 7.28666e-05 0 0 0 0.000728728 0 0 0 0.000663885 0 0 0 0.000529266 0 0 0 
0.00041586 0 0 0 0.000512359 0 0 0 0.000683029 0 0 0 0.000134866 0 0 0 0.000374662 0 0 0 0.00067158 0 0 0 8.31557e-05 0 0 0 0.000177116 0 0 0 
0.000376191 0 0 0 0.000965409 0 0 0 0.000428358 0 0 0 6.37552e-05 0 0 0 0.000819614 0 0 0 0.000200123 0 0 0 5.38578e-05 0 0 0 2.6438e-05 0 0 0 
1.94065e-05 0 0 0 2.20544e-05 0 0 0 2.56865e-05 0 0 0 2.09422e-05 0 0 0 2.25123e-05 0 0 0 2.98855e-05 0 0 0 0.000949199 0 0 0 0.000637734 0 0 0 
0.000308625 0 0 0 0.000805032 0 0 0 0.000826001 0 0 0 7.65742e-05 0 0 0 0.00013435 0 0 0 0.000226329 0 0 0 0.000455719 0 0 0 9.94558e-05 0 0 0 
0.000376881 0 0 0 0.000108731 0 0 0 0.000707088 0 0 0 0.000106476 0 0 0 0.00096757 0 0 0 0.00023138 0 0 0 0.000292059 0 0 0 0.000109804 0 0 0 
0.000119164 0 0 0 0.000480631 0 0 0 0.000577456 0 0 0 0.000717441 0 0 0 0.000160329 0 0 0 4.86786e-05 0 0 0 0.00090486 0 0 0 0.000856358 0 0 0 
0.00097922 0 0 0 0.000908562 0 0 0 0.000641228 0 0 0 0.000320528 0 0 0 0.000164698 0 0 0 0.000140633 0 0 0 0.000209839 0 0 0 0.000392521 0 0 0 
0.000370487 0 0 0 0.000189436 0 0 0 0.000131725 0 0 0 0.000141156 0 0 0 0.000195033 0 0 0 0.00029482 0 0 0 0.000605998 0 0 0 6.90848e-05 0 0 0 
0.000231856 0 0 0 0.000500759 0 0 0 9.6943e-05 0 0 0 0.000448141 0 0 0 0.000332634 0 0 0 0.00070817 0 0 0 2.05884e-05 0 0 0 0.00020903 0 0 0 
0.000134869 0 0 0 9.31162e-05 0 0 0 0.000339139 0 0 0 0.000733389 0 0 0 0.00103213 0 0 0 0.00128777 0 0 0 0.00321061 0 0 0 0.00883763 0 0 0 
0.0101973 0 0 0 0.00310224 0 0 0 0.000616298 0 0 0 0.000193351 0 0 0 9.22581e-05 0 0 0 5.50917e-05 0 0 0 9.59894e-05 0 0 0 0.000404204 0 0 0 
0.000573466 0 0 0 0.000847827 0 0 0 0.000863565 0 0 0 0.000410157 0 0 0 0.000552359 0 0 0 0.000571417 0 0 0 0.000362873 0 0 0 0.00039148 0 0 0 
0.0006037 0 0 0 0.000232835 0 0 0 0.00042108 0 0 0 0.000622667 0 0 0 0.000506565 0 0 0 0.000929046 0 0 0 0.00218918 0 0 0 0.00386969 0 0 0 
0.0040754 0 0 0 0.00777985 0 0 0 0.0193468 0 0 0 0.0283484 0 0 0 0.0178696 0 0 0 0.00435906 0 0 0 0.000366644 0 0 0 0.000623858 0 0 0 
0.000564485 0 0 0 0.000150206 0 0 0 0.000634418 0 0 0 0.000539106 0 0 0 0.000779216 0 0 0 0.000737746 0 0 0 0.000640275 0 0 0 0.00028657 0 0 0 
0.000190346 0 0 0 0.000133633 0 0 0 9.31947e-05 0 0 0 7.24759e-05 0 0 0 0.000892881 0 0 0 0.00062586 0 0 0 0.000560372 0 0 0 0.000364569 0 0 0 
0.000263226 0 0 0 0.000229955 0 0 0 0.000245401 0 0 0 0.000678867 0 0 0 0.000156813 0 0 0 0.000264981 0 0 0 0.000384574 0 0 0 0.00060989 0 0 0 
0.000208268 0 0 0 0.000677323 0 0 0 0.000174677 0 0 0 0.000472303 0 0 0 0.000256564 0 0 0 6.22795e-05 0 0 0 1.72676e-05 0 0 0 0.000889062 0 0 0 
1.05659e-05 0 0 0 0.000903229 0 0 0 0.000665183 0 0 0 0.000725595 0 0 0 0.000881544 0 0 0 0.000822415 0 0 0 0.000535235 0 0 0 0.000610124 0 0 0 
0.000697099 0 0 0 0.000238754 0 0 0 0.000138559 0 0 0 0.000171849 0 0 0 0.000338561 0 0 0 0.000727446 0 0 0 8.48872e-05 0 0 0 0.000215924 0 0 0 
0.00063638 0 0 0 6.68176e-05 0 0 0 0.000267727 0 0 0 4.50706e-05 0 0 0 0.000597621 0 0 0 0.000928775 0 0 0 0.000220832 0 0 0 7.16782e-05 0 0 0 
5.7899e-05 0 0 0 0.000201007 0 0 0 0.000652112 0 0 0 0.000896854 0 0 0 0.00014877 0 0 0 0.000811257 0 0 0 0.0003906 0 0 0 0.000292723 0 0 0 
0.000305769 0 0 0 0.000312805 0 0 0 0.000215485 0 0 0 8.7793e-05 0 0 0 3.93724e-05 0 0 0 3.13513e-05 0 0 0 5.38813e-05 0 0 0 0.000111651 0 0 0 
0.000101849 0 0 0 4.99247e-05 0 0 0 2.95182e-05 0 0 0 2.96451e-05 0 0 0 4.69929e-05 0 0 0 9.75454e-05 0 0 0 0.000231103 0 0 0 0.000799135 0 0 0 
9.26829e-05 0 0 0 0.00028632 0 0 0 0.000708715 0 0 0 0.00053885 0 0 0 0.000109509 0 0 0 0.000209881 0 0 0 0.000476536 0 0 0 0.000114514 0 0 0 
8.24126e-05 0 0 0 0.000817859 0 0 0 0.000455974 0 0 0 0.000831149 0 0 0 0.00111549 0 0 0 0.00128659 0 0 0 0.00356766 0 0 0 0.00983385 0 0 0 
0.00778653 0 0 0 0.00193445 0 0 0 0.000397037 0 0 0 0.000608396 0 0 0 0.000508539 0 0 0 0.000463214 0 0 0 0.000865053 0 0 0 0.000407856 0 0 0 
0.000807205 0 0 0 0.000991896 0 0 0 0.000649245 0 0 0 0.00027348 0 0 0 0.000361591 0 0 0 0.000504731 0 0 0 0.000759199 0 0 0 0.000612639 0 0 0 
0.000717661 0 0 0 0.000150554 0 0 0 0.000589579 0 0 0 0.000583172 0 0 0 0.000574023 0 0 0 0.00122661 0 0 0 0.00290005 0 0 0 0.00437599 0 0 0 
0.00489891 0 0 0 0.00900227 0 0 0 0.0204151 0 0 0 0.0323139 0 0 0 0.0215599 0 0 0 0.0051782 0 0 0 0.000492103 0 0 0 0.000477954 0 0 0 
0.000717164 0 0 0 0.000153855 0 0 0 0.000593243 0 0 0 0.000579797 0 0 0 0.00079858 0 0 0 0.000700459 0 0 0 0.000764413 0 0 0 0.000331994 0 0 0 
0.000186255 0 0 0 0.000105754 0 0 0 7.04064e-05 0 0 0 6.92256e-05 0 0 0 0.000884256 0 0 0 0.000525355 0 0 0 0.000338289 0 0 0 0.000231429 0 0 0 
0.000213719 0 0 0 0.00022425 0 0 0 0.000252331 0 0 0 0.000520608 0 0 0 9.14085e-05 0 0 0 0.000137809 0 0 0 0.000175494 0 0 0 0.000294554 0 0 0 
0.000664407 0 0 0 0.000624003 0 0 0 0.000608311 0 0 0 0.0001943 0 0 0 0.000118731 0 0 0 2.42898e-05 0 0 0 0.000323944 0 0 0 0.000152973 0 0 0 
0.000196614 0 0 0 0.000241657 0 0 0 0.000184653 0 0 0 0.000234255 0 0 0 0.000443366 0 0 0 0.000442988 0 0 0 0.00027036 0 0 0 0.000904268 0 0 0 
0.000176224 0 0 0 0.000732925 0 0 0 0.000351538 0 0 0 0.000394012 0 0 0 0.000772654 0 0 0 0.000812008 0 0 0 8.28386e-05 0 0 0 0.000165982 0 0 0 
0.000492535 0 0 0 4.44879e-05 0 0 0 0.00015977 0 0 0 3.03711e-05 0 0 0 0.000478158 0 0 0 0.000812021 0 0 0 0.000126238 0 0 0 0.000679813 0 0 0 
0.000638929 0 0 0 8.66355e-05 0 0 0 0.000116884 0 0 0 0.000468667 0 0 0 0.000127318 0 0 0 0.000345685 0 0 0 0.000165868 0 0 0 0.00011272 0 0 0 
0.000114111 0 0 0 0.000124059 0 0 0 7.71612e-05 0 0 0 2.81955e-05 0 0 0 1.22911e-05 0 0 0 8.02113e-06 0 0 0 1.04312e-05 0 0 0 1.88454e-05 0 0 0 
2.00021e-05 0 0 0 1.2034e-05 0 0 0 7.7226e-06 0 0 0 0.000703838 0 0 0 0.000730815 0 0 0 4.03763e-05 0 0 0 0.000111092 0 0 0 0.000347338 0 0 0 
3.79978e-05 0 0 0 0.000132416 0 0 0 0.00040341 0 0 0 0.000550178 0 0 0 4.97237e-05 0 0 0 8.27555e-05 0 0 0 0.000173054 0 0 0 7.47413e-05 0 0 0 
6.30535e-05 0 0 0 0.000362753 0 0 0 0.000776852 0 0 0 0.000736831 0 0 0 0.00123476 0 0 0 0.00168641 0 0 0 0.0037294 0 0 0 0.00893898 0 0 0 
0.00713267 0 0 0 0.00163516 0 0 0 0.000669372 0 0 0 0.000290188 0 0 0 0.000186345 0 0 0 0.000156623 0 0 0 0.000291813 0 0 0 0.000260619 0 0 0 
0.000782138 0 0 0 0.000897079 0 0 0 0.000516586 0 0 0 0.000270092 0 0 0 0.000310632 0 0 0 0.000773387 0 0 0 0.000394507 0 0 0 0.000363094 0 0 0 
0.000519828 0 0 0 0.00059254 0 0 0 0.000322129 0 0 0 0.000438837 0 0 0 0.000757474 0 0 0 0.00105156 0 0 0 0.00327037 0 0 0 0.00516867 0 0 0 
0.00576294 0 0 0 0.0104842 0 0 0 0.0201289 0 0 0 0.0209747 0 0 0 0.0134548 0 0 0 0.00446404 0 0 0 0.000931903 0 0 0 0.000320305 0 0 0 
0.000775704 0 0 0 0.000798271 0 0 0 0.00036803 0 0 0 0.000375566 0 0 0 0.000337226 0 0 0 0.000260389 0 0 0 0.000726469 0 0 0 0.000351894 0 0 0 
0.00021436 0 0 0 0.000766877 0 0 0 0.000552386 0 0 0 0.000644449 0 0 0 0.000598694 0 0 0 0.000377347 0 0 0 0.00028218 0 0 0 0.000242931 0 0 0 
0.000244323 0 0 0 0.000337743 0 0 0 0.000376494 0 0 0 0.000424743 0 0 0 0.000894042 0 0 0 8.62538e-05 0 0 0 0.000119927 0 0 0 0.000233673 0 0 0 
0.000563779 0 0 0 0.00088941 0 0 0 0.000477309 0 0 0 0.000101177 0 0 0 6.23509e-05 0 0 0 0.000592665 0 0 0 0.000123655 0 0 0 5.50562e-05 0 0 0 
6.62691e-05 0 0 0 0.000114773 0 0 0 0.000133155 0 0 0 0.000148836 0 0 0 0.000314098 0 0 0 0.000532418 0 0 0 0.000407098 0 0 0 9.43282e-05 0 0 0 
0.000405426 0 0 0 0.000317158 0 0 0 0.000995448 0 0 0 0.000987948 0 0 0 0.000424196 0 0 0 0.000504246 0 0 0 0.000751052 0 0 0 8.94928e-05 0 0 0 
0.000324366 0 0 0 2.82927e-05 0 0 0 0.000127691 0 0 0 0.000822001 0 0 0 0.000354017 0 0 0 0.000600527 0 0 0 0.000752363 0 0 0 0.000220349 0 0 0 
0.000244148 0 0 0 3.1194e-05 0 0 0 0.000589461 0 0 0 0.000945555 0 0 0 0.000347895 0 0 0 0.000108215 0 0 0 6.1369e-05 0 0 0 5.24241e-05 0 0 0 
5.67098e-05 0 0 0 5.61293e-05 0 0 0 3.43195e-05 0 0 0 0.000986764 0 0 0 0.000579413 0 0 0 0.000460095 0 0 0 0.000573547 0 0 0 3.9938e-06 0 0 0 
4.39898e-06 0 0 0 0.000689424 0 0 0 0.000452135 0 0 0 0.000396381 0 0 0 0.000467742 0 0 0 0.000709422 0 0 0 5.38826e-05 0 0 0 0.000181995 0 0 0 
0.000505342 0 0 0 5.44995e-05 0 0 0 0.000162801 0 0 0 0.000564703 0 0 0 1.76511e-05 0 0 0 2.66527e-05 0 0 0 6.39309e-05 0 0 0 0.000606859 0 0 0 
0.000484565 0 0 0 0.000118408 0 0 0 0.000318381 0 0 0 0.00083138 0 0 0 0.00114249 0 0 0 0.00168795 0 0 0 0.00335617 0 0 0 0.00803342 0 0 0 
0.00934099 0 0 0 0.00262226 0 0 0 0.000664336 0 0 0 0.000215459 0 0 0 0.000107636 0 0 0 7.4066e-05 0 0 0 0.000131745 0 0 0 0.000561192 0 0 0 
0.000517772 0 0 0 0.000903527 0 0 0 0.000976435 0 0 0 0.000887499 0 0 0 0.000907283 0 0 0 0.000587585 0 0 0 0.000304879 0 0 0 0.000326475 0 0 0 
0.000516871 0 0 0 0.000318566 0 0 0 0.000371646 0 0 0 0.000593661 0 0 0 0.00052522 0 0 0 0.000955363 0 0 0 0.00246347 0 0 0 0.00453538 0 0 0 
0.00479419 0 0 0 0.00906058 0 0 0 0.0190755 0 0 0 0.0184008 0 0 0 0.0111518 0 0 0 0.00375787 0 0 0 0.000507488 0 0 0 0.000102532 0 0 0 
0.000250996 0 0 0 0.000296226 0 0 0 0.000131251 0 0 0 0.000894523 0 0 0 0.000855849 0 0 0 0.000716176 0 0 0 0.000821262 0 0 0 0.000594522 0 0 0 
0.000655359 0 0 0 0.000507607 0 0 0 0.000353654 0 0 0 0.000389192 0 0 0 0.000347343 0 0 0 0.000288905 0 0 0 0.000382414 0 0 0 0.000415204 0 0 0 
0.000367594 0 0 0 0.000409751 0 0 0 0.000299975 0 0 0 0.000239622 0 0 0 0.000417247 0 0 0 0.00067158 0 0 0 8.31557e-05 0 0 0 0.000177116 0 0 0 
0.000376191 0 0 0 0.000965409 0 0 0 0.000428358 0 0 0 6.37552e-05 0 0 0 0.000819614 0 0 0 0.000200123 0 0 0 5.38578e-05 0 0 0 3.30894e-05 0 0 0 
3.89639e-05 0 0 0 6.39284e-05 0 0 0 0.000105699 0 0 0 0.000142693 0 0 0 0.000273912 0 0 0 0.00062537 0 0 0 0.00075172 0 0 0 0.000240186 0 0 0 
0.000573221 0 0 0 0.000360076 0 0 0 5.05219e-05 0 0 0 0.000460835 0 0 0 0.000396051 0 0 0 0.000460057 0 0 0 0.000782006 0 0 0 0.000110103 0 0 0 
0.000375827 0 0 0 1.60708e-05 0 0 0 6.54323e-05 0 0 0 0.00043656 0 0 0 0.000245035 0 0 0 0.000509817 0 0 0 0.000385264 0 0 0 0.00012219 0 0 0 
0.000126187 0 0 0 0.000480631 0 0 0 0.000577456 0 0 0 0.000717441 0 0 0 0.000160329 0 0 0 4.86786e-05 0 0 0 0.00090486 0 0 0 0.000856358 0 0 0 
0.00097922 0 0 0 0.000908562 0 0 0 0.000641228 0 0 0 0.000320528 0 0 0 0.000164698 0 0 0 0.000140633 0 0 0 0.000209839 0 0 0 0.000392521 0 0 0 
0.000370487 0 0 0 0.000189436 0 0 0 0.000131725 0 0 0 0.000141156 0 0 0 0.000195033 0 0 0 0.00029482 0 0 0 0.000605998 0 0 0 6.90848e-05 0 0 0 
0.000231856 0 0 0 0.000500759 0 0 0 9.6943e-05 0 0 0 0.000448141 0 0 0 0.000332634 0 0 0 0.00070817 0 0 0 2.05884e-05 0 0 0 0.00020903 0 0 0 
0.000134869 0 0 0 9.31162e-05 0 0 0 0.000339139 0 0 0 0.000733389 0 0 0 0.00103213 0 0 0 0.00128777 0 0 0 0.00321061 0 0 0 0.00883763 0 0 0 
0.0101973 0 0 0 0.00310224 0 0 0 0.000616298 0 0 0 0.000193351 0 0 0 9.22581e-05 0 0 0 5.50917e-05 0 0 0 9.59894e-05 0 0 0 0.000404204 0 0 0 
0.000573466 0 0 0 0.000847827 0 0 0 0.000863565 0 0 0 0.000410157 0 0 0 0.000552359 0 0 0 0.000571417 0 0 0 0.000362873 0 0 0 0.00039148 0 0 0 
0.0006037 0 0 0 0.000232835 0 0 0 0.00042108 0 0 0 0.000622667 0 0 0 0.000506565 0 0 0 0.000929046 0 0 0 0.00218918 0 0 0 0.00386969 0 0 0 
0.0040754 0 0 0 0.00777985 0 0 0 0.0193468 0 0 0 0.0283484 0 0 0 0.0178696 0 0 0 0.00435906 0 0 0 0.000373944 0 0 0 0.000636278 0 0 0 
0.000564485 0 0 0 0.000150206 0 0 0 0.000634418 0 0 0 0.000539106 0 0 0 0.000779216 0 0 0 0.000744706 0 0 0 0.000775421 0 0 0 0.000517411 0 0 0 
0.0005067 0 0 0 0.000417241 0 0 0 0.000322846 0 0 0 0.000360205 0 0 0 0.000327489 0 0 0 0.000317626 0 0 0 0.000501968 0 0 0 0.000660698 0 0 0 
0.000684202 0 0 0 0.000514724 0 0 0 0.000252638 0 0 0 0.000183295 0 0 0 0.0002264 0 0 0 0.000270388 0 0 0 0.000384574 0 0 0 0.00060989 0 0 0 
0.000208268 0 0 0 0.000677323 0 0 0 0.000174677 0 0 0 0.000472303 0 0 0 0.000256564 0 0 0 6.22795e-05 0 0 0 1.72676e-05 0 0 0 0.000904417 0 0 0 
1.22186e-05 0 0 0 1.56457e-05 0 0 0 2.24613e-05 0 0 0 4.7261e-05 0 0 0 0.000107283 0 0 0 0.000208889 0 0 0 0.000310255 0 0 0 0.000168131 0 0 0 
0.000715728 0 0 0 0.000335719 0 0 0 3.68113e-05 0 0 0 0.00045151 0 0 0 0.000456734 0 0 0 0.000675074 0 0 0 3.82512e-05 0 0 0 0.000145829 0 0 0 
0.000392364 0 0 0 0.000731266 0 0 0 2.83995e-05 0 0 0 0.000186289 0 0 0 0.000161815 0 0 0 0.000630425 0 0 0 0.000288259 0 0 0 7.70507e-05 0 0 0 
5.95348e-05 0 0 0 0.000201007 0 0 0 0.000652112 0 0 0 0.000896854 0 0 0 0.00014877 0 0 0 0.000811257 0 0 0 0.0003906 0 0 0 0.000292723 0 0 0 
0.000305769 0 0 0 0.000312805 0 0 0 0.000215485 0 0 0 8.7793e-05 0 0 0 3.93724e-05 0 0 0 3.13513e-05 0 0 0 5.38813e-05 0 0 0 0.000111651 0 0 0 
0.000101849 0 0 0 4.99247e-05 0 0 0 2.95182e-05 0 0 0 2.96451e-05 0 0 0 4.69929e-05 0 0 0 9.75454e-05 0 0 0 0.000231103 0 0 0 0.000799135 0 0 0 
9.26829e-05 0 0 0 0.00028632 0 0 0 0.000708715 0 0 0 0.00053885 0 0 0 0.000109509 0 0 0 0.000209881 0 0 0 0.000476536 0 0 0 0.000114514 0 0 0 
8.24126e-05 0 0 0 0.000817859 0 0 0 0.000455974 0 0 0 0.000831149 0 0 0 0.00111549 0 0 0 0.00128659 0 0 0 0.00356766 0 0 0 0.00983385 0 0 0 
0.00778653 0 0 0 0.00193445 0 0 0 0.000397037 0 0 0 0.000608396 0 0 0 0.000508539 0 0 0 0.000463214 0 0 0 0.000865053 0 0 0 0.000407856 0 0 0 
0.000807205 0 0 0 0.000991896 0 0 0 0.000649245 0 0 0 0.00027348 0 0 0 0.000361591 0 0 0 0.000504731 0 0 0 0.000759199 0 0 0 0.000612639 0 0 0 
0.000717661 0 0 0 0.000150554 0 0 0 0.000589579 0 0 0 0.000583172 0 0 0 0.000574023 0 0 0 0.00122661 0 0 0 0.00290005 0 0 0 0.00437599 0 0 0 
0.00489891 0 0 0 0.00900227 0 0 0 0.0204151 0 0 0 0.0323139 0 0 0 0.0215599 0 0 0 0.0051782 0 0 0 0.000501901 0 0 0 0.00048747 0 0 0 
0.000717164 0 0 0 0.000153855 0 0 0 0.000593243 0 0 0 0.000579797 0 0 0 0.00079858 0 0 0 0.000707067 0 0 0 0.000924302 0 0 0 0.000604726 0 0 0 
0.000531263 0 0 0 0.00044409 0 0 0 0.000347658 0 0 0 0.000419605 0 0 0 0.000480591 0 0 0 0.000482056 0 0 0 0.000607934 0 0 0 0.000926316 0 0 0 
0.000509776 0 0 0 0.000552538 0 0 0 0.000532261 0 0 0 0.000263198 0 0 0 0.000169788 0 0 0 0.000141839 0 0 0 0.000175494 0 0 0 0.000294554 0 0 0 
0.000664407 0 0 0 0.000624003 0 0 0 0.000608311 0 0 0 0.0001943 0 0 0 0.000118731 0 0 0 2.42898e-05 0 0 0 0.000323944 0 0 0 0.000152973 0 0 0 
0.00019905 0 0 0 0.000286335 0 0 0 0.000376619 0 0 0 0.000935164 0 0 0 2.36643e-05 0 0 0 4.76203e-05 0 0 0 7.10431e-05 0 0 0 4.513e-05 0 0 0 
0.000943991 0 0 0 0.000330637 0 0 0 3.24621e-05 0 0 0 0.000445653 0 0 0 0.000411757 0 0 0 0.000630315 0 0 0 2.92616e-05 0 0 0 7.48795e-05 0 0 0 
0.000181235 0 0 0 0.00047785 0 0 0 2.10738e-05 0 0 0 0.000120193 0 0 0 0.000105821 0 0 0 0.00076021 0 0 0 0.000159188 0 0 0 0.000703752 0 0 0 
0.000638929 0 0 0 8.66355e-05 0 0 0 0.000116884 0 0 0 0.000468667 0 0 0 0.000127318 0 0 0 0.000345685 0 0 0 0.000165868 0 0 0 0.00011272 0 0 0 
0.000114111 0 0 0 0.000124059 0 0 0 7.71612e-05 0 0 0 2.81955e-05 0 0 0 1.22911e-05 0 0 0 8.02113e-06 0 0 0 1.04312e-05 0 0 0 1.88454e-05 0 0 0 
2.00021e-05 0 0 0 1.2034e-05 0 0 0 7.7226e-06 0 0 0 0.000703838 0 0 0 0.000730815 0 0 0 4.03763e-05 0 0 0 0.000111092 0 0 0 0.000347338 0 0 0 
3.79978e-05 0 0 0 0.000132416 0 0 0 0.00040341 0 0 0 0.000550178 0 0 0 4.97237e-05 0 0 0 8.27555e-05 0 0 0 0.000173054 0 0 0 7.47413e-05 0 0 0 
6.30535e-05 0 0 0 0.000362753 0 0 0 0.000776852 0 0 0 0.000736831 0 0 0 0.00123476 0 0 0 0.00168641 0 0 0 0.0037294 0 0 0 0.00893898 0 0 0 
0.00713267 0 0 0 0.00163516 0 0 0 0.000669372 0 0 0 0.000290188 0 0 0 0.000186345 0 0 0 0.000156623 0 0 0 0.000291813 0 0 0 0.000260619 0 0 0 
0.000782138 0 0 0 0.000897079 0 0 0 0.000516586 0 0 0 0.000270092 0 0 0 0.000310632 0 0 0 0.000773387 0 0 0 0.000394507 0 0 0 0.000363094 0 0 0 
0.000519828 0 0 0 0.00059254 0 0 0 0.000322129 0 0 0 0.000438837 0 0 0 0.000757474 0 0 0 0.00105156 0 0 0 0.00327037 0 0 0 0.00516867 0 0 0 
0.00576294 0 0 0 0.0104842 0 0 0 0.0201289 0 0 0 0.0209747 0 0 0 0.0134548 0 0 0 0.00446404 0 0 0 0.000931903 0 0 0 0.000320305 0 0 0 
0.000775704 0 0 0 0.000798271 0 0 0 0.00036803 0 0 0 0.000375566 0 0 0 0.000337226 0 0 0 0.000260389 0 0 0 0.000821565 0 0 0 0.000568368 0 0 0 
0.000552152 0 0 0 0.000473715 0 0 0 0.00035101 0 0 0 0.00043239 0 0 0 0.00061791 0 0 0 0.000746152 0 0 0 0.000249965 0 0 0 0.000491943 0 0 0 
0.000988934 0 0 0 0.000575787 0 0 0 0.000828816 0 0 0 0.000295515 0 0 0 0.000120201 0 0 0 8.88833e-05 0 0 0 0.000119927 0 0 0 0.000233673 0 0 0 
0.000563779 0 0 0 0.00088941 0 0 0 0.000477309 0 0 0 0.000101177 0 0 0 6.23509e-05 0 0 0 0.000592665 0 0 0 0.000123655 0 0 0 5.50562e-05 0 0 0 
6.62691e-05 0 0 0 0.000119151 0 0 0 0.00020237 0 0 0 0.0003941 0 0 0 7.60824e-06 0 0 0 2.48944e-05 0 0 0 4.41469e-05 0 0 0 2.6544e-05 0 0 0 
0.000214254 0 0 0 0.000439131 0 0 0 3.981e-05 0 0 0 0.000411716 0 0 0 0.000278057 0 0 0 0.000358085 0 0 0 0.000705536 0 0 0 3.28528e-05 0 0 0 
7.51246e-05 0 0 0 0.000253989 0 0 0 0.000797654 0 0 0 9.19317e-05 0 0 0 0.000633014 0 0 0 0.000784087 0 0 0 0.00084172 0 0 0 0.000224629 0 0 0 
0.000244148 0 0 0 3.1194e-05 0 0 0 0.000589461 0 0 0 0.000945555 0 0 0 0.000347895 0 0 0 0.000108215 0 0 0 6.1369e-05 0 0 0 5.24241e-05 0 0 0 
5.67098e-05 0 0 0 5.61293e-05 0 0 0 3.43195e-05 0 0 0 0.000986764 0 0 0 0.000579413 0 0 0 0.000460095 0 0 0 0.000573547 0 0 0 3.9938e-06 0 0 0 
4.39898e-06 0 0 0 0.000689424 0 0 0 0.000452135 0 0 0 0.000396381 0 0 0 0.000467742 0 0 0 0.000709422 0 0 0 5.38826e-05 0 0 0 0.000181995 0 0 0 
0.000505342 0 0 0 5.44995e-05 0 0 0 0.000162801 0 0 0 0.000564703 0 0 0 1.76511e-05 0 0 0 2.66527e-05 0 0 0 6.39309e-05 0 0 0 0.000606859 0 0 0 
0.000484565 0 0 0 0.000118408 0 0 0 0.000318381 0 0 0 0.00083138 0 0 0 0.00114249 0 0 0 0.00168795 0 0 0 0.00335617 0 0 0 0.00803342 0 0 0 
0.00934099 0 0 0 0.00262226 0 0 0 0.000664336 0 0 0 0.000215459 0 0 0 0.000107636 0 0 0 7.4066e-05 0 0 0 0.000131745 0 0 0 0.000561192 0 0 0 
0.000517772 0 0 0 0.000903527 0 0 0 0.000976435 0 0 0 0.000887499 0 0 0 0.000907283 0 0 0 0.000587585 0 0 0 0.000304879 0 0 0 0.000326475 0 0 0 
0.000516871 0 0 0 0.000318566 0 0 0 0.000371646 0 0 0 0.000593661 0 0 0 0.00052522 0 0 0 0.000955363 0 0 0 0.00246347 0 0 0 0.00453538 0 0 0 
0.00479419 0 0 0 0.00906058 0 0 0 0.0190755 0 0 0 0.0184008 0 0 0 0.0111518 0 0 0 0.00375787 0 0 0 0.000507488 0 0 0 0.000102532 0 0 0 
0.000250996 0 0 0 0.000296226 0 0 0 0.000131251 0 0 0 0.000894523 0 0 0 0.000855849 0 0 0 0.000716176 0 0 0 0.000894346 0 0 0 0.00083128 0 0 0 
0.000458481 0 0 0 0.000457911 0 0 0 0.000390012 0 0 0 0.00044191 0 0 0 0.000595833 0 0 0 0.000887019 0 0 0 0.000550913 0 0 0 0.000133072 0 0 0 
0.000289158 0 0 0 0.000522651 0 0 0 0.000766641 0 0 0 0.000156041 0 0 0 0.00071904 0 0 0 0.000686111 0 0 0 8.31557e-05 0 0 0 0.000177116 0 0 0 
0.000391071 0 0 0 0.000722177 0 0 0 0.000457147 0 0 0 6.37552e-05 0 0 0 0.000819614 0 0 0 0.000200123 0 0 0 5.38578e-05 0 0 0 3.30894e-05 0 0 0 
3.89639e-05 0 0 0 6.39284e-05 0 0 0 0.000120401 0 0 0 0.000215102 0 0 0 0.000612609 0 0 0 1.47354e-05 0 0 0 4.15039e-05 0 0 0 3.33395e-05 0 0 0 
0.000260323 0 0 0 0.000572881 0 0 0 0.000982656 0 0 0 0.000288014 0 0 0 0.000194496 0 0 0 0.000247142 0 0 0 0.00056136 0 0 0 2.95322e-05 0 0 0 
5.41017e-05 0 0 0 0.000113205 0 0 0 0.000317626 0 0 0 5.19561e-05 0 0 0 0.000349439 0 0 0 0.000520299 0 0 0 0.000385264 0 0 0 0.00012219 0 0 0 
0.000126187 0 0 0 0.000480631 0 0 0 0.000577456 0 0 0 0.000717441 0 0 0 0.000160329 0 0 0 4.86786e-05 0 0 0 0.00090486 0 0 0 0.000856358 0 0 0 
0.00097922 0 0 0 0.000908562 0 0 0 0.000641228 0 0 0 0.000320528 0 0 0 0.000164698 0 0 0 0.000140633 0 0 0 0.000209839 0 0 0 0.000392521 0 0 0 
0.000370487 0 0 0 0.000189436 0 0 0 0.000131725 0 0 0 0.000141156 0 0 0 0.000195033 0 0 0 0.00029482 0 0 0 0.000605998 0 0 0 6.90848e-05 0 0 0 
0.000231856 0 0 0 0.000500759 0 0 0 9.6943e-05 0 0 0 0.000448141 0 0 0 0.000332634 0 0 0 0.00070817 0 0 0 2.05884e-05 0 0 0 0.00020903 0 0 0 
0.000134869 0 0 0 9.31162e-05 0 0 0 0.000339139 0 0 0 0.000733389 0 0 0 0.00103213 0 0 0 0.00128777 0 0 0 0.00321061 0 0 0 0.00883763 0 0 0 
0.0101973 0 0 0 0.00310224 0 0 0 0.000616298 0 0 0 0.000193351 0 0 0 9.22581e-05 0 0 0 5.50917e-05 0 0 0 9.59894e-05 0 0 0 0.000404204 0 0 0 
0.000573466 0 0 0 0.000847827 0 0 0 0.000863565 0 0 0 0.000410157 0 0 0 0.000552359 0 0 0 0.000571417 0 0 0 0.000362873 0 0 0 0.00039148 0 0 0 
0.0006037 0 0 0 0.000232835 0 0 0 0.00042108 0 0 0 0.000622667 0 0 0 0.000506565 0 0 0 0.000929046 0 0 0 0.00218918 0 0 0 0.00386969 0 0 0 
0.0040754 0 0 0 0.00777985 0 0 0 0.0201263 0 0 0 0.032298 0 0 0 0.0201907 0 0 0 0.00463454 0 0 0 0.000385367 0 0 0 0.000636278 0 0 0 
0.000564485 0 0 0 0.000150206 0 0 0 0.000634418 0 0 0 0.000539106 0 0 0 0.000779216 0 0 0 0.000744706 0 0 0 0.000809433 0 0 0 0.000639757 0 0 0 
0.000906366 0 0 0 0.000468779 0 0 0 0.000533864 0 0 0 0.00064436 0 0 0 0.000660077 0 0 0 0.000834254 0 0 0 0.000645506 0 0 0 0.000103376 0 0 0 
0.000280249 0 0 0 0.000380755 0 0 0 0.000519926 0 0 0 0.000532061 0 0 0 0.00030034 0 0 0 0.000270388 0 0 0 0.000384574 0 0 0 0.000620387 0 0 0 
0.000244738 0 0 0 0.000380956 0 0 0 0.000244966 0 0 0 0.000512995 0 0 0 0.000256564 0 0 0 6.22795e-05 0 0 0 1.72676e-05 0 0 0 0.000904417 0 0 0 
1.22186e-05 0 0 0 1.56457e-05 0 0 0 2.24613e-05 0 0 0 5.45729e-05 0 0 0 0.000182948 0 0 0 0.000658916 0 0 0 1.22454e-05 0 0 0 1.51059e-05 0 0 0 
9.19015e-05 0 0 0 0.000526191 0 0 0 0.000558624 0 0 0 0.000165928 0 0 0 0.000140176 0 0 0 0.000214209 0 0 0 0.000528519 0 0 0 2.52658e-05 0 0 0 
3.52769e-05 0 0 0 5.06082e-05 0 0 0 0.000104832 0 0 0 0.000399634 0 0 0 0.000204431 0 0 0 0.000630425 0 0 0 0.000288259 0 0 0 7.70507e-05 0 0 0 
5.95348e-05 0 0 0 0.000201007 0 0 0 0.000652112 0 0 0 0.000896854 0 0 0 0.00014877 0 0 0 0.000811257 0 0 0 0.0003906 0 0 0 0.000292723 0 0 0 
0.000305769 0 0 0 0.000312805 0 0 0 0.000215485 0 0 0 8.7793e-05 0 0 0 3.93724e-05 0 0 0 3.13513e-05 0 0 0 5.38813e-05 0 0 0 0.000111651 0 0 0 
0.000101849 0 0 0 4.99247e-05 0 0 0 2.95182e-05 0 0 0 2.96451e-05 0 0 0 4.69929e-05 0 0 0 9.75454e-05 0 0 0 0.000231103 0 0 0 0.000799135 0 0 0 
9.26829e-05 0 0 0 0.00028632 0 0 0 0.000708715 0 0 0 0.00053885 0 0 0 0.000109509 0 0 0 0.000209881 0 0 0 0.000476536 0 0 0 0.000114514 0 0 0 
8.24126e-05 0 0 0 0.000817859 0 0 0 0.000455974 0 0 0 0.000831149 0 0 0 0.00111549 0 0 0 0.00128659 0 0 0 0.00356766 0 0 0 0.00983385 0 0 0 
0.00778653 0 0 0 0.00193445 0 0 0 0.000397037 0 0 0 0.000608396 0 0 0 0.000508539 0 0 0 0.000463214 0 0 0 0.000865053 0 0 0 0.000407856 0 0 0 
0.000807205 0 0 0 0.000991896 0 0 0 0.000649245 0 0 0 0.00027348 0 0 0 0.000361591 0 0 0 0.000504731 0 0 0 0.000759199 0 0 0 0.000612639 0 0 0 
0.000717661 0 0 0 0.000150554 0 0 0 0.000589579 0 0 0 0.000583172 0 0 0 0.000574023 0 0 0 0.00122661 0 0 0 0.00290005 0 0 0 0.00437599 0 0 0 
0.00489891 0 0 0 0.0094603 0 0 0 0.0258259 0 0 0 0.0548372 0 0 0 0.0378223 0 0 0 0.00770682 0 0 0 0.000634116 0 0 0 0.000515456 0 0 0 
0.000717164 0 0 0 0.000153855 0 0 0 0.000593243 0 0 0 0.000579797 0 0 0 0.00079858 0 0 0 0.000707067 0 0 0 0.000924302 0 0 0 0.000684196 0 0 0 
0.00085264 0 0 0 0.000606318 0 0 0 0.000582679 0 0 0 0.000650189 0 0 0 0.000596685 0 0 0 0.000623553 0 0 0 0.00055116 0 0 0 0.000534305 0 0 0 
0.000199565 0 0 0 0.000321642 0 0 0 0.000783474 0 0 0 0.000418998 0 0 0 0.00018178 0 0 0 0.000141839 0 0 0 0.000175494 0 0 0 0.000301775 0 0 0 
0.000867874 0 0 0 0.000259413 0 0 0 8.53381e-05 0 0 0 0.00024075 0 0 0 0.000118731 0 0 0 2.42898e-05 0 0 0 0.000323944 0 0 0 0.000152973 0 0 0 
0.00019905 0 0 0 0.000286335 0 0 0 0.000376619 0 0 0 8.7877e-06 0 0 0 3.69857e-05 0 0 0 0.000118724 0 0 0 0.000306149 0 0 0 0.000323741 0 0 0 
0.000837051 0 0 0 0.000551012 0 0 0 0.000437014 0 0 0 0.000131441 0 0 0 9.78491e-05 0 0 0 0.000147858 0 0 0 0.000315675 0 0 0 0.000578571 0 0 0 
0.000913463 0 0 0 2.36923e-05 0 0 0 5.11546e-05 0 0 0 0.00018588 0 0 0 0.000117256 0 0 0 0.00076021 0 0 0 0.000159188 0 0 0 0.000703752 0 0 0 
0.000638929 0 0 0 8.66355e-05 0 0 0 0.000116884 0 0 0 0.000468667 0 0 0 0.000127318 0 0 0 0.000345685 0 0 0 0.000165868 0 0 0 0.00011272 0 0 0 
0.000114111 0 0 0 0.000124059 0 0 0 7.71612e-05 0 0 0 2.81955e-05 0 0 0 1.22911e-05 0 0 0 8.02113e-06 0 0 0 1.04312e-05 0 0 0 1.88454e-05 0 0 0 
2.00021e-05 0 0 0 1.2034e-05 0 0 0 7.7226e-06 0 0 0 0.000703838 0 0 0 0.000730815 0 0 0 4.03763e-05 0 0 0 0.000111092 0 0 0 0.000347338 0 0 0 
3.79978e-05 0 0 0 0.000132416 0 0 0 0.00040341 0 0 0 0.000550178 0 0 0 4.97237e-05 0 0 0 8.27555e-05 0 0 0 0.000173054 0 0 0 7.47413e-05 0 0 0 
6.30535e-05 0 0 0 0.000362753 0 0 0 0.000776852 0 0 0 0.000736831 0 0 0 0.00123476 0 0 0 0.00168641 0 0 0 0.0037294 0 0 0 0.00893898 0 0 0 
0.00713267 0 0 0 0.00163516 0 0 0 0.000669372 0 0 0 0.000290188 0 0 0 0.000186345 0 0 0 0.000156623 0 0 0 0.000291813 0 0 0 0.000260619 0 0 0 
0.000782138 0 0 0 0.000897079 0 0 0 0.000516586 0 0 0 0.000270092 0 0 0 0.000310632 0 0 0 0.000773387 0 0 0 0.000394507 0 0 0 0.000363094 0 0 0 
0.000519828 0 0 0 0.00059254 0 0 0 0.000322129 0 0 0 0.000438837 0 0 0 0.000757474 0 0 0 0.00105156 0 0 0 0.00327037 0 0 0 0.00516867 0 0 0 
0.00576294 0 0 0 0.0114697 0 0 0 0.0299217 0 0 0 0.0471193 0 0 0 0.0334498 0 0 0 0.00891322 0 0 0 0.000788279 0 0 0 0.000352388 0 0 0 
0.000775704 0 0 0 0.000798271 0 0 0 0.00036803 0 0 0 0.000375566 0 0 0 0.000337226 0 0 0 0.000260389 0 0 0 0.000821565 0 0 0 0.000610226 0 0 0 
0.000791294 0 0 0 0.000987485 0 0 0 0.000976815 0 0 0 0.000356057 0 0 0 0.000366696 0 0 0 0.000441039 0 0 0 0.000876002 0 0 0 0.000340222 0 0 0 
0.000845995 0 0 0 0.000255461 0 0 0 0.000818935 0 0 0 0.000337765 0 0 0 0.000120201 0 0 0 8.88833e-05 0 0 0 0.000119927 0 0 0 0.000235351 0 0 0 
0.000696558 0 0 0 0.000318772 0 0 0 0.000744771 0 0 0 0.000126773 0 0 0 6.23509e-05 0 0 0 0.000592665 0 0 0 0.000123655 0 0 0 5.50562e-05 0 0 0 
6.62691e-05 0 0 0 0.000119151 0 0 0 0.00020237 0 0 0 0.000446023 0 0 0 1.05371e-05 0 0 0 4.31848e-05 0 0 0 0.000110877 0 0 0 0.000108077 0 0 0 
0.000881045 0 0 0 0.000325895 0 0 0 0.000521977 0 0 0 0.00014021 0 0 0 6.85093e-05 0 0 0 8.09805e-05 0 0 0 0.000139616 0 0 0 0.000180645 0 0 0 
0.000252673 0 0 0 0.000560512 0 0 0 2.89249e-05 0 0 0 0.000113894 0 0 0 0.000654943 0 0 0 0.000784087 0 0 0 0.00084172 0 0 0 0.000224629 0 0 0 
0.000244148 0 0 0 3.1194e-05 0 0 0 0.000589461 0 0 0 0.000945555 0 0 0 0.000347895 0 0 0 0.000108215 0 0 0 6.1369e-05 0 0 0 5.24241e-05 0 0 0 
5.67098e-05 0 0 0 5.61293e-05 0 0 0 3.43195e-05 0 0 0 0.000986764 0 0 0 0.000579413 0 0 0 0.000460095 0 0 0 0.000573547 0 0 0 3.9938e-06 0 0 0 
4.39898e-06 0 0 0 0.000689424 0 0 0 0.000452135 0 0 0 0.000396381 0 0 0 0.000467742 0 0 0 0.000709422 0 0 0 5.38826e-05 0 0 0 0.000181995 0 0 0 
0.000505342 0 0 0 5.44995e-05 0 0 0 0.000162801 0 0 0 0.000564703 0 0 0 1.76511e-05 0 0 0 2.66527e-05 0 0 0 6.39309e-05 0 0 0 0.000606859 0 0 0 
0.000484565 0 0 0 0.000118408 0 0 0 0.000318381 0 0 0 0.00083138 0 0 0 0.00114249 0 0 0 0.00168795 0 0 0 0.00335617 0 0 0 0.00803342 0 0 0 
0.00934099 0 0 0 0.00262226 0 0 0 0.000664336 0 0 0 0.000215459 0 0 0 0.000107636 0 0 0 7.4066e-05 0 0 0 0.000131745 0 0 0 0.000561192 0 0 0 
0.000517772 0 0 0 0.000903527 0 0 0 0.000976435 0 0 0 0.000887499 0 0 0 0.000907283 0 0 0 0.000587585 0 0 0 0.000304879 0 0 0 0.000326475 0 0 0 
0.000516871 0 0 0 0.000318566 0 0 0 0.000371646 0 0 0 0.000593661 0 0 0 0.00052522 0 0 0 0.000955363 0 0 0 0.00246347 0 0 0 0.00453538 0 0 0 
0.00479419 0 0 0 0.0094323 0 0 0 0.0266306 0 0 0 0.0378114 0 0 0 0.0267591 0 0 0 0.00782272 0 0 0 0.0007209 0 0 0 0.000113951 0 0 0 
0.000270576 0 0 0 0.000307042 0 0 0 0.000131251 0 0 0 0.000894523 0 0 0 0.000855849 0 0 0 0.000716176 0 0 0 0.000900859 0 0 0 0.000888043 0 0 0 
0.000559074 0 0 0 0.000691087 0 0 0 0.000720013 0 0 0 0.000895737 0 0 0 0.000272414 0 0 0 0.000356637 0 0 0 0.000893346 0 0 0 0.000255584 0 0 0 
0.00064873 0 0 0 0.000902985 0 0 0 0.000446781 0 0 0 0.000183553 0 0 0 0.000775176 0 0 0 0.00075039 0 0 0 8.57453e-05 0 0 0 0.000178343 0 0 0 
0.000427312 0 0 0 0.000855059 0 0 0 0.000547845 0 0 0 7.00255e-05 0 0 0 0.000819614 0 0 0 0.000200123 0 0 0 5.38578e-05 0 0 0 3.30894e-05 0 0 0 
3.89639e-05 0 0 0 6.39284e-05 0 0 0 0.000120401 0 0 0 0.000226678 0 0 0 0.00071038 0 0 0 1.84627e-05 0 0 0 6.35623e-05 0 0 0 7.85684e-05 0 0 0 
0.000955597 0 0 0 0.000643497 0 0 0 0.0005274 0 0 0 0.000121331 0 0 0 5.59062e-05 0 0 0 5.19386e-05 0 0 0 7.05746e-05 0 0 0 8.58897e-05 0 0 0 
9.27892e-05 0 0 0 0.000154616 0 0 0 0.000430764 0 0 0 6.5895e-05 0 0 0 0.00037849 0 0 0 0.000520299 0 0 0 0.000385264 0 0 0 0.00012219 0 0 0 
0.000126187 0 0 0 0.000480631 0 0 0 0.000577456 0 0 0 0.000717441 0 0 0 0.000160329 0 0 0 4.86786e-05 0 0 0 0.00090486 0 0 0 0.000856358 0 0 0 
0.00097922 0 0 0 0.000908562 0 0 0 0.000641228 0 0 0 0.000320528 0 0 0 0.000164698 0 0 0 0.000140633 0 0 0 0.000209839 0 0 0 0.000392521 0 0 0 
0.000370487 0 0 0 0.000189436 0 0 0 0.000131725 0 0 0 0.000141156 0 0 0 0.000195033 0 0 0 0.00029482 0 0 0 0.000605998 0 0 0 6.90848e-05 0 0 0 
0.000231856 0 0 0 0.000500759 0 0 0 9.6943e-05 0 0 0 0.000448141 0 0 0 0.000332634 0 0 0 0.00070817 0 0 0 2.05884e-05 0 0 0 0.00020903 0 0 0 
0.000134869 0 0 0 9.31162e-05 0 0 0 0.000339139 0 0 0 0.000733389 0 0 0 0.00103213 0 0 0 0.00128777 0 0 0 0.00321061 0 0 0 0.00883763 0 0 0 
0.0101973 0 0 0 0.00310224 0 0 0 0.000616298 0 0 0 0.000193351 0 0 0 9.22581e-05 0 0 0 5.50917e-05 0 0 0 9.59894e-05 0 0 0 0.000404204 0 0 0 
0.000573466 0 0 0 0.000847827 0 0 0 0.000863565 0 0 0 0.000410157 0 0 0 0.000552359 0 0 0 0.000571417 0 0 0 0.000362873 0 0 0 0.00039148 0 0 0 
0.0006037 0 0 0 0.000232835 0 0 0 0.00042108 0 0 0 0.000622667 0 0 0 0.000506565 0 0 0 0.000929046 0 0 0 0.00218918 0 0 0 0.00386969 0 0 0 
0.0040754 0 0 0 0.00784163 0 0 0 0.0252889 0 0 0 0.0568454 0 0 0 0.0426983 0 0 0 0.00911473 0 0 0 0.000610876 0 0 0 0.000904745 0 0 0 
0.000800286 0 0 0 0.00020283 0 0 0 0.000764487 0 0 0 0.000594178 0 0 0 0.000799516 0 0 0 0.000754414 0 0 0 0.000913931 0 0 0 0.000821432 0 0 0 
0.000548373 0 0 0 0.000684789 0 0 0 0.000746918 0 0 0 0.000894081 0 0 0 0.000997055 0 0 0 0.000294854 0 0 0 0.000685929 0 0 0 0.000126734 0 0 0 
0.000472009 0 0 0 0.000680445 0 0 0 0.000829378 0 0 0 0.000740911 0 0 0 0.000404955 0 0 0 0.000363061 0 0 0 0.000440459 0 0 0 0.000640033 0 0 0 
0.000250111 0 0 0 0.000388439 0 0 0 0.000244966 0 0 0 0.000512995 0 0 0 0.000256564 0 0 0 6.22795e-05 0 0 0 1.72676e-05 0 0 0 0.000904417 0 0 0 
1.22186e-05 0 0 0 1.56457e-05 0 0 0 2.24613e-05 0 0 0 5.54013e-05 0 0 0 0.000194895 0 0 0 0.000704502 0 0 0 1.57882e-05 0 0 0 3.08479e-05 0 0 0 
0.00029216 0 0 0 0.000635198 0 0 0 0.000373186 0 0 0 9.11734e-05 0 0 0 4.57285e-05 0 0 0 3.30768e-05 0 0 0 3.17969e-05 0 0 0 3.67248e-05 0 0 0 
3.87886e-05 0 0 0 5.86634e-05 0 0 0 0.000154369 0 0 0 0.000585031 0 0 0 0.000233296 0 0 0 0.000630425 0 0 0 0.000288259 0 0 0 7.70507e-05 0 0 0 
5.95348e-05 0 0 0 0.000201007 0 0 0 0.000652112 0 0 0 0.000896854 0 0 0 0.00014877 0 0 0 0.000811257 0 0 0 0.0003906 0 0 0 0.000292723 0 0 0 
0.000305769 0 0 0 0.000312805 0 0 0 0.000215485 0 0 0 8.7793e-05 0 0 0 3.93724e-05 0 0 0 3.13513e-05 0 0 0 5.38813e-05 0 0 0 0.000111651 0 0 0 
0.000101849 0 0 0 4.99247e-05 0 0 0 2.95182e-05 0 0 0 2.96451e-05 0 0 0 4.69929e-05 0 0 0 9.75454e-05 0 0 0 0.000231103 0 0 0 0.000799135 0 0 0 
9.26829e-05 0 0 0 0.00028632 0 0 0 0.000708715 0 0 0 0.00053885 0 0 0 0.000109509 0 0 0 0.000209881 0 0 0 0.000476536 0 0 0 0.000114514 0 0 0 
8.24126e-05 0 0 0 0.000817859 0 0 0 0.000455974 0 0 0 0.000831149 0 0 0 0.00111549 0 0 0 0.00128659 0 0 0 0.00356766 0 0 0 0.00983385 0 0 0 
0.00778653 0 0 0 0.00193445 0 0 0 0.000397037 0 0 0 0.000608396 0 0 0 0.000508539 0 0 0 0.000463214 0 0 0 0.000865053 0 0 0 0.000407856 0 0 0 
0.000807205 0 0 0 0.000991896 0 0 0 0.000649245 0 0 0 0.00027348 0 0 0 0.000361591 0 0 0 0.000504731 0 0 0 0.000759199 0 0 0 0.000612639 0 0 0 
0.000717661 0 0 0 0.000150554 0 0 0 0.000589579 0 0 0 0.000583172 0 0 0 0.000574023 0 0 0 0.00122661 0 0 0 0.00290005 0 0 0 0.00437599 0 0 0 
0.00489891 0 0 0 0.00988264 0 0 0 0.0326951 0 0 0 0.092424 0 0 0 0.0721415 0 0 0 0.0143583 0 0 0 0.00119977 0 0 0 0.000100952 0 0 0 
9.04834e-05 0 0 0 0.000335155 0 0 0 0.000114166 0 0 0 0.000828932 0 0 0 0.000961287 0 0 0 0.000924954 0 0 0 0.000608985 0 0 0 0.000935282 0 0 0 
0.000659112 0 0 0 0.000322072 0 0 0 0.000909565 0 0 0 0.00077614 0 0 0 0.000665422 0 0 0 0.000663205 0 0 0 0.00055116 0 0 0 0.000558267 0 0 0 
0.000238905 0 0 0 0.000474232 0 0 0 0.000231547 0 0 0 0.000669629 0 0 0 0.000316645 0 0 0 0.000234305 0 0 0 0.000232521 0 0 0 0.000338629 0 0 0 
0.000899958 0 0 0 0.000259413 0 0 0 8.53381e-05 0 0 0 0.00024075 0 0 0 0.000118731 0 0 0 2.42898e-05 0 0 0 0.000323944 0 0 0 0.000152973 0 0 0 
0.00019905 0 0 0 0.000286335 0 0 0 0.000376619 0 0 0 8.92111e-06 0 0 0 3.91788e-05 0 0 0 0.000123883 0 0 0 0.000389686 0 0 0 0.000641831 0 0 0 
5.7683e-05 0 0 0 0.000727445 0 0 0 0.000307346 0 0 0 7.07721e-05 0 0 0 0.000625009 0 0 0 0.000466885 0 0 0 0.000467241 0 0 0 0.000598628 0 0 0 
0.000913463 0 0 0 2.73058e-05 0 0 0 7.51916e-05 0 0 0 0.000253726 0 0 0 0.000125496 0 0 0 0.00076021 0 0 0 0.000159188 0 0 0 0.000703752 0 0 0 
0.000638929 0 0 0 8.66355e-05 0 0 0 0.000116884 0 0 0 0.000468667 0 0 0 0.000127318 0 0 0 0.000345685 0 0 0 0.000165868 0 0 0 0.00011272 0 0 0 
0.000114111 0 0 0 0.000124059 0 0 0 7.71612e-05 0 0 0 2.81955e-05 0 0 0 1.22911e-05 0 0 0 8.02113e-06 0 0 0 1.04312e-05 0 0 0 1.88454e-05 0 0 0 
2.00021e-05 0 0 0 1.2034e-05 0 0 0 7.7226e-06 0 0 0 0.000703838 0 0 0 0.000730815 0 0 0 4.03763e-05 0 0 0 0.000111092 0 0 0 0.000347338 0 0 0 
3.79978e-05 0 0 0 0.000132416 0 0 0 0.00040341 0 0 0 0.000550178 0 0 0 4.97237e-05 0 0 0 8.27555e-05 0 0 0 0.000173054 0 0 0 7.47413e-05 0 0 0 
6.30535e-05 0 0 0 0.000362753 0 0 0 0.000776852 0 0 0 0.000736831 0 0 0 0.00123476 0 0 0 0.00168641 0 0 0 0.0037294 0 0 0 0.00893898 0 0 0 
0.00713267 0 0 0 0.00163516 0 0 0 0.000669372 0 0 0 0.000290188 0 0 0 0.000186345 0 0 0 0.000156623 0 0 0 0.000291813 0 0 0 0.000260619 0 0 0 
0.000782138 0 0 0 0.000897079 0 0 0 0.000516586 0 0 0 0.000270092 0 0 0 0.000310632 0 0 0 0.000773387 0 0 0 0.000394507 0 0 0 0.000363094 0 0 0 
0.000519828 0 0 0 0.00059254 0 0 0 0.000322129 0 0 0 0.000438837 0 0 0 0.000757474 0 0 0 0.00105156 0 0 0 0.00327037 0 0 0 0.00516867 0 0 0 
0.00576294 0 0 0 0.0123694 0 0 0 0.0391205 0 0 0 0.079576 0 0 0 0.0595543 0 0 0 0.0169553 0 0 0 0.00187309 0 0 0 0.000926694 0 0 0 
8.63805e-05 0 0 0 0.000370285 0 0 0 0.000979901 0 0 0 0.000760245 0 0 0 0.000606294 0 0 0 0.000595575 0 0 0 0.000500703 0 0 0 0.00024875 0 0 0 
0.000955579 0 0 0 0.000337113 0 0 0 0.000415798 0 0 0 0.000525302 0 0 0 0.000380218 0 0 0 0.000441039 0 0 0 0.000876002 0 0 0 0.000340222 0 0 0 
0.000845995 0 0 0 0.000301858 0 0 0 0.000262815 0 0 0 0.000704546 0 0 0 0.000303487 0 0 0 0.000208526 0 0 0 0.000202967 0 0 0 0.000314146 0 0 0 
0.000840075 0 0 0 0.000336547 0 0 0 0.000744771 0 0 0 0.000126773 0 0 0 6.23509e-05 0 0 0 0.000592665 0 0 0 0.000123655 0 0 0 5.50562e-05 0 0 0 
6.62691e-05 0 0 0 0.000119151 0 0 0 0.00020237 0 0 0 0.000446023 0 0 0 1.06128e-05 0 0 0 4.34947e-05 0 0 0 0.000126971 0 0 0 0.000162404 0 0 0 
2.36437e-05 0 0 0 0.000804149 0 0 0 0.000283847 0 0 0 0.000460211 0 0 0 0.000210615 0 0 0 0.000159417 0 0 0 0.000159269 0 0 0 0.000180645 0 0 0 
0.000252673 0 0 0 0.000584956 0 0 0 3.28097e-05 0 0 0 0.000123792 0 0 0 0.000654943 0 0 0 0.000784087 0 0 0 0.00084172 0 0 0 0.000224629 0 0 0 
0.000244148 0 0 0 3.1194e-05 0 0 0 0.000589461 0 0 0 0.000945555 0 0 0 0.000347895 0 0 0 0.000108215 0 0 0 6.1369e-05 0 0 0 5.24241e-05 0 0 0 
5.67098e-05 0 0 0 5.61293e-05 0 0 0 3.43195e-05 0 0 0 0.000986764 0 0 0 0.000579413 0 0 0 0.000460095 0 0 0 0.000573547 0 0 0 3.9938e-06 0 0 0 
4.39898e-06 0 0 0 0.000689424 0 0 0 0.000452135 0 0 0 0.000396381 0 0 0 0.000467742 0 0 0 0.000709422 0 0 0 5.38826e-05 0 0 0 0.000181995 0 0 0 
0.000505342 0 0 0 5.44995e-05 0 0 0 0.000162801 0 0 0 0.000564703 0 0 0 1.76511e-05 0 0 0 2.66527e-05 0 0 0 6.39309e-05 0 0 0 0.000606859 0 0 0 
0.000484565 0 0 0 0.000118408 0 0 0 0.000318381 0 0 0 0.00083138 0 0 0 0.00114249 0 0 0 0.00168795 0 0 0 0.00335617 0 0 0 0.00803342 0 0 0 
0.00934099 0 0 0 0.00262226 0 0 0 0.000664336 0 0 0 0.000215459 0 0 0 0.000107636 0 0 0 7.4066e-05 0 0 0 0.000131745 0 0 0 0.000561192 0 0 0 
0.000517772 0 0 0 0.000903527 0 0 0 0.000976435 0 0 0 0.000887499 0 0 0 0.000907283 0 0 0 0.000587585 0 0 0 0.000304879 0 0 0 0.000326475 0 0 0 
0.000516871 0 0 0 0.000318566 0 0 0 0.000371646 0 0 0 0.000593661 0 0 0 0.00052522 0 0 0 0.000955363 0 0 0 0.00246347 0 0 0 0.00453538 0 0 0 
0.00479419 0 0 0 0.0101893 0 0 0 0.0328605 0 0 0 0.0570633 0 0 0 0.0452817 0 0 0 0.0155315 0 0 0 0.00148149 0 0 0 0.000390109 0 0 0 
3.44249e-05 0 0 0 0.000171984 0 0 0 0.000501293 0 0 0 0.000378583 0 0 0 0.000312264 0 0 0 0.000302933 0 0 0 0.000235099 0 0 0 0.000122903 0 0 0 
0.000812756 0 0 0 0.000213976 0 0 0 0.000286804 0 0 0 0.00062974 0 0 0 0.000338376 0 0 0 0.000356637 0 0 0 0.000893346 0 0 0 0.000268851 0 0 0 
0.000720746 0 0 0 0.000295092 0 0 0 0.000281785 0 0 0 0.000770195 0 0 0 0.000355221 0 0 0 0.000267835 0 0 0 0.000260633 0 0 0 0.000373743 0 0 0 
0.00081785 0 0 0 0.000540363 0 0 0 0.000603454 0 0 0 7.00255e-05 0 0 0 0.000819614 0 0 0 0.000200123 0 0 0 5.38578e-05 0 0 0 3.30894e-05 0 0 0 
3.89639e-05 0 0 0 6.39284e-05 0 0 0 0.000120401 0 0 0 0.000226678 0 0 0 0.00071038 0 0 0 1.84627e-05 0 0 0 6.5619e-05 0 0 0 8.79347e-05 0 0 0 
1.23039e-05 0 0 0 0.000817461 0 0 0 0.000741787 0 0 0 0.00017976 0 0 0 8.74847e-05 0 0 0 6.7105e-05 0 0 0 7.3736e-05 0 0 0 8.58897e-05 0 0 0 
9.27892e-05 0 0 0 0.000154616 0 0 0 0.000430764 0 0 0 6.5895e-05 0 0 0 0.00037849 0 0 0 0.000520299 0 0 0 0.000385264 0 0 0 0.00012219 0 0 0 
0.000126187 0 0 0 0.000480631 0 0 0 0.000577456 0 0 0 0.000717441 0 0 0 0.000160329 0 0 0 4.86786e-05 0 0 0 0.00090486 0 0 0 0.000856358 0 0 0 
0.00097922 0 0 0 0.000908562 0 0 0 0.000641228 0 0 0 0.000320528 0 0 0 0.000164698 0 0 0 0.000140633 0 0 0 0.000209839 0 0 0 0.000392521 0 0 0 
0.000370487 0 0 0 0.000189436 0 0 0 0.000131725 0 0 0 0.000141156 0 0 0 0.000195033 0 0 0 0.00029482 0 0 0 0.000605998 0 0 0 6.90848e-05 0 0 0 
0.000231856 0 0 0 0.000500759 0 0 0 9.6943e-05 0 0 0 0.000448141 0 0 0 0.000332634 0 0 0 0.00070817 0 0 0 2.05884e-05 0 0 0 0.00020903 0 0 0 
0.000134869 0 0 0 9.31162e-05 0 0 0 0.000339139 0 0 0 0.000733389 0 0 0 0.00103213 0 0 0 0.00128777 0 0 0 0.00321061 0 0 0 0.00883763 0 0 0 
0.0101973 0 0 0 0.00310224 0 0 0 0.000616298 0 0 0 0.000193351 0 0 0 9.22581e-05 0 0 0 5.50917e-05 0 0 0 9.59894e-05 0 0 0 0.000404204 0 0 0 
0.000573466 0 0 0 0.000847827 0 0 0 0.000863565 0 0 0 0.000410157 0 0 0 0.000552359 0 0 0 0.000571417 0 0 0 0.000362873 0 0 0 0.00039148 0 0 0 
0.0006037 0 0 0 0.000232835 0 0 0 0.00042108 0 0 0 0.000622667 0 0 0 0.000506565 0 0 0 0.000929046 0 0 0 0.00218918 0 0 0 0.00386969 0 0 0 
0.0040754 0 0 0 0.00814082 0 0 0 0.0274633 0 0 0 0.0672004 0 0 0 0.0635924 0 0 0 0.01809 0 0 0 0.00145026 0 0 0 0.000216521 0 0 0 
0.000437856 0 0 0 9.723e-05 0 0 0 0.000479543 0 0 0 0.000331683 0 0 0 0.00034406 0 0 0 0.000291954 0 0 0 0.000178492 0 0 0 7.97163e-05 0 0 0 
0.000641504 0 0 0 0.000156102 0 0 0 0.00031921 0 0 0 6.76071e-05 0 0 0 0.000530682 0 0 0 0.000410738 0 0 0 0.000930796 0 0 0 0.000191041 0 0 0 
0.000840367 0 0 0 0.000448713 0 0 0 0.000371765 0 0 0 0.000647777 0 0 0 0.00058288 0 0 0 0.000438023 0 0 0 0.000391289 0 0 0 0.000493873 0 0 0 
0.00093636 0 0 0 0.00097108 0 0 0 0.00036175 0 0 0 0.000543812 0 0 0 0.000256564 0 0 0 6.22795e-05 0 0 0 1.72676e-05 0 0 0 0.000904417 0 0 0 
1.22186e-05 0 0 0 1.56457e-05 0 0 0 2.24613e-05 0 0 0 5.54013e-05 0 0 0 0.000194895 0 0 0 0.000704502 0 0 0 1.57882e-05 0 0 0 3.08479e-05 0 0 0 
0.00029216 0 0 0 0.000635198 0 0 0 0.000373186 0 0 0 9.88367e-05 0 0 0 5.03501e-05 0 0 0 3.36121e-05 0 0 0 3.17969e-05 0 0 0 3.67248e-05 0 0 0 
3.87886e-05 0 0 0 5.86634e-05 0 0 0 0.000154369 0 0 0 0.000585031 0 0 0 0.000233296 0 0 0 0.000630425 0 0 0 0.000288259 0 0 0 7.70507e-05 0 0 0 
5.95348e-05 0 0 0 0.000201007 0 0 0 0.000652112 0 0 0 0.000896854 0 0 0 0.00014877 0 0 0 0.000811257 0 0 0 0.0003906 0 0 0 0.000292723 0 0 0 
0.000305769 0 0 0 0.000312805 0 0 0 0.000215485 0 0 0 8.7793e-05 0 0 0 3.93724e-05 0 0 0 3.13513e-05 0 0 0 5.38813e-05 0 0 0 0.000111651 0 0 0 
0.000101849 0 0 0 4.99247e-05 0 0 0 2.95182e-05 0 0 0 2.96451e-05 0 0 0 4.69929e-05 0 0 0 9.75454e-05 0 0 0 0.000231103 0 0 0 0.000799135 0 0 0 
9.26829e-05 0 0 0 0.00028632 0 0 0 0.000708715 0 0 0 0.00053885 0 0 0 0.000109509 0 0 0 0.000209881 0 0 0 0.000476536 0 0 0 0.000114514 0 0 0 
8.24126e-05 0 0 0 0.000817859 0 0 0 0.000455974 0 0 0 0.000831149 0 0 0 0.00111549 0 0 0 0.00128659 0 0 0 0.00356766 0 0 0 0.00983385 0 0 0 
0.00778653 0 0 0 0.00193445 0 0 0 0.000397037 0 0 0 0.000608396 0 0 0 0.000508539 0 0 0 0.000463214 0 0 0 0.000865053 0 0 0 0.000407856 0 0 0 
0.000807205 0 0 0 0.000991896 0 0 0 0.000649245 0 0 0 0.00027348 0 0 0 0.000361591 0 0 0 0.000504731 0 0 0 0.000759199 0 0 0 0.000612639 0 0 0 
0.000717661 0 0 0 0.000150554 0 0 0 0.000589579 0 0 0 0.000583172 0 0 0 0.000574023 0 0 0 0.00122661 0 0 0 0.00290005 0 0 0 0.00437599 0 0 0 
0.00489891 0 0 0 0.00988264 0 0 0 0.0326951 0 0 0 0.0943061 0 0 0 0.090053 0 0 0 0.0241953 0 0 0 0.00266313 0 0 0 0.00032077 0 0 0 
0.000427161 0 0 0 9.30526e-05 0 0 0 0.000836359 0 0 0 0.000538889 0 0 0 0.000461461 0 0 0 0.000363237 0 0 0 0.000229673 0 0 0 8.91653e-05 0 0 0 
0.000685346 0 0 0 0.000169444 0 0 0 0.00028103 0 0 0 0.000740509 0 0 0 0.000805408 0 0 0 0.000727973 0 0 0 0.00049828 0 0 0 0.000161697 0 0 0 
0.000841428 0 0 0 0.000473091 0 0 0 0.000514359 0 0 0 0.00025347 0 0 0 0.00090154 0 0 0 0.000390461 0 0 0 0.000909864 0 0 0 0.000977579 0 0 0 
0.000269078 0 0 0 0.000565214 0 0 0 0.00020052 0 0 0 0.000312598 0 0 0 0.000120676 0 0 0 2.42898e-05 0 0 0 0.000323944 0 0 0 0.000152973 0 0 0 
0.00019905 0 0 0 0.000286335 0 0 0 0.000376619 0 0 0 8.92111e-06 0 0 0 3.91788e-05 0 0 0 0.000123883 0 0 0 0.000389686 0 0 0 0.000641831 0 0 0 
5.7683e-05 0 0 0 0.000727445 0 0 0 0.000307346 0 0 0 7.07721e-05 0 0 0 0.000625009 0 0 0 0.000466885 0 0 0 0.000467241 0 0 0 0.000598628 0 0 0 
0.000913463 0 0 0 2.73058e-05 0 0 0 7.51916e-05 0 0 0 0.000253726 0 0 0 0.000125496 0 0 0 0.00076021 0 0 0 0.000159188 0 0 0 0.000703752 0 0 0 
0.000638929 0 0 0 8.66355e-05 0 0 0 0.000116884 0 0 0 0.000468667 0 0 0 0.000127318 0 0 0 0.000345685 0 0 0 0.000165868 0 0 0 0.00011272 0 0 0 
0.000114111 0 0 0 0.000124059 0 0 0 7.71612e-05 0 0 0 2.81955e-05 0 0 0 1.22911e-05 0 0 0 8.02113e-06 0 0 0 1.04312e-05 0 0 0 1.88454e-05 0 0 0 
2.00021e-05 0 0 0 1.2034e-05 0 0 0 7.7226e-06 0 0 0 0.000703838 0 0 0 0.000730815 0 0 0 4.03763e-05 0 0 0 0.000111092 0 0 0 0.000347338 0 0 0 
3.79978e-05 0 0 0 0.000132416 0 0 0 0.00040341 0 0 0 0.000550178 0 0 0 4.97237e-05 0 0 0 8.27555e-05 0 0 0 0.000173054 0 0 0 7.47413e-05 0 0 0 
6.30535e-05 0 0 0 0.000362753 0 0 0 0.000776852 0 0 0 0.000736831 0 0 0 0.00123476 0 0 0 0.00168641 0 0 0 0.0037294 0 0 0 0.00893898 0 0 0 
0.00713267 0 0 0 0.00163516 0 0 0 0.000669372 0 0 0 0.000290188 0 0 0 0.000186345 0 0 0 0.000156623 0 0 0 0.000291813 0 0 0 0.000260619 0 0 0 
0.000782138 0 0 0 0.000897079 0 0 0 0.000516586 0 0 0 0.000270092 0 0 0 0.000310632 0 0 0 0.000773387 0 0 0 0.000394507 0 0 0 0.000363094 0 0 0 
0.000519828 0 0 0 0.00059254 0 0 0 0.000322129 0 0 0 0.000438837 0 0 0 0.000757474 0 0 0 0.00105156 0 0 0 0.00327037 0 0 0 0.00516867 0 0 0 
0.00576294 0 0 0 0.0123694 0 0 0 0.0391205 0 0 0 0.0857693 0 0 0 0.0744626 0 0 0 0.0271836 0 0 0 0.00400849 0 0 0 0.000365324 0 0 0 
0.000368104 0 0 0 6.85536e-05 0 0 0 0.000833837 0 0 0 0.000502959 0 0 0 0.000298035 0 0 0 0.000232914 0 0 0 0.000166308 0 0 0 5.90131e-05 0 0 0 
0.000514703 0 0 0 0.000114215 0 0 0 0.000139854 0 0 0 0.000250793 0 0 0 0.000121639 0 0 0 0.000190987 0 0 0 0.000601599 0 0 0 0.00020456 0 0 0 
0.000779741 0 0 0 0.000291071 0 0 0 0.000487059 0 0 0 0.000355233 0 0 0 0.000329541 0 0 0 0.000680161 0 0 0 0.000915133 0 0 0 0.000219669 0 0 0 
0.000536636 0 0 0 0.000899986 0 0 0 0.000195145 0 0 0 0.000229397 0 0 0 7.1714e-05 0 0 0 0.000592665 0 0 0 0.000123655 0 0 0 5.50562e-05 0 0 0 
6.62691e-05 0 0 0 0.000119151 0 0 0 0.00020237 0 0 0 0.000446023 0 0 0 1.06128e-05 0 0 0 4.34947e-05 0 0 0 0.000126971 0 0 0 0.000162404 0 0 0 
2.36437e-05 0 0 0 0.000804149 0 0 0 0.000283847 0 0 0 0.000460211 0 0 0 0.000210615 0 0 0 0.000159417 0 0 0 0.000159269 0 0 0 0.000180645 0 0 0 
0.000252673 0 0 0 0.000584956 0 0 0 3.28097e-05 0 0 0 0.000123792 0 0 0 0.000654943 0 0 0 0.000784087 0 0 0 0.00084172 0 0 0 0.000224629 0 0 0 
0.000244148 0 0 0 3.1194e-05 0 0 0 0.000589461 0 0 0 0.000945555 0 0 0 0.000347895 0 0 0 0.000108215 0 0 0 6.1369e-05 0 0 0 5.24241e-05 0 0 0 
5.67098e-05 0 0 0 5.61293e-05 0 0 0 3.43195e-05 0 0 0 0.000986764 0 0 0 0.000579413 0 0 0 0.000460095 0 0 0 0.000573547 0 0 0 3.9938e-06 0 0 0 
4.39898e-06 0 0 0 0.000689424 0 0 0 0.000452135 0 0 0 0.000396381 0 0 0 0.000467742 0 0 0 0.000709422 0 0 0 5.38826e-05 0 0 0 0.000181995 0 0 0 
0.000505342 0 0 0 5.44995e-05 0 0 0 0.000162801 0 0 0 0.000564703 0 0 0 1.76511e-05 0 0 0 2.66527e-05 0 0 0 6.39309e-05 0 0 0 0.000606859 0 0 0 
0.000484565 0 0 0 0.000118408 0 0 0 0.000318381 0 0 0 0.00083138 0 0 0 0.00114249 0 0 0 0.00168795 0 0 0 0.00335617 0 0 0 0.00803342 0 0 0 
0.00934099 0 0 0 0.00262226 0 0 0 0.000664336 0 0 0 0.000215459 0 0 0 0.000107636 0 0 0 7.4066e-05 0 0 0 0.000131745 0 0 0 0.000561192 0 0 0 
0.000517772 0 0 0 0.000903527 0 0 0 0.000976435 0 0 0 0.000887499 0 0 0 0.000907283 0 0 0 0.000587585 0 0 0 0.000304879 0 0 0 0.000326475 0 0 0 
0.000516871 0 0 0 0.000318566 0 0 0 0.000371646 0 0 0 0.000593661 0 0 0 0.00052522 0 0 0 0.000955363 0 0 0 0.00246347 0 0 0 0.00453538 0 0 0 
0.00479419 0 0 0 0.0101893 0 0 0 0.0328605 0 0 0 0.0626589 0 0 0 0.060437 0 0 0 0.0271595 0 0 0 0.00314778 0 0 0 0.000176595 0 0 0 
0.000157803 0 0 0 3.29997e-05 0 0 0 0.000455755 0 0 0 0.000238888 0 0 0 0.000144296 0 0 0 0.000109467 0 0 0 6.83938e-05 0 0 0 2.29256e-05 0 0 0 
0.000307534 0 0 0 0.000933265 0 0 0 0.000100488 0 0 0 0.000206642 0 0 0 0.000112137 0 0 0 0.000182906 0 0 0 0.000611951 0 0 0 0.000238044 0 0 0 
0.000861934 0 0 0 0.000255747 0 0 0 0.000410638 0 0 0 0.000397393 0 0 0 0.000379599 0 0 0 0.000739977 0 0 0 0.000942995 0 0 0 0.000272548 0 0 0 
0.000908749 0 0 0 0.000209848 0 0 0 0.000278732 0 0 0 0.000169897 0 0 0 3.53371e-05 0 0 0 0.000200123 0 0 0 5.38578e-05 0 0 0 3.30894e-05 0 0 0 
3.89639e-05 0 0 0 6.39284e-05 0 0 0 0.000120401 0 0 0 0.000226678 0 0 0 0.00071038 0 0 0 1.84627e-05 0 0 0 6.5619e-05 0 0 0 8.79347e-05 0 0 0 
1.23039e-05 0 0 0 0.000817461 0 0 0 0.000741787 0 0 0 0.00017976 0 0 0 8.74847e-05 0 0 0 6.7105e-05 0 0 0 7.3736e-05 0 0 0 8.58897e-05 0 0 0 
9.27892e-05 0 0 0 0.000154616 0 0 0 0.000430764 0 0 0 6.5895e-05 0 0 0 0.00037849 0 0 0 0.000520299 0 0 0 0.000385264 0 0 0 0.00012219 0 0 0 
0.000126187 0 0 0 0.000480631 0 0 0 0.000577456 0 0 0 0.000717441 0 0 0 0.000160329 0 0 0 4.86786e-05 0 0 0 0.00090486 0 0 0 0.000856358 0 0 0 
0.00097922 0 0 0 0.000908562 0 0 0 0.000641228 0 0 0 0.000320528 0 0 0 0.000164698 0 0 0 0.000140633 0 0 0 0.000209839 0 0 0 0.000392521 0 0 0 
0.000370487 0 0 0 0.000189436 0 0 0 0.000131725 0 0 0 0.000141156 0 0 0 0.000195033 0 0 0 0.00029482 0 0 0 0.000605998 0 0 0 6.90848e-05 0 0 0 
0.000231856 0 0 0 0.000500759 0 0 0 9.6943e-05 0 0 0 0.000448141 0 0 0 0.000332634 0 0 0 0.00070817 0 0 0 2.05884e-05 0 0 0 0.00020903 0 0 0 
0.000134869 0 0 0 9.31162e-05 0 0 0 0.000339139 0 0 0 0.000733389 0 0 0 0.00103213 0 0 0 0.00128777 0 0 0 0.00321061 0 0 0 0.00883763 0 0 0 
0.0101973 0 0 0 0.00310224 0 0 0 0.000616298 0 0 0 0.000193351 0 0 0 9.22581e-05 0 0 0 5.50917e-05 0 0 0 9.59894e-05 0 0 0 0.000404204 0 0 0 
0.000573466 0 0 0 0.000847827 0 0 0 0.000863565 0 0 0 0.000410157 0 0 0 0.000552359 0 0 0 0.000571417 0 0 0 0.000362873 0 0 0 0.00039148 0 0 0 
0.0006037 0 0 0 0.000232835 0 0 0 0.00042108 0 0 0 0.000622667 0 0 0 0.000506565 0 0 0 0.000929046 0 0 0 0.00218918 0 0 0 0.00386969 0 0 0 
0.0040754 0 0 0 0.00814082 0 0 0 0.0274633 0 0 0 0.0688954 0 0 0 0.0771278 0 0 0 0.0275028 0 0 0 0.00259243 0 0 0 0.0005289 0 0 0 
6.64366e-05 0 0 0 0.00080986 0 0 0 0.000343322 0 0 0 0.000176983 0 0 0 0.000131309 0 0 0 8.91325e-05 0 0 0 4.38618e-05 0 0 0 0.000985301 0 0 0 
0.000261104 0 0 0 5.48793e-05 0 0 0 0.000146412 0 0 0 0.000350253 0 0 0 0.000122246 0 0 0 0.00012374 0 0 0 0.000378613 0 0 0 0.000177891 0 0 0 
0.000905098 0 0 0 0.000344235 0 0 0 0.000404671 0 0 0 0.000298434 0 0 0 0.000354687 0 0 0 0.000786594 0 0 0 0.000592667 0 0 0 0.000416435 0 0 0 
0.000762461 0 0 0 0.000277825 0 0 0 0.000222929 0 0 0 9.23503e-05 0 0 0 0.000317 0 0 0 6.22795e-05 0 0 0 1.72676e-05 0 0 0 0.000904417 0 0 0 
1.22186e-05 0 0 0 1.56457e-05 0 0 0 2.24613e-05 0 0 0 5.54013e-05 0 0 0 0.000194895 0 0 0 0.000704502 0 0 0 1.57882e-05 0 0 0 3.08479e-05 0 0 0 
0.00029216 0 0 0 0.000635198 0 0 0 0.000373186 0 0 0 9.88367e-05 0 0 0 5.03501e-05 0 0 0 3.36121e-05 0 0 0 3.17969e-05 0 0 0 3.67248e-05 0 0 0 
3.87886e-05 0 0 0 5.86634e-05 0 0 0 0.000154369 0 0 0 0.000585031 0 0 0 0.000233296 0 0 0 0.000630425 0 0 0 0.000288259 0 0 0 7.70507e-05 0 0 0 
5.95348e-05 0 0 0 0.000201007 0 0 0 0.000652112 0 0 0 0.000896854 0 0 0 0.00014877 0 0 0 0.000811257 0 0 0 0.0003906 0 0 0 0.000292723 0 0 0 
0.000305769 0 0 0 0.000312805 0 0 0 0.000229177 0 0 0 0.000102068 0 0 0 4.83206e-05 0 0 0 4.24388e-05 0 0 0 7.31461e-05 0 0 0 0.000136424 0 0 0 
0.000110529 0 0 0 4.99247e-05 0 0 0 2.95182e-05 0 0 0 2.96451e-05 0 0 0 4.69929e-05 0 0 0 9.75454e-05 0 0 0 0.000231103 0 0 0 0.000799135 0 0 0 
9.26829e-05 0 0 0 0.00028632 0 0 0 0.000708715 0 0 0 0.00053885 0 0 0 0.000109509 0 0 0 0.000209881 0 0 0 0.000476536 0 0 0 0.000114514 0 0 0 
8.24126e-05 0 0 0 0.000817859 0 0 0 0.000455974 0 0 0 0.000831149 0 0 0 0.00111549 0 0 0 0.00128659 0 0 0 0.00356766 0 0 0 0.00983385 0 0 0 
0.00778653 0 0 0 0.00193445 0 0 0 0.000397037 0 0 0 0.000608396 0 0 0 0.000508539 0 0 0 0.000463214 0 0 0 0.000865053 0 0 0 0.000407856 0 0 0 
0.000807205 0 0 0 0.000991896 0 0 0 0.000649245 0 0 0 0.00027348 0 0 0 0.000361591 0 0 0 0.000504731 0 0 0 0.000759199 0 0 0 0.000612639 0 0 0 
0.000717661 0 0 0 0.000150554 0 0 0 0.000589579 0 0 0 0.000583172 0 0 0 0.000574023 0 0 0 0.00122661 0 0 0 0.00290005 0 0 0 0.00437599 0 0 0 
0.00489891 0 0 0 0.00988264 0 0 0 0.0326951 0 0 0 0.0943061 0 0 0 0.0950268 0 0 0 0.0275272 0 0 0 0.00334835 0 0 0 0.000492078 0 0 0 
4.64774e-05 0 0 0 0.000554395 0 0 0 0.000361712 0 0 0 0.00021424 0 0 0 0.000134644 0 0 0 8.39413e-05 0 0 0 4.30638e-05 0 0 0 1.36386e-05 0 0 0 
0.000298811 0 0 0 6.83847e-05 0 0 0 0.000202962 0 0 0 0.000342122 0 0 0 8.75499e-05 0 0 0 8.31695e-05 0 0 0 0.000283688 0 0 0 0.000133611 0 0 0 
0.000722704 0 0 0 0.000327261 0 0 0 0.000401796 0 0 0 0.000280957 0 0 0 0.000448227 0 0 0 0.000215243 0 0 0 0.00071603 0 0 0 0.000664931 0 0 0 
0.000688798 0 0 0 0.000804546 0 0 0 0.000113313 0 0 0 0.000725216 0 0 0 0.000141917 0 0 0 2.42898e-05 0 0 0 0.000323944 0 0 0 0.000152973 0 0 0 
0.00019905 0 0 0 0.000286335 0 0 0 0.000376619 0 0 0 8.92111e-06 0 0 0 3.91788e-05 0 0 0 0.000123883 0 0 0 0.000389686 0 0 0 0.000641831 0 0 0 
5.7683e-05 0 0 0 0.000727445 0 0 0 0.000307346 0 0 0 7.07721e-05 0 0 0 0.000625009 0 0 0 0.000466885 0 0 0 0.000467241 0 0 0 0.000598628 0 0 0 
0.000913463 0 0 0 2.73058e-05 0 0 0 7.51916e-05 0 0 0 0.000253726 0 0 0 0.000125496 0 0 0 0.00076021 0 0 0 0.000159188 0 0 0 0.000703752 0 0 0 
0.000638929 0 0 0 8.66355e-05 0 0 0 0.000116884 0 0 0 0.000468667 0 0 0 0.000127318 0 0 0 0.000345685 0 0 0 0.000165868 0 0 0 0.00011272 0 0 0 
0.000114111 0 0 0 0.000124059 0 0 0 9.34105e-05 0 0 0 4.46987e-05 0 0 0 2.22275e-05 0 0 0 1.81121e-05 0 0 0 2.53277e-05 0 0 0 3.60618e-05 0 0 0 
2.85535e-05 0 0 0 1.3521e-05 0 0 0 8.04556e-06 0 0 0 0.00076 0 0 0 0.000768567 0 0 0 4.03763e-05 0 0 0 0.000111092 0 0 0 0.000347338 0 0 0 
3.79978e-05 0 0 0 0.000132416 0 0 0 0.00040341 0 0 0 0.000550178 0 0 0 4.97237e-05 0 0 0 8.27555e-05 0 0 0 0.000173054 0 0 0 7.47413e-05 0 0 0 
6.30535e-05 0 0 0 0.000362753 0 0 0 0.000776852 0 0 0 0.000736831 0 0 0 0.00123476 0 0 0 0.00168641 0 0 0 0.0037294 0 0 0 0.00893898 0 0 0 
0.00713267 0 0 0 0.00163516 0 0 0 0.000669372 0 0 0 0.000290188 0 0 0 0.000186345 0 0 0 0.000156623 0 0 0 0.000291813 0 0 0 0.000260619 0 0 0 
0.000782138 0 0 0 0.000897079 0 0 0 0.000516586 0 0 0 0.000270092 0 0 0 0.000310632 0 0 0 0.000773387 0 0 0 0.000394507 0 0 0 0.000363094 0 0 0 
0.000519828 0 0 0 0.00059254 0 0 0 0.000322129 0 0 0 0.000438837 0 0 0 0.000757474 0 0 0 0.00105156 0 0 0 0.00327037 0 0 0 0.00516867 0 0 0 
0.00576294 0 0 0 0.0123694 0 0 0 0.0391205 0 0 0 0.0857693 0 0 0 0.0744626 0 0 0 0.0271836 0 0 0 0.00406563 0 0 0 0.000385851 0 0 0 
0.000526745 0 0 0 0.000246651 0 0 0 0.000177035 0 0 0 0.000117965 0 0 0 5.69815e-05 0 0 0 3.93922e-05 0 0 0 2.94078e-05 0 0 0 0.000864987 0 0 0 
0.00020405 0 0 0 4.42414e-05 0 0 0 0.00016221 0 0 0 0.000229918 0 0 0 7.89971e-05 0 0 0 0.000107662 0 0 0 0.000406174 0 0 0 0.000149403 0 0 0 
0.000591472 0 0 0 0.000264483 0 0 0 0.000432432 0 0 0 0.000483468 0 0 0 0.000826858 0 0 0 0.00036288 0 0 0 0.000855406 0 0 0 0.000969857 0 0 0 
0.000798968 0 0 0 0.000842762 0 0 0 0.000109769 0 0 0 0.000536573 0 0 0 8.66752e-05 0 0 0 0.000592665 0 0 0 0.000123655 0 0 0 5.50562e-05 0 0 0 
6.62691e-05 0 0 0 0.000119151 0 0 0 0.00020237 0 0 0 0.000446023 0 0 0 1.06128e-05 0 0 0 4.34947e-05 0 0 0 0.000126971 0 0 0 0.000162404 0 0 0 
2.36437e-05 0 0 0 0.000804149 0 0 0 0.000283847 0 0 0 0.000460211 0 0 0 0.000210615 0 0 0 0.000159417 0 0 0 0.000159269 0 0 0 0.000180645 0 0 0 
0.000252673 0 0 0 0.000584956 0 0 0 3.28097e-05 0 0 0 0.000123792 0 0 0 0.000654943 0 0 0 0.000784087 0 0 0 0.00084172 0 0 0 0.000224629 0 0 0 
0.000244148 0 0 0 3.1194e-05 0 0 0 0.000589461 0 0 0 0.000945555 0 0 0 0.000347895 0 0 0 0.000108215 0 0 0 6.1369e-05 0 0 0 5.5509e-05 0 0 0 
6.17533e-05 0 0 0 6.23436e-05 0 0 0 4.68579e-05 0 0 0 2.47656e-05 0 0 0 1.35927e-05 0 0 0 1.01014e-05 0 0 0 1.00275e-05 0 0 0 1.14192e-05 0 0 0 
8.85863e-06 0 0 0 4.51284e-06 0 0 0 0.000643245 0 0 0 0.000603616 0 0 0 0.000667942 0 0 0 0.000906217 0 0 0 6.1026e-05 0 0 0 0.00018325 0 0 0 
0.000505342 0 0 0 5.44995e-05 0 0 0 0.000162801 0 0 0 0.000564703 0 0 0 1.76511e-05 0 0 0 2.66527e-05 0 0 0 6.39309e-05 0 0 0 0.000606859 0 0 0 
0.000484565 0 0 0 0.000118408 0 0 0 0.000318381 0 0 0 0.00083138 0 0 0 0.00114249 0 0 0 0.00168795 0 0 0 0.00335617 0 0 0 0.00803342 0 0 0 
0.00934099 0 0 0 0.00262226 0 0 0 0.000664336 0 0 0 0.000215459 0 0 0 0.000107636 0 0 0 7.4066e-05 0 0 0 0.000131745 0 0 0 0.000561192 0 0 0 
0.000517772 0 0 0 0.000903527 0 0 0 0.000976435 0 0 0 0.000887499 0 0 0 0.000907283 0 0 0 0.000587585 0 0 0 0.000304879 0 0 0 0.000326475 0 0 0 
0.000516871 0 0 0 0.000318566 0 0 0 0.000371646 0 0 0 0.000593661 0 0 0 0.00052522 0 0 0 0.000955363 0 0 0 0.00246347 0 0 0 0.00453538 0 0 0 
0.00479419 0 0 0 0.0101893 0 0 0 0.0328605 0 0 0 0.0626589 0 0 0 0.060437 0 0 0 0.0271595 0 0 0 0.00314778 0 0 0 0.000176595 0 0 0 
0.000176336 0 0 0 7.02895e-05 0 0 0 4.15636e-05 0 0 0 2.81191e-05 0 0 0 1.67553e-05 0 0 0 1.46559e-05 0 0 0 0.000920999 0 0 0 0.000357546 0 0 0 
8.9552e-05 0 0 0 0.000776193 0 0 0 0.000129224 0 0 0 0.000317217 0 0 0 0.00015076 0 0 0 0.000192068 0 0 0 0.000548657 0 0 0 0.00017321 0 0 0 
0.00061767 0 0 0 0.00023851 0 0 0 0.00047397 0 0 0 0.000743821 0 0 0 0.000166801 0 0 0 0.00042974 0 0 0 0.000856975 0 0 0 0.0010935 0 0 0 
0.0013236 0 0 0 0.000888457 0 0 0 0.000235298 0 0 0 0.000430844 0 0 0 4.62673e-05 0 0 0 0.000200123 0 0 0 5.38578e-05 0 0 0 3.30894e-05 0 0 0 
3.89639e-05 0 0 0 6.39284e-05 0 0 0 0.000120401 0 0 0 0.000226678 0 0 0 0.00071038 0 0 0 1.84627e-05 0 0 0 6.5619e-05 0 0 0 8.79347e-05 0 0 0 
1.23039e-05 0 0 0 0.000817461 0 0 0 0.000741787 0 0 0 0.00017976 0 0 0 8.74847e-05 0 0 0 6.7105e-05 0 0 0 7.3736e-05 0 0 0 8.58897e-05 0 0 0 
9.27892e-05 0 0 0 0.000154616 0 0 0 0.000430764 0 0 0 6.5895e-05 0 0 0 0.00037849 0 0 0 0.000520299 0 0 0 0.000385264 0 0 0 0.00012219 0 0 0 
0.000126187 0 0 0 0.000480631 0 0 0 0.000577456 0 0 0 0.000717441 0 0 0 0.000160329 0 0 0 4.90066e-05 0 0 0 0.000929148 0 0 0 2.7516e-05 0 0 0 
3.65341e-05 0 0 0 4.1312e-05 0 0 0 3.41077e-05 0 0 0 0.000874834 0 0 0 0.000751381 0 0 0 0.000832227 0 0 0 5.25198e-06 0 0 0 6.0612e-06 0 0 0 
4.23695e-06 0 0 0 0.000484503 0 0 0 0.000382625 0 0 0 0.000507617 0 0 0 0.000707969 0 0 0 0.000905349 0 0 0 4.1768e-05 0 0 0 9.82259e-05 0 0 0 
0.0002451 0 0 0 0.000500759 0 0 0 9.6943e-05 0 0 0 0.000448141 0 0 0 0.000332634 0 0 0 0.00070817 0 0 0 2.05884e-05 0 0 0 0.00020903 0 0 0 
0.000134869 0 0 0 9.31162e-05 0 0 0 0.000339139 0 0 0 0.000733389 0 0 0 0.00103213 0 0 0 0.00128777 0 0 0 0.00321061 0 0 0 0.00883763 0 0 0 
0.0101973 0 0 0 0.00310224 0 0 0 0.000616298 0 0 0 0.000193351 0 0 0 9.22581e-05 0 0 0 5.50917e-05 0 0 0 9.59894e-05 0 0 0 0.000404204 0 0 0 
0.000573466 0 0 0 0.000847827 0 0 0 0.000863565 0 0 0 0.000410157 0 0 0 0.000552359 0 0 0 0.000571417 0 0 0 0.000362873 0 0 0 0.00039148 0 0 0 
0.0006037 0 0 0 0.000232835 0 0 0 0.00042108 0 0 0 0.000622667 0 0 0 0.000506565 0 0 0 0.000929046 0 0 0 0.00218918 0 0 0 0.00386969 0 0 0 
0.0040754 0 0 0 0.00814082 0 0 0 0.0274633 0 0 0 0.0688954 0 0 0 0.0771278 0 0 0 0.0275028 0 0 0 0.00259243 0 0 0 0.0005289 0 0 0 
6.78973e-05 0 0 0 2.52794e-05 0 0 0 0.000824167 0 0 0 0.000607847 0 0 0 0.000519476 0 0 0 0.000500767 0 0 0 0.000406775 0 0 0 0.000165903 0 0 0 
5.10754e-05 0 0 0 0.000734066 0 0 0 0.000158361 0 0 0 0.000623728 0 0 0 0.000230055 0 0 0 0.000184884 0 0 0 0.000402134 0 0 0 0.000134339 0 0 0 
0.0005539 0 0 0 0.000177676 0 0 0 0.000403753 0 0 0 0.000594475 0 0 0 0.000248275 0 0 0 0.000629615 0 0 0 0.00134687 0 0 0 0.00228719 0 0 0 
0.00285096 0 0 0 0.00168908 0 0 0 0.000308546 0 0 0 0.000204387 0 0 0 0.000382163 0 0 0 6.22795e-05 0 0 0 1.72676e-05 0 0 0 0.000904417 0 0 0 
1.22186e-05 0 0 0 1.56457e-05 0 0 0 2.24613e-05 0 0 0 5.54013e-05 0 0 0 0.000194895 0 0 0 0.000704502 0 0 0 1.57882e-05 0 0 0 3.08479e-05 0 0 0 
0.00029216 0 0 0 0.000635198 0 0 0 0.000373186 0 0 0 9.88367e-05 0 0 0 5.03501e-05 0 0 0 3.36121e-05 0 0 0 3.17969e-05 0 0 0 3.67248e-05 0 0 0 
3.87886e-05 0 0 0 5.86634e-05 0 0 0 0.000154369 0 0 0 0.000585031 0 0 0 0.000233296 0 0 0 0.000630425 0 0 0 0.000288259 0 0 0 7.70507e-05 0 0 0 
5.95348e-05 0 0 0 0.000201007 0 0 0 0.000652112 0 0 0 0.000896854 0 0 0 0.00014877 0 0 0 0.000837157 0 0 0 0.00047502 0 0 0 0.000502695 0 0 0 
0.000681438 0 0 0 0.000745439 0 0 0 0.000690554 0 0 0 0.000506646 0 0 0 0.000375185 0 0 0 0.00037379 0 0 0 0.000536741 0 0 0 0.000780996 0 0 0 
0.000563917 0 0 0 0.000291938 0 0 0 0.000243875 0 0 0 0.000340021 0 0 0 0.000565008 0 0 0 0.000882358 0 0 0 3.59253e-05 0 0 0 6.29114e-05 0 0 0 
0.000143442 0 0 0 0.000318406 0 0 0 0.000718495 0 0 0 0.00053885 0 0 0 0.000109509 0 0 0 0.000209881 0 0 0 0.000476536 0 0 0 0.000114514 0 0 0 
8.24126e-05 0 0 0 0.000817859 0 0 0 0.000455974 0 0 0 0.000831149 0 0 0 0.00111549 0 0 0 0.00128659 0 0 0 0.00356766 0 0 0 0.00983385 0 0 0 
0.00778653 0 0 0 0.00193445 0 0 0 0.000397037 0 0 0 0.000608396 0 0 0 0.000508539 0 0 0 0.000463214 0 0 0 0.000865053 0 0 0 0.000407856 0 0 0 
0.000807205 0 0 0 0.000991896 0 0 0 0.000649245 0 0 0 0.00027348 0 0 0 0.000361591 0 0 0 0.000504731 0 0 0 0.000759199 0 0 0 0.000612639 0 0 0 
0.000717661 0 0 0 0.000150554 0 0 0 0.000589579 0 0 0 0.000583172 0 0 0 0.000574023 0 0 0 0.00122661 0 0 0 0.00290005 0 0 0 0.00437599 0 0 0 
0.00489891 0 0 0 0.00988264 0 0 0 0.0326951 0 0 0 0.0943061 0 0 0 0.0950268 0 0 0 0.0275272 0 0 0 0.00334835 0 0 0 0.000492078 0 0 0 
4.64774e-05 0 0 0 0.000591986 0 0 0 0.000496131 0 0 0 0.000376224 0 0 0 0.000288625 0 0 0 0.000268108 0 0 0 0.000218829 0 0 0 9.52365e-05 0 0 0 
3.29317e-05 0 0 0 0.000717089 0 0 0 0.000153539 0 0 0 0.000537912 0 0 0 0.000144065 0 0 0 0.000111243 0 0 0 0.000246328 0 0 0 0.000666788 0 0 0 
0.00033398 0 0 0 8.85438e-05 0 0 0 0.000255308 0 0 0 0.00040997 0 0 0 0.00052478 0 0 0 0.00140706 0 0 0 0.00632458 0 0 0 0.00838124 0 0 0 
0.00428767 0 0 0 0.00137208 0 0 0 0.000411382 0 0 0 7.04418e-05 0 0 0 0.000151068 0 0 0 2.42898e-05 0 0 0 0.000323944 0 0 0 0.000152973 0 0 0 
0.00019905 0 0 0 0.000286335 0 0 0 0.000376619 0 0 0 8.92111e-06 0 0 0 3.91788e-05 0 0 0 0.000123883 0 0 0 0.000389686 0 0 0 0.000641831 0 0 0 
5.7683e-05 0 0 0 0.000727445 0 0 0 0.000307346 0 0 0 7.07721e-05 0 0 0 0.000625009 0 0 0 0.000466885 0 0 0 0.000467241 0 0 0 0.000598628 0 0 0 
0.000913463 0 0 0 2.73058e-05 0 0 0 7.51916e-05 0 0 0 0.000253726 0 0 0 0.000125496 0 0 0 0.00076021 0 0 0 0.000159188 0 0 0 0.000703752 0 0 0 
0.000638929 0 0 0 8.66355e-05 0 0 0 0.000116884 0 0 0 0.000493463 0 0 0 0.000155269 0 0 0 0.000496062 0 0 0 0.000321067 0 0 0 0.000343856 0 0 0 
0.000468088 0 0 0 0.000531863 0 0 0 0.00046294 0 0 0 0.000326871 0 0 0 0.000220943 0 0 0 0.000189335 0 0 0 0.000214849 0 0 0 0.000270421 0 0 0 
0.000255265 0 0 0 0.000186023 0 0 0 0.000173886 0 0 0 0.000243797 0 0 0 0.00041519 0 0 0 0.000766218 0 0 0 3.46861e-05 0 0 0 6.46258e-05 0 0 0 
0.000128003 0 0 0 0.000248558 0 0 0 0.000491071 0 0 0 0.000555758 0 0 0 4.97237e-05 0 0 0 8.27555e-05 0 0 0 0.000173054 0 0 0 7.47413e-05 0 0 0 
6.30535e-05 0 0 0 0.000362753 0 0 0 0.000776852 0 0 0 0.000736831 0 0 0 0.00123476 0 0 0 0.00168641 0 0 0 0.0037294 0 0 0 0.00893898 0 0 0 
0.00713267 0 0 0 0.00163516 0 0 0 0.000669372 0 0 0 0.000290188 0 0 0 0.000186345 0 0 0 0.000156623 0 0 0 0.000291813 0 0 0 0.000260619 0 0 0 
0.000782138 0 0 0 0.000897079 0 0 0 0.000516586 0 0 0 0.000270092 0 0 0 0.000310632 0 0 0 0.000773387 0 0 0 0.000394507 0 0 0 0.000363094 0 0 0 
0.000519828 0 0 0 0.00059254 0 0 0 0.000322129 0 0 0 0.000438837 0 0 0 0.000757474 0 0 0 0.00105156 0 0 0 0.00327037 0 0 0 0.00516867 0 0 0 
0.00576294 0 0 0 0.0123694 0 0 0 0.0391205 0 0 0 0.0857693 0 0 0 0.0744626 0 0 0 0.0271836 0 0 0 0.00406563 0 0 0 0.000385851 0 0 0 
0.000526745 0 0 0 0.000246651 0 0 0 0.000182562 0 0 0 0.000130477 0 0 0 7.57655e-05 0 0 0 6.96937e-05 0 0 0 6.88453e-05 0 0 0 3.49256e-05 0 0 0 
0.000993353 0 0 0 0.000311165 0 0 0 6.77614e-05 0 0 0 0.000269602 0 0 0 0.000820674 0 0 0 0.000826836 0 0 0 0.000198654 0 0 0 0.00050083 0 0 0 
0.000215888 0 0 0 0.000870016 0 0 0 0.000183119 0 0 0 0.000489461 0 0 0 0.000506562 0 0 0 0.00351524 0 0 0 0.016689 0 0 0 0.0144662 0 0 0 
0.00567545 0 0 0 0.0015349 0 0 0 0.000336161 0 0 0 0.00082322 0 0 0 9.17592e-05 0 0 0 0.000592665 0 0 0 0.000123655 0 0 0 5.50562e-05 0 0 0 
6.62691e-05 0 0 0 0.000119151 0 0 0 0.00020237 0 0 0 0.000446023 0 0 0 1.06128e-05 0 0 0 4.34947e-05 0 0 0 0.000126971 0 0 0 0.000162404 0 0 0 
2.36437e-05 0 0 0 0.000804149 0 0 0 0.000283847 0 0 0 0.000460211 0 0 0 0.000210615 0 0 0 0.000159417 0 0 0 0.000159269 0 0 0 0.000180645 0 0 0 
0.000252673 0 0 0 0.000584956 0 0 0 3.28097e-05 0 0 0 0.000123792 0 0 0 0.000654943 0 0 0 0.000784087 0 0 0 0.00084172 0 0 0 0.000224629 0 0 0 
0.000244148 0 0 0 3.1194e-05 0 0 0 0.000741836 0 0 0 0.000389662 0 0 0 0.000949556 0 0 0 0.000388207 0 0 0 0.000274616 0 0 0 0.000309287 0 0 0 
0.000414033 0 0 0 0.000469034 0 0 0 0.000381749 0 0 0 0.000238177 0 0 0 0.000146253 0 0 0 0.000102015 0 0 0 8.54267e-05 0 0 0 9.73557e-05 0 0 0 
0.000108897 0 0 0 0.000104005 0 0 0 0.000130425 0 0 0 0.00023244 0 0 0 0.000435035 0 0 0 0.000728667 0 0 0 3.69304e-05 0 0 0 8.89164e-05 0 0 0 
0.000151265 0 0 0 0.000198608 0 0 0 0.000299358 0 0 0 0.000649953 0 0 0 1.76511e-05 0 0 0 2.66527e-05 0 0 0 6.39309e-05 0 0 0 0.000606859 0 0 0 
0.000484565 0 0 0 0.000118408 0 0 0 0.000318381 0 0 0 0.00083138 0 0 0 0.00114249 0 0 0 0.00168795 0 0 0 0.00335617 0 0 0 0.00803342 0 0 0 
0.00934099 0 0 0 0.00262226 0 0 0 0.000664336 0 0 0 0.000215459 0 0 0 0.000107636 0 0 0 7.4066e-05 0 0 0 0.000131745 0 0 0 0.000561192 0 0 0 
0.000517772 0 0 0 0.000903527 0 0 0 0.000976435 0 0 0 0.000887499 0 0 0 0.000907283 0 0 0 0.000587585 0 0 0 0.000304879 0 0 0 0.000326475 0 0 0 
0.000516871 0 0 0 0.000318566 0 0 0 0.000371646 0 0 0 0.000593661 0 0 0 0.00052522 0 0 0 0.000955363 0 0 0 0.00246347 0 0 0 0.00453538 0 0 0 
0.00479419 0 0 0 0.0101893 0 0 0 0.0328605 0 0 0 0.0626589 0 0 0 0.060437 0 0 0 0.0271595 0 0 0 0.00314778 0 0 0 0.000176595 0 0 0 
0.000176336 0 0 0 7.02895e-05 0 0 0 4.15636e-05 0 0 0 2.81191e-05 0 0 0 1.73698e-05 0 0 0 1.73001e-05 0 0 0 2.03371e-05 0 0 0 0.000715809 0 0 0 
0.000279842 0 0 0 9.12795e-05 0 0 0 0.000730641 0 0 0 0.00020479 0 0 0 0.000916772 0 0 0 0.000923409 0 0 0 0.000220079 0 0 0 0.000491176 0 0 0 
0.000151791 0 0 0 0.000704664 0 0 0 0.000219482 0 0 0 0.000772811 0 0 0 0.000623366 0 0 0 0.00311005 0 0 0 0.0111275 0 0 0 0.0107585 0 0 0 
0.00952807 0 0 0 0.00485277 0 0 0 0.000730368 0 0 0 0.000641772 0 0 0 4.8129e-05 0 0 0 0.000200123 0 0 0 5.38578e-05 0 0 0 3.30894e-05 0 0 0 
3.89639e-05 0 0 0 6.39284e-05 0 0 0 0.000120401 0 0 0 0.000226678 0 0 0 0.00071038 0 0 0 1.84627e-05 0 0 0 6.5619e-05 0 0 0 8.79347e-05 0 0 0 
1.23039e-05 0 0 0 0.000817461 0 0 0 0.000741787 0 0 0 0.00017976 0 0 0 8.74847e-05 0 0 0 6.75965e-05 0 0 0 7.73212e-05 0 0 0 8.99378e-05 0 0 0 
9.27892e-05 0 0 0 0.000154616 0 0 0 0.000430764 0 0 0 6.5895e-05 0 0 0 0.00037849 0 0 0 0.000520299 0 0 0 0.000385264 0 0 0 0.00012219 0 0 0 
0.000126187 0 0 0 0.000601807 0 0 0 0.00046795 0 0 0 0.000288352 0 0 0 0.000989111 0 0 0 0.00042718 0 0 0 0.000307293 0 0 0 0.000361141 0 0 0 
0.000478412 0 0 0 0.00052797 0 0 0 0.000417591 0 0 0 0.000237975 0 0 0 0.000122832 0 0 0 6.85761e-05 0 0 0 4.93895e-05 0 0 0 5.08906e-05 0 0 0 
5.44563e-05 0 0 0 5.92827e-05 0 0 0 9.36402e-05 0 0 0 0.000229487 0 0 0 0.000533236 0 0 0 0.000807273 0 0 0 5.03581e-05 0 0 0 0.000118631 0 0 0 
0.0001812 0 0 0 0.000193717 0 0 0 0.000257887 0 0 0 0.00060905 0 0 0 0.000332634 0 0 0 0.00070817 0 0 0 2.05884e-05 0 0 0 0.00020903 0 0 0 
0.000134869 0 0 0 9.31162e-05 0 0 0 0.000339139 0 0 0 0.000733389 0 0 0 0.00103213 0 0 0 0.00128777 0 0 0 0.00321061 0 0 0 0.00883763 0 0 0 
0.0101973 0 0 0 0.00310224 0 0 0 0.000616298 0 0 0 0.000193351 0 0 0 9.22581e-05 0 0 0 5.50917e-05 0 0 0 9.59894e-05 0 0 0 0.000404204 0 0 0 
0.000573466 0 0 0 0.000847827 0 0 0 0.000863565 0 0 0 0.000410157 0 0 0 0.000552359 0 0 0 0.000571417 0 0 0 0.000362873 0 0 0 0.00039148 0 0 0 
0.0006037 0 0 0 0.000232835 0 0 0 0.00042108 0 0 0 0.000622667 0 0 0 0.000506565 0 0 0 0.000929046 0 0 0 0.00218918 0 0 0 0.00386969 0 0 0 
0.0040754 0 0 0 0.00814082 0 0 0 0.0274633 0 0 0 0.0688954 0 0 0 0.0771278 0 0 0 0.0275028 0 0 0 0.00259243 0 0 0 0.0005289 0 0 0 
6.78973e-05 0 0 0 2.52794e-05 0 0 0 0.000824167 0 0 0 0.000607847 0 0 0 0.000519476 0 0 0 0.000526719 0 0 0 0.000520484 0 0 0 0.000285157 0 0 0 
0.000117438 0 0 0 4.36972e-05 0 0 0 0.000531327 0 0 0 0.00017486 0 0 0 0.000891451 0 0 0 0.000730334 0 0 0 0.000181533 0 0 0 0.000439724 0 0 0 
8.70202e-05 0 0 0 0.000453292 0 0 0 0.000241092 0 0 0 0.000707347 0 0 0 0.000552259 0 0 0 0.00308592 0 0 0 0.0100053 0 0 0 0.0138523 0 0 0 
0.0153338 0 0 0 0.00756917 0 0 0 0.000818331 0 0 0 0.000281507 0 0 0 0.000385437 0 0 0 6.22795e-05 0 0 0 1.72676e-05 0 0 0 0.000904417 0 0 0 
1.22186e-05 0 0 0 1.56457e-05 0 0 0 2.24613e-05 0 0 0 5.54013e-05 0 0 0 0.000194895 0 0 0 0.000704502 0 0 0 1.57882e-05 0 0 0 3.08479e-05 0 0 0 
0.00029216 0 0 0 0.000635198 0 0 0 0.000373186 0 0 0 0.000103077 0 0 0 5.54917e-05 0 0 0 4.03233e-05 0 0 0 4.52888e-05 0 0 0 5.38296e-05 0 0 0 
4.69247e-05 0 0 0 6.07481e-05 0 0 0 0.000154369 0 0 0 0.000585031 0 0 0 0.000233296 0 0 0 0.000630425 0 0 0 0.000288259 0 0 0 8.40981e-05 0 0 0 
7.53781e-05 0 0 0 0.000405994 0 0 0 0.000574299 0 0 0 0.000428566 0 0 0 0.000827597 0 0 0 0.000621905 0 0 0 0.000463944 0 0 0 0.00053603 0 0 0 
0.000658046 0 0 0 0.000721977 0 0 0 0.000596013 0 0 0 0.000317205 0 0 0 0.000137157 0 0 0 6.68145e-05 0 0 0 4.31961e-05 0 0 0 3.72348e-05 0 0 0 
3.60395e-05 0 0 0 4.12683e-05 0 0 0 6.67431e-05 0 0 0 0.00017216 0 0 0 0.000455524 0 0 0 0.000821377 0 0 0 8.00134e-05 0 0 0 0.000146666 0 0 0 
0.000209476 0 0 0 0.000259943 0 0 0 0.000365603 0 0 0 0.000880202 0 0 0 0.000121744 0 0 0 0.000209881 0 0 0 0.000476536 0 0 0 0.000114514 0 0 0 
8.24126e-05 0 0 0 0.000817859 0 0 0 0.000455974 0 0 0 0.000831149 0 0 0 0.00111549 0 0 0 0.00128659 0 0 0 0.00356766 0 0 0 0.00983385 0 0 0 
0.00778653 0 0 0 0.00193445 0 0 0 0.000397037 0 0 0 0.000608396 0 0 0 0.000508539 0 0 0 0.000463214 0 0 0 0.000865053 0 0 0 0.000407856 0 0 0 
0.000807205 0 0 0 0.000991896 0 0 0 0.000649245 0 0 0 0.00027348 0 0 0 0.000361591 0 0 0 0.000504731 0 0 0 0.000759199 0 0 0 0.000612639 0 0 0 
0.000717661 0 0 0 0.000150554 0 0 0 0.000589579 0 0 0 0.000583172 0 0 0 0.000574023 0 0 0 0.00122661 0 0 0 0.00290005 0 0 0 0.00437599 0 0 0 
0.00489891 0 0 0 0.00988264 0 0 0 0.0326951 0 0 0 0.0943061 0 0 0 0.0950268 0 0 0 0.0275272 0 0 0 0.00334835 0 0 0 0.000492078 0 0 0 
4.64774e-05 0 0 0 0.000591986 0 0 0 0.000496131 0 0 0 0.000376224 0 0 0 0.000288625 0 0 0 0.000268108 0 0 0 0.000243592 0 0 0 0.00013319 0 0 0 
5.4531e-05 0 0 0 2.41074e-05 0 0 0 0.000379686 0 0 0 0.00010294 0 0 0 0.000594085 0 0 0 0.000510239 0 0 0 0.00010015 0 0 0 0.000293033 0 0 0 
0.000912079 0 0 0 0.000182257 0 0 0 0.000527093 0 0 0 0.000458453 0 0 0 0.000416473 0 0 0 0.00512332 0 0 0 0.0219983 0 0 0 0.0303356 0 0 0 
0.0154729 0 0 0 0.00451713 0 0 0 0.000884464 0 0 0 8.67646e-05 0 0 0 0.000151068 0 0 0 2.42898e-05 0 0 0 0.000323944 0 0 0 0.000152973 0 0 0 
0.00019905 0 0 0 0.000286335 0 0 0 0.000376619 0 0 0 8.92111e-06 0 0 0 3.91788e-05 0 0 0 0.000123883 0 0 0 0.000389686 0 0 0 0.000641831 0 0 0 
5.7683e-05 0 0 0 0.000727445 0 0 0 0.000319179 0 0 0 8.94799e-05 0 0 0 4.79541e-05 0 0 0 3.5675e-05 0 0 0 3.49295e-05 0 0 0 3.57564e-05 0 0 0 
3.03043e-05 0 0 0 3.56602e-05 0 0 0 7.51916e-05 0 0 0 0.000253726 0 0 0 0.000125496 0 0 0 0.000786935 0 0 0 0.000177261 0 0 0 0.000902056 0 0 0 
2.96326e-05 0 0 0 0.000249359 0 0 0 0.000738454 0 0 0 0.000933611 0 0 0 0.000691902 0 0 0 0.000647915 0 0 0 0.000896208 0 0 0 0.000897802 0 0 0 
0.000854228 0 0 0 0.000880653 0 0 0 0.000820727 0 0 0 0.000481951 0 0 0 0.000204227 0 0 0 9.19595e-05 0 0 0 5.23954e-05 0 0 0 3.69287e-05 0 0 0 
3.30284e-05 0 0 0 3.92675e-05 0 0 0 5.92397e-05 0 0 0 0.000124882 0 0 0 0.00030838 0 0 0 0.000688406 0 0 0 0.000102707 0 0 0 0.000163033 0 0 0 
0.000204303 0 0 0 0.000316701 0 0 0 0.000581656 0 0 0 4.5829e-05 0 0 0 7.75816e-05 0 0 0 9.03132e-05 0 0 0 0.000176062 0 0 0 7.61069e-05 0 0 0 
6.38311e-05 0 0 0 0.000366904 0 0 0 0.000776852 0 0 0 0.000736831 0 0 0 0.00123476 0 0 0 0.00168641 0 0 0 0.0037294 0 0 0 0.00893898 0 0 0 
0.00713267 0 0 0 0.00163516 0 0 0 0.000669372 0 0 0 0.000290188 0 0 0 0.000186345 0 0 0 0.000156623 0 0 0 0.000291813 0 0 0 0.000260619 0 0 0 
0.000782138 0 0 0 0.000897079 0 0 0 0.000516586 0 0 0 0.000270092 0 0 0 0.000310632 0 0 0 0.000773387 0 0 0 0.000394507 0 0 0 0.000363094 0 0 0 
0.000519828 0 0 0 0.00059254 0 0 0 0.000322129 0 0 0 0.000438837 0 0 0 0.000757474 0 0 0 0.00105156 0 0 0 0.00327037 0 0 0 0.00516867 0 0 0 
0.00576294 0 0 0 0.0123694 0 0 0 0.0391205 0 0 0 0.0857693 0 0 0 0.0744626 0 0 0 0.0271836 0 0 0 0.00406563 0 0 0 0.000385851 0 0 0 
0.000526745 0 0 0 0.000246651 0 0 0 0.000182562 0 0 0 0.000130477 0 0 0 7.57655e-05 0 0 0 6.96937e-05 0 0 0 7.03611e-05 0 0 0 3.8671e-05 0 0 0 
1.61053e-05 0 0 0 0.000449061 0 0 0 0.000155864 0 0 0 5.77779e-05 0 0 0 0.000463954 0 0 0 0.000483704 0 0 0 0.000835713 0 0 0 0.000169681 0 0 0 
0.000520286 0 0 0 8.02473e-05 0 0 0 0.00023287 0 0 0 0.000676325 0 0 0 0.000772959 0 0 0 0.00516339 0 0 0 0.0252062 0 0 0 0.0253422 0 0 0 
0.0110909 0 0 0 0.00330989 0 0 0 0.00055186 0 0 0 0.000893868 0 0 0 9.17592e-05 0 0 0 0.000592665 0 0 0 0.000123655 0 0 0 5.50562e-05 0 0 0 
6.62691e-05 0 0 0 0.000119151 0 0 0 0.00020237 0 0 0 0.000446023 0 0 0 1.06128e-05 0 0 0 4.34947e-05 0 0 0 0.000128261 0 0 0 0.000164053 0 0 0 
2.36437e-05 0 0 0 0.000872072 0 0 0 0.000407507 0 0 0 0.000105601 0 0 0 0.000693494 0 0 0 0.000777471 0 0 0 3.39057e-05 0 0 0 2.72265e-05 0 0 0 
2.26647e-05 0 0 0 2.6438e-05 0 0 0 4.6021e-05 0 0 0 0.000134011 0 0 0 0.000654943 0 0 0 0.000865042 0 0 0 6.74287e-05 0 0 0 0.000323718 0 0 0 
0.000408193 0 0 0 9.68239e-05 0 0 0 0.000450541 0 0 0 0.000540747 0 0 0 0.000154058 0 0 0 0.000890696 0 0 0 0.000942542 0 0 0 0.000709265 0 0 0 
0.000373265 0 0 0 0.000975166 0 0 0 0.000174563 0 0 0 0.000755727 0 0 0 0.000347058 0 0 0 0.000140745 0 0 0 7.06542e-05 0 0 0 4.63787e-05 0 0 0 
3.97181e-05 0 0 0 4.34056e-05 0 0 0 6.04079e-05 0 0 0 0.000117006 0 0 0 0.000273919 0 0 0 0.000603338 0 0 0 9.73751e-05 0 0 0 0.000160699 0 0 0 
0.000185969 0 0 0 0.000297499 0 0 0 0.000738196 0 0 0 4.31188e-05 0 0 0 4.94761e-05 0 0 0 4.58802e-05 0 0 0 9.20372e-05 0 0 0 0.000826681 0 0 0 
0.000555335 0 0 0 0.000120136 0 0 0 0.000318381 0 0 0 0.00083138 0 0 0 0.00114249 0 0 0 0.00168795 0 0 0 0.00335617 0 0 0 0.00803342 0 0 0 
0.00934099 0 0 0 0.00262226 0 0 0 0.000664336 0 0 0 0.000215459 0 0 0 0.000107636 0 0 0 7.4066e-05 0 0 0 0.000131745 0 0 0 0.000561192 0 0 0 
0.000517772 0 0 0 0.000903527 0 0 0 0.000976435 0 0 0 0.000887499 0 0 0 0.000907283 0 0 0 0.000587585 0 0 0 0.000304879 0 0 0 0.000326475 0 0 0 
0.000516871 0 0 0 0.000318566 0 0 0 0.000371646 0 0 0 0.000593661 0 0 0 0.00052522 0 0 0 0.000955363 0 0 0 0.00246347 0 0 0 0.00453538 0 0 0 
0.00479419 0 0 0 0.0101893 0 0 0 0.0328605 0 0 0 0.0626589 0 0 0 0.060437 0 0 0 0.0271595 0 0 0 0.00314778 0 0 0 0.000176595 0 0 0 
0.000176336 0 0 0 7.02895e-05 0 0 0 4.15636e-05 0 0 0 2.81191e-05 0 0 0 1.73698e-05 0 0 0 1.73001e-05 0 0 0 2.03371e-05 0 0 0 0.000726533 0 0 0 
0.000300703 0 0 0 0.000119563 0 0 0 5.18639e-05 0 0 0 0.000667216 0 0 0 0.000454657 0 0 0 0.000521153 0 0 0 0.00073791 0 0 0 7.93172e-05 0 0 0 
0.000248063 0 0 0 0.00083278 0 0 0 0.000219482 0 0 0 0.000772811 0 0 0 0.000623366 0 0 0 0.00311005 0 0 0 0.0113927 0 0 0 0.0115446 0 0 0 
0.0109833 0 0 0 0.00616376 0 0 0 0.000843469 0 0 0 0.000641772 0 0 0 4.8129e-05 0 0 0 0.000200123 0 0 0 5.38578e-05 0 0 0 3.30894e-05 0 0 0 
3.89639e-05 0 0 0 6.39284e-05 0 0 0 0.000120401 0 0 0 0.000226678 0 0 0 0.00071038 0 0 0 1.84627e-05 0 0 0 7.05437e-05 0 0 0 9.44268e-05 0 0 0 
1.23039e-05 0 0 0 0.0001227 0 0 0 0.000431857 0 0 0 0.000950212 0 0 0 0.000621536 0 0 0 0.00064775 0 0 0 0.000883393 0 0 0 0.000922251 0 0 0 
0.000765553 0 0 0 0.000801205 0 0 0 3.59324e-05 0 0 0 9.53263e-05 0 0 0 0.000398504 0 0 0 0.000578488 0 0 0 0.000543509 0 0 0 0.000199501 0 0 0 
0.000220956 0 0 0 4.62044e-05 0 0 0 0.00020175 0 0 0 0.00035264 0 0 0 0.000312661 0 0 0 0.000494798 0 0 0 0.000819022 0 0 0 0.000586841 0 0 0 
0.000786139 0 0 0 0.000493234 0 0 0 0.000325328 0 0 0 0.000153687 0 0 0 0.000548355 0 0 0 0.000202942 0 0 0 9.13237e-05 0 0 0 5.79245e-05 0 0 0 
5.2193e-05 0 0 0 5.7339e-05 0 0 0 7.6319e-05 0 0 0 0.000148035 0 0 0 0.000349298 0 0 0 0.000705896 0 0 0 0.000101773 0 0 0 0.000163463 0 0 0 
0.000229546 0 0 0 0.000432487 0 0 0 0.000579745 0 0 0 2.37162e-05 0 0 0 2.42344e-05 0 0 0 2.39307e-05 0 0 0 5.21794e-05 0 0 0 0.000421218 0 0 0 
0.000190698 0 0 0 9.75736e-05 0 0 0 0.000339139 0 0 0 0.000733389 0 0 0 0.00103213 0 0 0 0.00128777 0 0 0 0.00321061 0 0 0 0.00883763 0 0 0 
0.0101973 0 0 0 0.00310224 0 0 0 0.000616298 0 0 0 0.000193351 0 0 0 9.22581e-05 0 0 0 5.50917e-05 0 0 0 9.59894e-05 0 0 0 0.000404204 0 0 0 
0.000573466 0 0 0 0.000847827 0 0 0 0.000863565 0 0 0 0.000410157 0 0 0 0.000552359 0 0 0 0.000571417 0 0 0 0.000362873 0 0 0 0.00039148 0 0 0 
0.0006037 0 0 0 0.000232835 0 0 0 0.00042108 0 0 0 0.000622667 0 0 0 0.000506565 0 0 0 0.000929046 0 0 0 0.00218918 0 0 0 0.00386969 0 0 0 
0.0040754 0 0 0 0.00814082 0 0 0 0.0274633 0 0 0 0.0688954 0 0 0 0.0771278 0 0 0 0.0275028 0 0 0 0.00259243 0 0 0 0.0005289 0 0 0 
6.78973e-05 0 0 0 2.52794e-05 0 0 0 0.000824167 0 0 0 0.000607847 0 0 0 0.000519476 0 0 0 0.000526719 0 0 0 0.000520484 0 0 0 0.000285157 0 0 0 
0.000121417 0 0 0 4.97483e-05 0 0 0 0.000759246 0 0 0 0.000372228 0 0 0 0.00028571 0 0 0 0.000322159 0 0 0 0.00049767 0 0 0 0.000748235 0 0 0 
0.000103636 0 0 0 0.00046359 0 0 0 0.000241092 0 0 0 0.000707347 0 0 0 0.000552259 0 0 0 0.00308592 0 0 0 0.0100053 0 0 0 0.0138523 0 0 0 
0.0153338 0 0 0 0.00756917 0 0 0 0.000818331 0 0 0 0.000281507 0 0 0 0.000385437 0 0 0 6.22795e-05 0 0 0 1.72676e-05 0 0 0 0.000904417 0 0 0 
1.22186e-05 0 0 0 1.56457e-05 0 0 0 2.24613e-05 0 0 0 5.54013e-05 0 0 0 0.000194895 0 0 0 0.000704502 0 0 0 1.71731e-05 0 0 0 3.35158e-05 0 0 0 
0.000326 0 0 0 0.000914493 0 0 0 0.000349549 0 0 0 0.00095801 0 0 0 0.000643033 0 0 0 0.000573539 0 0 0 0.00065035 0 0 0 0.000647078 0 0 0 
0.000467169 0 0 0 0.000434945 0 0 0 0.000664075 0 0 0 8.08048e-05 0 0 0 0.000309852 0 0 0 0.000681487 0 0 0 0.000367916 0 0 0 0.000126534 0 0 0 
0.000119638 0 0 0 0.000996666 0 0 0 0.000118991 0 0 0 0.000408813 0 0 0 0.000815479 0 0 0 0.000755672 0 0 0 0.00088426 0 0 0 0.000677529 0 0 0 
0.000948128 0 0 0 0.000672762 0 0 0 0.000476565 0 0 0 0.000249454 0 0 0 0.000809849 0 0 0 0.000303324 0 0 0 0.000124109 0 0 0 7.40665e-05 0 0 0 
7.24582e-05 0 0 0 9.05421e-05 0 0 0 0.000125367 0 0 0 0.000227676 0 0 0 0.000491201 0 0 0 0.000986659 0 0 0 0.000155472 0 0 0 0.00022538 0 0 0 
0.00042116 0 0 0 0.000354151 0 0 0 0.000546004 0 0 0 0.000846901 0 0 0 1.45211e-05 0 0 0 1.59099e-05 0 0 0 3.42463e-05 0 0 0 0.000273278 0 0 0 
0.000134954 0 0 0 0.00097265 0 0 0 0.000467383 0 0 0 0.000831149 0 0 0 0.00111549 0 0 0 0.00128659 0 0 0 0.00356766 0 0 0 0.00983385 0 0 0 
0.00778653 0 0 0 0.00193445 0 0 0 0.000397037 0 0 0 0.000608396 0 0 0 0.000508539 0 0 0 0.000463214 0 0 0 0.000865053 0 0 0 0.000407856 0 0 0 
0.000807205 0 0 0 0.000991896 0 0 0 0.000649245 0 0 0 0.00027348 0 0 0 0.000361591 0 0 0 0.000504731 0 0 0 0.000759199 0 0 0 0.000612639 0 0 0 
0.000717661 0 0 0 0.000150554 0 0 0 0.000589579 0 0 0 0.000583172 0 0 0 0.000574023 0 0 0 0.00122661 0 0 0 0.00290005 0 0 0 0.00437599 0 0 0 
0.00489891 0 0 0 0.00988264 0 0 0 0.0326951 0 0 0 0.0943061 0 0 0 0.0950268 0 0 0 0.0275272 0 0 0 0.00334835 0 0 0 0.000492078 0 0 0 
4.64774e-05 0 0 0 0.000591986 0 0 0 0.000496131 0 0 0 0.000376224 0 0 0 0.000288625 0 0 0 0.000268108 0 0 0 0.000243592 0 0 0 0.00013319 0 0 0 
5.4531e-05 0 0 0 2.41074e-05 0 0 0 0.000411367 0 0 0 0.000145729 0 0 0 0.000104233 0 0 0 0.000117352 0 0 0 0.000196808 0 0 0 0.000389158 0 0 0 
0.000968721 0 0 0 0.000182257 0 0 0 0.000527093 0 0 0 0.000458453 0 0 0 0.000416473 0 0 0 0.00512332 0 0 0 0.0219983 0 0 0 0.0303356 0 0 0 
0.0154729 0 0 0 0.00451713 0 0 0 0.000884464 0 0 0 8.67646e-05 0 0 0 0.000151068 0 0 0 2.42898e-05 0 0 0 0.000323944 0 0 0 0.000152973 0 0 0 
0.00019905 0 0 0 0.000286335 0 0 0 0.000376619 0 0 0 8.92111e-06 0 0 0 3.91788e-05 0 0 0 0.000123883 0 0 0 0.000398284 0 0 0 0.00065602 0 0 0 
8.90724e-05 0 0 0 0.000582634 0 0 0 0.000403306 0 0 0 0.000117017 0 0 0 0.000835501 0 0 0 0.000647044 0 0 0 0.000559164 0 0 0 0.000483152 0 0 0 
0.000341686 0 0 0 0.000304692 0 0 0 0.000437524 0 0 0 0.000905676 0 0 0 0.000241173 0 0 0 0.00092804 0 0 0 0.000189492 0 0 0 3.73834e-05 0 0 0 
3.41195e-05 0 0 0 0.000386762 0 0 0 7.00061e-05 0 0 0 0.000490384 0 0 0 5.98976e-05 0 0 0 0.000289713 0 0 0 0.000244168 0 0 0 0.000847605 0 0 0 
0.000328646 0 0 0 0.000155357 0 0 0 0.000730965 0 0 0 0.000402319 0 0 0 0.000153335 0 0 0 0.000479926 0 0 0 0.000204528 0 0 0 0.000135687 0 0 0 
0.000136872 0 0 0 0.000168188 0 0 0 0.00023025 0 0 0 0.000362023 0 0 0 0.00065821 0 0 0 0.000188045 0 0 0 0.000270166 0 0 0 0.000363856 0 0 0 
0.000703431 0 0 0 0.000269806 0 0 0 0.000734755 0 0 0 2.16984e-05 0 0 0 1.9361e-05 0 0 0 1.82802e-05 0 0 0 3.18234e-05 0 0 0 0.000232127 0 0 0 
0.000117009 0 0 0 0.000462929 0 0 0 0.000809592 0 0 0 0.000736831 0 0 0 0.00123476 0 0 0 0.00168641 0 0 0 0.0037294 0 0 0 0.00893898 0 0 0 
0.00713267 0 0 0 0.00163516 0 0 0 0.000669372 0 0 0 0.000290188 0 0 0 0.000186345 0 0 0 0.000156623 0 0 0 0.000291813 0 0 0 0.000260619 0 0 0 
0.000782138 0 0 0 0.000897079 0 0 0 0.000516586 0 0 0 0.000270092 0 0 0 0.000310632 0 0 0 0.000773387 0 0 0 0.000394507 0 0 0 0.000363094 0 0 0 
0.000519828 0 0 0 0.00059254 0 0 0 0.000322129 0 0 0 0.000438837 0 0 0 0.000757474 0 0 0 0.00105156 0 0 0 0.00327037 0 0 0 0.00516867 0 0 0 
0.00576294 0 0 0 0.0123694 0 0 0 0.0391205 0 0 0 0.0857693 0 0 0 0.0744626 0 0 0 0.0271836 0 0 0 0.00406563 0 0 0 0.000385851 0 0 0 
0.000526745 0 0 0 0.000246651 0 0 0 0.000182562 0 0 0 0.000130477 0 0 0 7.57655e-05 0 0 0 6.96937e-05 0 0 0 7.03611e-05 0 0 0 3.8671e-05 0 0 0 
1.61053e-05 0 0 0 0.000449061 0 0 0 0.000155864 0 0 0 6.29246e-05 0 0 0 0.000614071 0 0 0 0.000687675 0 0 0 7.49553e-05 0 0 0 0.000177996 0 0 0 
0.000520286 0 0 0 8.02473e-05 0 0 0 0.00023287 0 0 0 0.000676325 0 0 0 0.000772959 0 0 0 0.00516339 0 0 0 0.0252062 0 0 0 0.0253422 0 0 0 
0.0110909 0 0 0 0.00330989 0 0 0 0.00055186 0 0 0 0.000893868 0 0 0 9.17592e-05 0 0 0 0.000592665 0 0 0 0.000123655 0 0 0 5.50562e-05 0 0 0 
6.62691e-05 0 0 0 0.000119151 0 0 0 0.00020237 0 0 0 0.000446023 0 0 0 1.06128e-05 0 0 0 4.34947e-05 0 0 0 0.000128261 0 0 0 0.000172378 0 0 0 
6.17531e-05 0 0 0 0.000718079 0 0 0 0.000829798 0 0 0 0.000217738 0 0 0 0.00010356 0 0 0 0.000939179 0 0 0 0.000655695 0 0 0 0.000434985 0 0 0 
0.000308598 0 0 0 0.000289904 0 0 0 0.000386373 0 0 0 0.000765436 0 0 0 0.000234285 0 0 0 0.000141714 0 0 0 7.98599e-05 0 0 0 0.000338184 0 0 0 
0.000408193 0 0 0 0.00011977 0 0 0 2.996e-05 0 0 0 0.000266814 0 0 0 2.86196e-05 0 0 0 0.000290766 0 0 0 0.000525599 0 0 0 0.000923087 0 0 0 
0.000469861 0 0 0 0.000377138 0 0 0 0.000180121 0 0 0 0.00054155 0 0 0 0.000230948 0 0 0 0.000941726 0 0 0 0.000471578 0 0 0 0.0003563 0 0 0 
0.000333347 0 0 0 0.000370601 0 0 0 0.000465589 0 0 0 0.000635675 0 0 0 0.000961751 0 0 0 0.000380387 0 0 0 0.000499591 0 0 0 0.000683855 0 0 0 
0.00011679 0 0 0 0.000303253 0 0 0 0.000947244 0 0 0 4.99913e-05 0 0 0 3.82085e-05 0 0 0 0.000856113 0 0 0 0.000898558 0 0 0 0.0002095 0 0 0 
7.32772e-05 0 0 0 0.000159313 0 0 0 0.000333834 0 0 0 0.00083138 0 0 0 0.00114249 0 0 0 0.00168795 0 0 0 0.00335617 0 0 0 0.00803342 0 0 0 
0.00934099 0 0 0 0.00262226 0 0 0 0.000664336 0 0 0 0.000215459 0 0 0 0.000107636 0 0 0 7.4066e-05 0 0 0 0.000131745 0 0 0 0.000561192 0 0 0 
0.000517772 0 0 0 0.000903527 0 0 0 0.000976435 0 0 0 0.000887499 0 0 0 0.000907283 0 0 0 0.000587585 0 0 0 0.000304879 0 0 0 0.000326475 0 0 0 
0.000516871 0 0 0 0.000318566 0 0 0 0.000371646 0 0 0 0.000593661 0 0 0 0.00052522 0 0 0 0.000955363 0 0 0 0.00246347 0 0 0 0.00453538 0 0 0 
0.00479419 0 0 0 0.0101893 0 0 0 0.0328605 0 0 0 0.0626589 0 0 0 0.060437 0 0 0 0.0271595 0 0 0 0.00314778 0 0 0 0.000176595 0 0 0 
0.000176336 0 0 0 7.02895e-05 0 0 0 4.15636e-05 0 0 0 2.81191e-05 0 0 0 1.73698e-05 0 0 0 1.73001e-05 0 0 0 2.03371e-05 0 0 0 0.000726533 0 0 0 
0.000300703 0 0 0 0.000119563 0 0 0 5.18639e-05 0 0 0 0.000667216 0 0 0 0.000454657 0 0 0 0.000521153 0 0 0 0.00073791 0 0 0 7.93172e-05 0 0 0 
0.000248063 0 0 0 0.00083278 0 0 0 0.000219482 0 0 0 0.000772811 0 0 0 0.000623366 0 0 0 0.00311005 0 0 0 0.0113927 0 0 0 0.0115446 0 0 0 
0.0109833 0 0 0 0.00616376 0 0 0 0.000843469 0 0 0 0.000641772 0 0 0 4.8129e-05 0 0 0 0.000200123 0 0 0 5.38578e-05 0 0 0 3.30894e-05 0 0 0 
3.89639e-05 0 0 0 6.39284e-05 0 0 0 0.000120401 0 0 0 0.000226678 0 0 0 0.00071038 0 0 0 1.84627e-05 0 0 0 7.05437e-05 0 0 0 0.000116808 0 0 0 
5.71861e-05 0 0 0 2.67444e-05 0 0 0 0.000379245 0 0 0 0.00046844 0 0 0 0.000206819 0 0 0 0.000133813 0 0 0 9.37107e-05 0 0 0 0.000567187 0 0 0 
0.000382984 0 0 0 0.000387467 0 0 0 0.00053309 0 0 0 8.70971e-05 0 0 0 0.000361399 0 0 0 0.000147345 0 0 0 0.000969069 0 0 0 0.00022177 0 0 0 
0.000220956 0 0 0 5.61773e-05 0 0 0 0.000584132 0 0 0 0.000109389 0 0 0 0.000798446 0 0 0 0.000233093 0 0 0 0.00056903 0 0 0 0.000121255 0 0 0 
0.000881812 0 0 0 0.000994007 0 0 0 0.000332698 0 0 0 0.000577639 0 0 0 0.00036328 0 0 0 0.000190366 0 0 0 0.000154484 0 0 0 0.000934946 0 0 0 
0.000799393 0 0 0 0.000909484 0 0 0 0.000340436 0 0 0 0.000324964 0 0 0 0.000484948 0 0 0 0.000863085 0 0 0 0.000567878 0 0 0 0.000651503 0 0 0 
0.000410903 0 0 0 0.000527992 0 0 0 0.000638573 0 0 0 0.00072731 0 0 0 0.000710669 0 0 0 0.000549775 0 0 0 0.000609801 0 0 0 0.000121962 0 0 0 
0.000482873 0 0 0 0.000128026 0 0 0 0.000349757 0 0 0 0.000733389 0 0 0 0.00103213 0 0 0 0.00128777 0 0 0 0.00321061 0 0 0 0.00883763 0 0 0 
0.0101973 0 0 0 0.00310224 0 0 0 0.000616298 0 0 0 0.000193351 0 0 0 9.22581e-05 0 0 0 5.50917e-05 0 0 0 9.59894e-05 0 0 0 0.000404204 0 0 0 
0.000573466 0 0 0 0.000847827 0 0 0 0.000863565 0 0 0 0.000410157 0 0 0 0.000552359 0 0 0 0.000571417 0 0 0 0.000362873 0 0 0 0.00039148 0 0 0 
0.0006037 0 0 0 0.000232835 0 0 0 0.00042108 0 0 0 0.000622667 0 0 0 0.000506565 0 0 0 0.000929046 0 0 0 0.00218918 0 0 0 0.00386969 0 0 0 
0.0040754 0 0 0 0.00814082 0 0 0 0.0274633 0 0 0 0.0688954 0 0 0 0.0771278 0 0 0 0.0275028 0 0 0 0.00259243 0 0 0 0.0005289 0 0 0 
6.78973e-05 0 0 0 2.52794e-05 0 0 0 0.000824167 0 0 0 0.000607847 0 0 0 0.000519476 0 0 0 0.000526719 0 0 0 0.000520484 0 0 0 0.000285157 0 0 0 
0.000121417 0 0 0 4.97483e-05 0 0 0 0.000759246 0 0 0 0.000372228 0 0 0 0.00028571 0 0 0 0.000322159 0 0 0 0.00049767 0 0 0 0.000748235 0 0 0 
0.000103636 0 0 0 0.00046359 0 0 0 0.000241092 0 0 0 0.000707347 0 0 0 0.000552259 0 0 0 0.00308592 0 0 0 0.0100053 0 0 0 0.0138523 0 0 0 
0.0153338 0 0 0 0.00756917 0 0 0 0.000818331 0 0 0 0.000281507 0 0 0 0.000385437 0 0 0 6.22795e-05 0 0 0 1.72676e-05 0 0 0 0.000904417 0 0 0 
1.22186e-05 0 0 0 1.56457e-05 0 0 0 2.24613e-05 0 0 0 5.54013e-05 0 0 0 0.000194895 0 0 0 0.000704502 0 0 0 1.78452e-05 0 0 0 5.74855e-05 0 0 0 
2.02591e-05 0 0 0 1.80767e-05 0 0 0 0.000628295 0 0 0 0.000967933 0 0 0 0.000446136 0 0 0 0.000286805 0 0 0 0.000200166 0 0 0 0.000968044 0 0 0 
0.000639074 0 0 0 0.000651498 0 0 0 0.000918137 0 0 0 0.000189703 0 0 0 0.000767429 0 0 0 0.00015342 0 0 0 6.98006e-05 0 0 0 0.000162224 0 0 0 
0.000122201 0 0 0 3.50698e-05 0 0 0 0.000278051 0 0 0 6.89608e-05 0 0 0 0.000868437 0 0 0 0.000206467 0 0 0 0.000529167 0 0 0 0.000603893 0 0 0 
0.000196146 0 0 0 0.000308054 0 0 0 0.000912795 0 0 0 0.000623559 0 0 0 0.000496219 0 0 0 0.000354015 0 0 0 0.000341363 0 0 0 0.000534828 0 0 0 
0.000839757 0 0 0 0.000537022 0 0 0 0.000780731 0 0 0 0.00064068 0 0 0 0.000783763 0 0 0 0.000660978 0 0 0 0.000842713 0 0 0 0.000693754 0 0 0 
0.000976604 0 0 0 0.000688458 0 0 0 0.000362385 0 0 0 0.000285883 0 0 0 0.000311918 0 0 0 0.000284065 0 0 0 0.0003282 0 0 0 5.17082e-05 0 0 0 
0.000250262 0 0 0 0.000197404 0 0 0 0.000467383 0 0 0 0.000831149 0 0 0 0.00111549 0 0 0 0.00128659 0 0 0 0.00356766 0 0 0 0.00983385 0 0 0 
0.00778653 0 0 0 0.00193445 0 0 0 0.000397037 0 0 0 0.000608396 0 0 0 0.000508539 0 0 0 0.000463214 0 0 0 0.000865053 0 0 0 0.000407856 0 0 0 
0.000807205 0 0 0 0.000991896 0 0 0 0.000649245 0 0 0 0.00027348 0 0 0 0.000361591 0 0 0 0.000504731 0 0 0 0.000759199 0 0 0 0.000612639 0 0 0 
0.000717661 0 0 0 0.000150554 0 0 0 0.000589579 0 0 0 0.000583172 0 0 0 0.000574023 0 0 0 0.00122661 0 0 0 0.00290005 0 0 0 0.00437599 0 0 0 
0.00489891 0 0 0 0.00988264 0 0 0 0.0326951 0 0 0 0.0943061 0 0 0 0.0950268 0 0 0 0.0275272 0 0 0 0.00334835 0 0 0 0.000492078 0 0 0 
4.64774e-05 0 0 0 0.000591986 0 0 0 0.000496131 0 0 0 0.000376224 0 0 0 0.000288625 0 0 0 0.000268108 0 0 0 0.000243592 0 0 0 0.00013319 0 0 0 
5.4531e-05 0 0 0 2.41074e-05 0 0 0 0.000411367 0 0 0 0.000145729 0 0 0 0.000104233 0 0 0 0.000117352 0 0 0 0.000196808 0 0 0 0.000389158 0 0 0 
0.000968721 0 0 0 0.000182257 0 0 0 0.000527093 0 0 0 0.000458453 0 0 0 0.000416473 0 0 0 0.00512332 0 0 0 0.0219983 0 0 0 0.0303356 0 0 0 
0.0154729 0 0 0 0.00451713 0 0 0 0.000884464 0 0 0 8.67646e-05 0 0 0 0.000151068 0 0 0 2.42898e-05 0 0 0 0.000323944 0 0 0 0.000152973 0 0 0 
0.00019905 0 0 0 0.000286335 0 0 0 0.000376619 0 0 0 8.92111e-06 0 0 0 3.91788e-05 0 0 0 0.000123883 0 0 0 0.000461493 0 0 0 1.0757e-05 0 0 0 
0.000833197 0 0 0 0.000684212 0 0 0 0.000466428 0 0 0 0.000373444 0 0 0 0.000943235 0 0 0 0.000657415 0 0 0 0.000429805 0 0 0 0.00038059 0 0 0 
0.000254241 0 0 0 0.000977172 0 0 0 0.000215689 0 0 0 0.000403991 0 0 0 0.000247684 0 0 0 0.000148018 0 0 0 0.000694608 0 0 0 5.64632e-05 0 0 0 
3.51706e-05 0 0 0 0.000409 0 0 0 0.000110806 0 0 0 3.72208e-05 0 0 0 0.00052572 0 0 0 0.000135944 0 0 0 0.00085443 0 0 0 0.00074236 0 0 0 
0.000246045 0 0 0 0.000449285 0 0 0 0.000389475 0 0 0 0.000905611 0 0 0 0.000618316 0 0 0 0.000473306 0 0 0 0.000499089 0 0 0 0.000947295 0 0 0 
0.000967404 0 0 0 0.000916284 0 0 0 0.000774972 0 0 0 0.000874616 0 0 0 0.000439476 0 0 0 0.000666766 0 0 0 0.000924921 0 0 0 0.000759224 0 0 0 
0.000587211 0 0 0 0.00071713 0 0 0 0.000419331 0 0 0 0.000293657 0 0 0 0.000246412 0 0 0 0.000188495 0 0 0 0.000192647 0 0 0 0.000581371 0 0 0 
0.000146289 0 0 0 0.000473828 0 0 0 0.000809592 0 0 0 0.000736831 0 0 0 0.00123476 0 0 0 0.00168641 0 0 0 0.0037294 0 0 0 0.00893898 0 0 0 
0.00713267 0 0 0 0.00163516 0 0 0 0.000669372 0 0 0 0.000290188 0 0 0 0.000186345 0 0 0 0.000156623 0 0 0 0.000291813 0 0 0 0.000260619 0 0 0 
0.000782138 0 0 0 0.000897079 0 0 0 0.000516586 0 0 0 0.000270092 0 0 0 0.000310632 0 0 0 0.000773387 0 0 0 0.000394507 0 0 0 0.000363094 0 0 0 
0.000519828 0 0 0 0.00059254 0 0 0 0.000322129 0 0 0 0.000438837 0 0 0 0.000757474 0 0 0 0.00105156 0 0 0 0.00327037 0 0 0 0.00516867 0 0 0 
0.00576294 0 0 0 0.0123694 0 0 0 0.0391205 0 0 0 0.0857693 0 0 0 0.0744626 0 0 0 0.0271836 0 0 0 0.00406563 0 0 0 0.000385851 0 0 0 
0.000526745 0 0 0 0.000246651 0 0 0 0.000182562 0 0 0 0.000130477 0 0 0 7.57655e-05 0 0 0 6.96937e-05 0 0 0 7.03611e-05 0 0 0 3.8671e-05 0 0 0 
1.61053e-05 0 0 0 0.000449061 0 0 0 0.000155864 0 0 0 6.29246e-05 0 0 0 0.000614071 0 0 0 0.000687675 0 0 0 7.49553e-05 0 0 0 0.000177996 0 0 0 
0.000520286 0 0 0 8.02473e-05 0 0 0 0.00023287 0 0 0 0.000676325 0 0 0 0.000772959 0 0 0 0.00516339 0 0 0 0.0252062 0 0 0 0.0253422 0 0 0 
0.0110909 0 0 0 0.00330989 0 0 0 0.00055186 0 0 0 0.000893868 0 0 0 9.17592e-05 0 0 0 0.000592665 0 0 0 0.000129624 0 0 0 6.005e-05 0 0 0 
7.08751e-05 0 0 0 0.000122171 0 0 0 0.00020237 0 0 0 0.000446023 0 0 0 1.06128e-05 0 0 0 4.44552e-05 0 0 0 0.000173995 0 0 0 0.000572054 0 0 0 
0.000485572 0 0 0 0.000384635 0 0 0 0.000338121 0 0 0 0.000400387 0 0 0 0.000703615 0 0 0 0.000711987 0 0 0 0.000660469 0 0 0 0.000816096 0 0 0 
0.000775218 0 0 0 0.000567632 0 0 0 0.000617843 0 0 0 0.000915455 0 0 0 0.000380258 0 0 0 0.000145877 0 0 0 0.000355756 0 0 0 0.000582694 0 0 0 
0.000424622 0 0 0 0.00011977 0 0 0 3.31129e-05 0 0 0 0.000544019 0 0 0 0.000135147 0 0 0 4.97838e-05 0 0 0 2.11339e-05 0 0 0 0.000176583 0 0 0 
0.000509072 0 0 0 0.000782968 0 0 0 0.00065947 0 0 0 0.000273496 0 0 0 0.000975323 0 0 0 0.000714508 0 0 0 0.000767854 0 0 0 0.000300235 0 0 0 
0.000501843 0 0 0 0.000502252 0 0 0 0.000715984 0 0 0 0.000931017 0 0 0 0.000832824 0 0 0 0.000566055 0 0 0 0.000761333 0 0 0 0.000942956 0 0 0 
0.000460438 0 0 0 0.000967745 0 0 0 0.000618035 0 0 0 0.000457614 0 0 0 0.000254843 0 0 0 0.00013459 0 0 0 0.000113721 0 0 0 0.000306542 0 0 0 
7.57632e-05 0 0 0 0.000159313 0 0 0 0.000333834 0 0 0 0.00083138 0 0 0 0.00114249 0 0 0 0.00168795 0 0 0 0.00335617 0 0 0 0.00803342 0 0 0 
0.00934099 0 0 0 0.00262226 0 0 0 0.000664336 0 0 0 0.000215459 0 0 0 0.000107636 0 0 0 7.4066e-05 0 0 0 0.000131745 0 0 0 0.000561192 0 0 0 
0.000517772 0 0 0 0.000903527 0 0 0 0.000976435 0 0 0 0.000887499 0 0 0 0.000907283 0 0 0 0.000587585 0 0 0 0.000304879 0 0 0 0.000326475 0 0 0 
0.000516871 0 0 0 0.000318566 0 0 0 0.000371646 0 0 0 0.000593661 0 0 0 0.00052522 0 0 0 0.000955363 0 0 0 0.00246347 0 0 0 0.00453538 0 0 0 
0.00479419 0 0 0 0.0101893 0 0 0 0.0328605 0 0 0 0.0626589 0 0 0 0.060437 0 0 0 0.0271595 0 0 0 0.00314778 0 0 0 0.000176595 0 0 0 
0.000176336 0 0 0 7.02895e-05 0 0 0 4.15636e-05 0 0 0 2.81191e-05 0 0 0 1.73698e-05 0 0 0 1.73001e-05 0 0 0 2.03371e-05 0 0 0 0.000726533 0 0 0 
0.000300703 0 0 0 0.000119563 0 0 0 5.18639e-05 0 0 0 0.000667216 0 0 0 0.000454657 0 0 0 0.000521153 0 0 0 0.00073791 0 0 0 7.93172e-05 0 0 0 
0.000248063 0 0 0 0.00083278 0 0 0 0.000219482 0 0 0 0.000772811 0 0 0 0.000623366 0 0 0 0.00311005 0 0 0 0.0113927 0 0 0 0.0115446 0 0 0 
0.0109833 0 0 0 0.00616376 0 0 0 0.000843469 0 0 0 0.000641772 0 0 0 4.8129e-05 0 0 0 0.000203355 0 0 0 6.39308e-05 0 0 0 4.64252e-05 0 0 0 
5.28775e-05 0 0 0 7.26436e-05 0 0 0 0.000120401 0 0 0 0.000232584 0 0 0 0.000778204 0 0 0 2.16673e-05 0 0 0 0.000108187 0 0 0 0.000376052 0 0 0 
0.00034395 0 0 0 0.000328142 0 0 0 0.000377645 0 0 0 0.000589222 0 0 0 0.000913705 0 0 0 0.000947771 0 0 0 0.000440909 0 0 0 0.000657246 0 0 0 
0.00031603 0 0 0 0.000843112 0 0 0 0.000859552 0 0 0 0.000169514 0 0 0 0.000516716 0 0 0 0.000179433 0 0 0 0.000286098 0 0 0 0.000407101 0 0 0 
0.000234356 0 0 0 5.61773e-05 0 0 0 0.000584132 0 0 0 0.000153877 0 0 0 4.73286e-05 0 0 0 2.00077e-05 0 0 0 0.00046591 0 0 0 0.000108617 0 0 0 
0.00057811 0 0 0 0.00018187 0 0 0 0.000482192 0 0 0 0.000354081 0 0 0 0.000223107 0 0 0 0.000225105 0 0 0 0.000403339 0 0 0 0.000555985 0 0 0 
0.000858432 0 0 0 0.000815294 0 0 0 0.000227893 0 0 0 0.000994362 0 0 0 0.000963809 0 0 0 0.000697832 0 0 0 0.000563937 0 0 0 0.000817778 0 0 0 
0.000370115 0 0 0 0.000617191 0 0 0 0.00047215 0 0 0 0.000223704 0 0 0 0.000108318 0 0 0 0.000952153 0 0 0 0.000777663 0 0 0 0.000129922 0 0 0 
0.000482873 0 0 0 0.000128026 0 0 0 0.000349757 0 0 0 0.000733389 0 0 0 0.00103213 0 0 0 0.00128777 0 0 0 0.00321061 0 0 0 0.00883763 0 0 0 
0.0101973 0 0 0 0.00310224 0 0 0 0.000616298 0 0 0 0.000193351 0 0 0 9.22581e-05 0 0 0 5.50917e-05 0 0 0 9.59894e-05 0 0 0 0.000404204 0 0 0 
0.000573466 0 0 0 0.000847827 0 0 0 0.000863565 0 0 0 0.000410157 0 0 0 0.000552359 0 0 0 0.000571417 0 0 0 0.000362873 0 0 0 0.00039148 0 0 0 
0.0006037 0 0 0 0.000232835 0 0 0 0.00042108 0 0 0 0.000622667 0 0 0 0.000506565 0 0 0 0.000929046 0 0 0 0.00218918 0 0 0 0.00386969 0 0 0 
0.0040754 0 0 0 0.00814082 0 0 0 0.0274633 0 0 0 0.0688954 0 0 0 0.0771278 0 0 0 0.0275028 0 0 0 0.00259243 0 0 0 0.0005289 0 0 0 
6.78973e-05 0 0 0 2.52794e-05 0 0 0 0.000824167 0 0 0 0.000607847 0 0 0 0.000519476 0 0 0 0.000526719 0 0 0 0.000520484 0 0 0 0.000285157 0 0 0 
0.000121417 0 0 0 4.97483e-05 0 0 0 0.000759246 0 0 0 0.000372228 0 0 0 0.00028571 0 0 0 0.000322159 0 0 0 0.00049767 0 0 0 0.000748235 0 0 0 
0.000103636 0 0 0 0.00046359 0 0 0 0.000241092 0 0 0 0.000707347 0 0 0 0.000552259 0 0 0 0.00308592 0 0 0 0.0100053 0 0 0 0.0138523 0 0 0 
0.0153338 0 0 0 0.00756917 0 0 0 0.000818331 0 0 0 0.000281507 0 0 0 0.000385437 0 0 0 6.46747e-05 0 0 0 2.45709e-05 0 0 0 1.97863e-05 0 0 0 
2.22448e-05 0 0 0 2.18185e-05 0 0 0 2.67681e-05 0 0 0 7.05097e-05 0 0 0 0.000293875 0 0 0 6.22057e-06 0 0 0 3.24345e-05 0 0 0 0.000166968 0 0 0 
9.55299e-05 0 0 0 0.00016189 0 0 0 0.000263675 0 0 0 0.000455211 0 0 0 0.000778114 0 0 0 0.00103965 0 0 0 0.000590444 0 0 0 0.000847322 0 0 0 
0.000629765 0 0 0 0.000239696 0 0 0 0.00098725 0 0 0 0.000162409 0 0 0 0.000457108 0 0 0 0.000223137 0 0 0 0.000288047 0 0 0 0.000276783 0 0 0 
0.000130201 0 0 0 3.50698e-05 0 0 0 0.000278051 0 0 0 8.35164e-05 0 0 0 3.13561e-05 0 0 0 0.00065718 0 0 0 0.00015441 0 0 0 0.000723592 0 0 0 
0.000304306 0 0 0 0.000993124 0 0 0 0.000550589 0 0 0 0.000473205 0 0 0 0.000358738 0 0 0 0.000461506 0 0 0 0.000522348 0 0 0 0.000500035 0 0 0 
0.000290592 0 0 0 0.000379982 0 0 0 0.000237495 0 0 0 0.000907256 0 0 0 0.00061312 0 0 0 0.000634757 0 0 0 0.000573334 0 0 0 0.00031407 0 0 0 
0.00027862 0 0 0 0.000624957 0 0 0 0.000247774 0 0 0 0.000982095 0 0 0 0.000491224 0 0 0 0.000297661 0 0 0 0.0003282 0 0 0 5.17082e-05 0 0 0 
0.000250262 0 0 0 0.000197404 0 0 0 0.000467383 0 0 0 0.000831149 0 0 0 0.00111549 0 0 0 0.00128659 0 0 0 0.00356766 0 0 0 0.00983385 0 0 0 
0.00778653 0 0 0 0.00193445 0 0 0 0.000397037 0 0 0 0.000608396 0 0 0 0.000508539 0 0 0 0.000463214 0 0 0 0.000865053 0 0 0 0.000407856 0 0 0 
0.000807205 0 0 0 0.000991896 0 0 0 0.000649245 0 0 0 0.00027348 0 0 0 0.000361591 0 0 0 0.000504731 0 0 0 0.000759199 0 0 0 0.000612639 0 0 0 
0.000717661 0 0 0 0.000150554 0 0 0 0.000589579 0 0 0 0.000583172 0 0 0 0.000574023 0 0 0 0.00122661 0 0 0 0.00290005 0 0 0 0.00437599 0 0 0 
0.00489891 0 0 0 0.00988264 0 0 0 0.0326951 0 0 0 0.0943061 0 0 0 0.0950268 0 0 0 0.0275272 0 0 0 0.00334835 0 0 0 0.000492078 0 0 0 
4.64774e-05 0 0 0 0.000591986 0 0 0 0.000496131 0 0 0 0.000376224 0 0 0 0.000288625 0 0 0 0.000268108 0 0 0 0.000243592 0 0 0 0.00013319 0 0 0 
5.4531e-05 0 0 0 2.41074e-05 0 0 0 0.000411367 0 0 0 0.000145729 0 0 0 0.000104233 0 0 0 0.000117352 0 0 0 0.000196808 0 0 0 0.000389158 0 0 0 
0.000968721 0 0 0 0.000182257 0 0 0 0.000527093 0 0 0 0.000458453 0 0 0 0.000416473 0 0 0 0.00512332 0 0 0 0.0219983 0 0 0 0.0303356 0 0 0 
0.0154729 0 0 0 0.00451713 0 0 0 0.000884464 0 0 0 8.67646e-05 0 0 0 0.000151068 0 0 0 2.64053e-05 0 0 0 0.000521504 0 0 0 0.000364773 0 0 0 
0.000442594 0 0 0 0.000475862 0 0 0 0.000556726 0 0 0 1.42379e-05 0 0 0 7.55262e-05 0 0 0 0.000277952 0 0 0 5.59261e-06 0 0 0 2.95613e-05 0 0 0 
1.35446e-05 0 0 0 3.01664e-05 0 0 0 6.28632e-05 0 0 0 0.00014132 0 0 0 0.000441288 0 0 0 0.000966179 0 0 0 0.000828963 0 0 0 0.000524514 0 0 0 
0.000326249 0 0 0 0.000506115 0 0 0 0.000291643 0 0 0 0.000260505 0 0 0 0.000453873 0 0 0 0.000226002 0 0 0 0.000183462 0 0 0 9.40974e-05 0 0 0 
3.80991e-05 0 0 0 0.000409 0 0 0 0.000110806 0 0 0 4.11848e-05 0 0 0 0.000750158 0 0 0 0.000260757 0 0 0 7.2162e-05 0 0 0 0.000473431 0 0 0 
0.000186107 0 0 0 0.000707488 0 0 0 0.000554112 0 0 0 0.000563332 0 0 0 0.000386049 0 0 0 0.000522889 0 0 0 0.000656356 0 0 0 0.00053584 0 0 0 
0.000418959 0 0 0 0.000570757 0 0 0 0.00028637 0 0 0 0.000248114 0 0 0 0.000770025 0 0 0 0.00093631 0 0 0 0.0014197 0 0 0 0.000686071 0 0 0 
0.000917609 0 0 0 0.000757548 0 0 0 0.000357423 0 0 0 0.000575215 0 0 0 0.000281703 0 0 0 0.000188495 0 0 0 0.000192647 0 0 0 0.000581371 0 0 0 
0.000146289 0 0 0 0.000473828 0 0 0 0.000809592 0 0 0 0.000736831 0 0 0 0.00123476 0 0 0 0.00168641 0 0 0 0.0037294 0 0 0 0.00893898 0 0 0 
0.00713267 0 0 0 0.00163516 0 0 0 0.000669372 0 0 0 0.000290188 0 0 0 0.000186345 0 0 0 0.000156623 0 0 0 0.000291813 0 0 0 0.000260619 0 0 0 
0.000782138 0 0 0 0.000897079 0 0 0 0.000516586 0 0 0 0.000270092 0 0 0 0.000310632 0 0 0 0.000773387 0 0 0 0.000394507 0 0 0 0.000363094 0 0 0 
0.000519828 0 0 0 0.000618793 0 0 0 0.000336401 0 0 0 0.000438837 0 0 0 0.000757474 0 0 0 0.00105156 0 0 0 0.00327037 0 0 0 0.00516867 0 0 0 
0.00576294 0 0 0 0.0123694 0 0 0 0.0391205 0 0 0 0.0857693 0 0 0 0.0744626 0 0 0 0.0271836 0 0 0 0.00406563 0 0 0 0.000385851 0 0 0 
0.000526745 0 0 0 0.000246651 0 0 0 0.000182562 0 0 0 0.000130477 0 0 0 7.57655e-05 0 0 0 6.96937e-05 0 0 0 7.03611e-05 0 0 0 3.8671e-05 0 0 0 
1.61053e-05 0 0 0 0.000449061 0 0 0 0.000155864 0 0 0 6.29246e-05 0 0 0 0.000614071 0 0 0 0.000687675 0 0 0 7.49553e-05 0 0 0 0.000177996 0 0 0 
0.000520286 0 0 0 8.02473e-05 0 0 0 0.00023287 0 0 0 0.000676325 0 0 0 0.000772959 0 0 0 0.00516339 0 0 0 0.0252062 0 0 0 0.0253422 0 0 0 
0.0110909 0 0 0 0.00330989 0 0 0 0.00055186 0 0 0 0.000893868 0 0 0 9.17592e-05 0 0 0 0.000658345 0 0 0 0.000199889 0 0 0 0.000133973 0 0 0 
0.000165087 0 0 0 0.000219933 0 0 0 0.00031241 0 0 0 0.000736113 0 0 0 2.03251e-05 0 0 0 9.9219e-05 0 0 0 0.000364771 0 0 0 5.00978e-06 0 0 0 
0.000942538 0 0 0 5.86541e-06 0 0 0 1.43444e-05 0 0 0 5.08624e-05 0 0 0 0.000239589 0 0 0 0.00070681 0 0 0 0.000869056 0 0 0 0.000761174 0 0 0 
0.000599494 0 0 0 0.000465108 0 0 0 0.000941525 0 0 0 0.000697168 0 0 0 0.000771008 0 0 0 0.000248415 0 0 0 0.000116809 0 0 0 4.10639e-05 0 0 0 
0.000515517 0 0 0 0.000124853 0 0 0 3.31129e-05 0 0 0 0.000558025 0 0 0 0.000150193 0 0 0 5.98695e-05 0 0 0 3.09605e-05 0 0 0 0.000362213 0 0 0 
0.000115227 0 0 0 0.000591132 0 0 0 0.000752314 0 0 0 0.000578444 0 0 0 0.000366541 0 0 0 0.000554756 0 0 0 0.000925066 0 0 0 0.000304889 0 0 0 
0.000208803 0 0 0 0.000421756 0 0 0 0.000484029 0 0 0 0.000544001 0 0 0 0.000343925 0 0 0 0.00114716 0 0 0 0.00165764 0 0 0 0.000747383 0 0 0 
0.000597658 0 0 0 0.000594314 0 0 0 0.000878272 0 0 0 0.000646987 0 0 0 0.000254843 0 0 0 0.00013459 0 0 0 0.000113721 0 0 0 0.000306542 0 0 0 
7.57632e-05 0 0 0 0.000159313 0 0 0 0.000333834 0 0 0 0.00083138 0 0 0 0.00114249 0 0 0 0.00168795 0 0 0 0.00335617 0 0 0 0.00803342 0 0 0 
0.00934099 0 0 0 0.00262226 0 0 0 0.000664336 0 0 0 0.000215459 0 0 0 0.000107636 0 0 0 7.4066e-05 0 0 0 0.000131745 0 0 0 0.000561192 0 0 0 
0.000517772 0 0 0 0.000903527 0 0 0 0.000976435 0 0 0 0.000887499 0 0 0 0.000907283 0 0 0 0.000587585 0 0 0 0.000304879 0 0 0 0.000326475 0 0 0 
0.000560502 0 0 0 0.000412112 0 0 0 0.000464484 0 0 0 0.000665194 0 0 0 0.000573869 0 0 0 0.000976004 0 0 0 0.00246347 0 0 0 0.00453538 0 0 0 
0.00479419 0 0 0 0.0101893 0 0 0 0.0328605 0 0 0 0.0626589 0 0 0 0.060437 0 0 0 0.0271595 0 0 0 0.00314778 0 0 0 0.000176595 0 0 0 
0.000176336 0 0 0 7.02895e-05 0 0 0 4.15636e-05 0 0 0 2.81191e-05 0 0 0 1.73698e-05 0 0 0 1.73001e-05 0 0 0 2.03371e-05 0 0 0 0.000726533 0 0 0 
0.000300703 0 0 0 0.000119563 0 0 0 5.18639e-05 0 0 0 0.000667216 0 0 0 0.000454657 0 0 0 0.000521153 0 0 0 0.00073791 0 0 0 7.93172e-05 0 0 0 
0.000248063 0 0 0 0.00083278 0 0 0 0.000219482 0 0 0 0.000772811 0 0 0 0.000623366 0 0 0 0.00311005 0 0 0 0.0113927 0 0 0 0.0115446 0 0 0 
0.0109833 0 0 0 0.00616376 0 0 0 0.000843469 0 0 0 0.000641772 0 0 0 4.8129e-05 0 0 0 0.000227448 0 0 0 8.97306e-05 0 0 0 8.52402e-05 0 0 0 
0.00011246 0 0 0 0.000143374 0 0 0 0.000208746 0 0 0 0.000399494 0 0 0 7.24274e-06 0 0 0 3.93326e-05 0 0 0 0.000177289 0 0 0 0.000545388 0 0 0 
0.000486535 0 0 0 0.000864249 0 0 0 9.07067e-06 0 0 0 3.922e-05 0 0 0 0.000153665 0 0 0 0.000418277 0 0 0 0.000528448 0 0 0 0.000518812 0 0 0 
0.000533007 0 0 0 0.000548414 0 0 0 0.000628805 0 0 0 0.000562536 0 0 0 0.000599171 0 0 0 0.000267547 0 0 0 0.00010944 0 0 0 0.000892229 0 0 0 
0.000297393 0 0 0 5.85611e-05 0 0 0 0.000584132 0 0 0 0.000153877 0 0 0 4.73286e-05 0 0 0 2.00077e-05 0 0 0 0.000495535 0 0 0 0.000142347 0 0 0 
4.88692e-05 0 0 0 0.000512553 0 0 0 0.000198352 0 0 0 0.000756932 0 0 0 0.000516055 0 0 0 0.00087496 0 0 0 0.000330381 0 0 0 0.000354813 0 0 0 
0.000200782 0 0 0 0.000359868 0 0 0 0.00049529 0 0 0 0.000634471 0 0 0 0.000739721 0 0 0 0.00204913 0 0 0 0.00245181 0 0 0 0.000942831 0 0 0 
0.00034289 0 0 0 0.000491861 0 0 0 0.000768703 0 0 0 0.000272656 0 0 0 0.000108318 0 0 0 0.000952153 0 0 0 0.000777663 0 0 0 0.000129922 0 0 0 
0.000482873 0 0 0 0.000128026 0 0 0 0.000349757 0 0 0 0.000733389 0 0 0 0.00103213 0 0 0 0.00128777 0 0 0 0.00321061 0 0 0 0.00883763 0 0 0 
0.0101973 0 0 0 0.00310224 0 0 0 0.000616298 0 0 0 0.000193351 0 0 0 9.22581e-05 0 0 0 5.50917e-05 0 0 0 9.59894e-05 0 0 0 0.000404204 0 0 0 
0.000573466 0 0 0 0.000847827 0 0 0 0.000863565 0 0 0 0.000410157 0 0 0 0.000552359 0 0 0 0.000571417 0 0 0 0.000362873 0 0 0 0.000395361 0 0 0 
0.000761965 0 0 0 0.000389492 0 0 0 0.000656746 0 0 0 0.000899755 0 0 0 0.000667437 0 0 0 0.000963493 0 0 0 0.00221928 0 0 0 0.00386969 0 0 0 
0.0040754 0 0 0 0.00814082 0 0 0 0.0274633 0 0 0 0.0688954 0 0 0 0.0771278 0 0 0 0.0275028 0 0 0 0.00259243 0 0 0 0.0005289 0 0 0 
6.78973e-05 0 0 0 2.52794e-05 0 0 0 0.000824167 0 0 0 0.000607847 0 0 0 0.000519476 0 0 0 0.000526719 0 0 0 0.000520484 0 0 0 0.000285157 0 0 0 
0.000121417 0 0 0 4.97483e-05 0 0 0 0.000759246 0 0 0 0.000372228 0 0 0 0.00028571 0 0 0 0.000322159 0 0 0 0.00049767 0 0 0 0.000748235 0 0 0 
0.000103636 0 0 0 0.00046359 0 0 0 0.000241092 0 0 0 0.000707347 0 0 0 0.000552259 0 0 0 0.00308592 0 0 0 0.0100053 0 0 0 0.0138523 0 0 0 
0.0153338 0 0 0 0.00756917 0 0 0 0.000818331 0 0 0 0.000281507 0 0 0 0.000385437 0 0 0 7.13324e-05 0 0 0 3.47468e-05 0 0 0 3.49487e-05 0 0 0 
4.39438e-05 0 0 0 4.49478e-05 0 0 0 5.14028e-05 0 0 0 0.000121471 0 0 0 0.000451601 0 0 0 8.63653e-06 0 0 0 4.04969e-05 0 0 0 0.000185719 0 0 0 
0.000137138 0 0 0 0.000477706 0 0 0 0.0015383 0 0 0 0.00414934 0 0 0 0.00831089 0 0 0 0.0111604 0 0 0 0.00746639 0 0 0 0.00477766 0 0 0 
0.00324196 0 0 0 0.00194534 0 0 0 0.00173523 0 0 0 0.00152561 0 0 0 0.000689419 0 0 0 0.000223465 0 0 0 8.75942e-05 0 0 0 0.000543811 0 0 0 
0.00015197 0 0 0 3.50698e-05 0 0 0 0.000278051 0 0 0 8.35164e-05 0 0 0 3.13561e-05 0 0 0 0.00065718 0 0 0 0.000172807 0 0 0 4.65389e-05 0 0 0 
0.000839517 0 0 0 0.000442457 0 0 0 0.000203698 0 0 0 0.000821838 0 0 0 0.000759327 0 0 0 0.000450121 0 0 0 0.000377609 0 0 0 0.000575362 0 0 0 
0.000353539 0 0 0 0.000452137 0 0 0 0.000289637 0 0 0 0.000340854 0 0 0 0.0011357 0 0 0 0.00388884 0 0 0 0.00670157 0 0 0 0.00330728 0 0 0 
0.000658015 0 0 0 0.000451038 0 0 0 0.000431132 0 0 0 7.01267e-05 0 0 0 0.000491224 0 0 0 0.000297661 0 0 0 0.0003282 0 0 0 5.17082e-05 0 0 0 
0.000250262 0 0 0 0.000197404 0 0 0 0.000467383 0 0 0 0.000831149 0 0 0 0.00111549 0 0 0 0.00128659 0 0 0 0.00356766 0 0 0 0.00983385 0 0 0 
0.00778653 0 0 0 0.00193445 0 0 0 0.000397037 0 0 0 0.000608396 0 0 0 0.000508539 0 0 0 0.000463214 0 0 0 0.000865053 0 0 0 0.000407856 0 0 0 
0.000807205 0 0 0 0.000991896 0 0 0 0.000649245 0 0 0 0.00027348 0 0 0 0.000361591 0 0 0 0.000504731 0 0 0 0.000759199 0 0 0 0.000618712 0 0 0 
0.00097666 0 0 0 0.00028121 0 0 0 0.000429848 0 0 0 0.000739473 0 0 0 0.000800763 0 0 0 0.00130723 0 0 0 0.00293993 0 0 0 0.00437599 0 0 0 
0.00489891 0 0 0 0.00988264 0 0 0 0.0326951 0 0 0 0.0943061 0 0 0 0.0950268 0 0 0 0.0275272 0 0 0 0.00334835 0 0 0 0.000492078 0 0 0 
4.64774e-05 0 0 0 0.000591986 0 0 0 0.000496131 0 0 0 0.000376224 0 0 0 0.000288625 0 0 0 0.000268108 0 0 0 0.000243592 0 0 0 0.00013319 0 0 0 
5.4531e-05 0 0 0 2.41074e-05 0 0 0 0.000411367 0 0 0 0.000145729 0 0 0 0.000104233 0 0 0 0.000117352 0 0 0 0.000196808 0 0 0 0.000389158 0 0 0 
0.000968721 0 0 0 0.000182257 0 0 0 0.000527093 0 0 0 0.000458453 0 0 0 0.000416473 0 0 0 0.00512332 0 0 0 0.0219983 0 0 0 0.0303356 0 0 0 
0.0154729 0 0 0 0.00451713 0 0 0 0.000884464 0 0 0 8.67646e-05 0 0 0 0.000151068 0 0 0 2.72586e-05 0 0 0 0.000699883 0 0 0 0.000652133 0 0 0 
0.000829695 0 0 0 0.000870103 0 0 0 0.00093952 0 0 0 2.09895e-05 0 0 0 9.40747e-05 0 0 0 0.00030625 0 0 0 5.85533e-06 0 0 0 3.0362e-05 0 0 0 
2.07202e-05 0 0 0 9.93457e-05 0 0 0 0.000415063 0 0 0 0.00150646 0 0 0 0.00553055 0 0 0 0.0111377 0 0 0 0.00863058 0 0 0 0.00581816 0 0 0 
0.00424997 0 0 0 0.00283704 0 0 0 0.00258503 0 0 0 0.00212135 0 0 0 0.000737252 0 0 0 0.000187226 0 0 0 0.000656202 0 0 0 0.000177007 0 0 0 
4.34062e-05 0 0 0 0.000409 0 0 0 0.000110806 0 0 0 4.11848e-05 0 0 0 0.000750158 0 0 0 0.000260757 0 0 0 9.26169e-05 0 0 0 2.71791e-05 0 0 0 
0.000730345 0 0 0 0.000345109 0 0 0 0.000143813 0 0 0 0.000885653 0 0 0 0.000906139 0 0 0 0.000227027 0 0 0 0.000214668 0 0 0 0.000394207 0 0 0 
0.000357845 0 0 0 0.000412979 0 0 0 0.000217342 0 0 0 0.000256088 0 0 0 0.00107266 0 0 0 0.0048153 0 0 0 0.0120661 0 0 0 0.00603111 0 0 0 
0.00052757 0 0 0 0.00062492 0 0 0 0.000469528 0 0 0 0.000575215 0 0 0 0.000281703 0 0 0 0.000188495 0 0 0 0.000192647 0 0 0 0.000581371 0 0 0 
0.000146289 0 0 0 0.000473828 0 0 0 0.000809592 0 0 0 0.000736831 0 0 0 0.00123476 0 0 0 0.00168641 0 0 0 0.0037294 0 0 0 0.00893898 0 0 0 
0.00713267 0 0 0 0.00163516 0 0 0 0.000669372 0 0 0 0.000290188 0 0 0 0.000188549 0 0 0 0.000158475 0 0 0 0.000291813 0 0 0 0.000260619 0 0 0 
0.000782138 0 0 0 0.000897079 0 0 0 0.000516586 0 0 0 0.000270092 0 0 0 0.000310632 0 0 0 0.000773387 0 0 0 0.000394507 0 0 0 0.000363094 0 0 0 
0.000697346 0 0 0 0.000180921 0 0 0 0.000629195 0 0 0 0.000763048 0 0 0 0.00072803 0 0 0 0.00111271 0 0 0 0.00327037 0 0 0 0.00516867 0 0 0 
0.00576294 0 0 0 0.0123694 0 0 0 0.0391205 0 0 0 0.0857693 0 0 0 0.0744626 0 0 0 0.0271836 0 0 0 0.00406563 0 0 0 0.000385851 0 0 0 
0.000526745 0 0 0 0.000246651 0 0 0 0.000182562 0 0 0 0.000130477 0 0 0 7.57655e-05 0 0 0 6.96937e-05 0 0 0 7.03611e-05 0 0 0 3.8671e-05 0 0 0 
1.61053e-05 0 0 0 0.000449061 0 0 0 0.000155864 0 0 0 6.29246e-05 0 0 0 0.000614071 0 0 0 0.000687675 0 0 0 7.49553e-05 0 0 0 0.000177996 0 0 0 
0.000520286 0 0 0 8.02473e-05 0 0 0 0.00023287 0 0 0 0.000676325 0 0 0 0.000772959 0 0 0 0.00516339 0 0 0 0.0252062 0 0 0 0.0253422 0 0 0 
0.0110909 0 0 0 0.00330989 0 0 0 0.00055186 0 0 0 0.000893868 0 0 0 9.17592e-05 0 0 0 0.000658345 0 0 0 0.000240595 0 0 0 0.000208815 0 0 0 
0.000249038 0 0 0 0.000302764 0 0 0 0.000419011 0 0 0 0.000879888 0 0 0 2.14052e-05 0 0 0 9.9219e-05 0 0 0 0.000364771 0 0 0 5.09071e-06 0 0 0 
4.45232e-06 0 0 0 1.80712e-05 0 0 0 9.09255e-05 0 0 0 0.000503788 0 0 0 0.00303355 0 0 0 0.00944309 0 0 0 0.00994644 0 0 0 0.00754688 0 0 0 
0.0064971 0 0 0 0.0062821 0 0 0 0.00657931 0 0 0 0.00430961 0 0 0 0.00104095 0 0 0 0.000187286 0 0 0 0.000423978 0 0 0 7.9345e-05 0 0 0 
0.000579126 0 0 0 0.000124853 0 0 0 3.31129e-05 0 0 0 0.000558025 0 0 0 0.000150193 0 0 0 5.98695e-05 0 0 0 4.20738e-05 0 0 0 0.000910968 0 0 0 
0.000480963 0 0 0 0.000233577 0 0 0 9.96951e-05 0 0 0 0.00097736 0 0 0 0.0008892 0 0 0 0.000216595 0 0 0 0.000174284 0 0 0 0.00022783 0 0 0 
0.000545295 0 0 0 0.000335807 0 0 0 0.000337506 0 0 0 0.000459345 0 0 0 0.00132972 0 0 0 0.00458245 0 0 0 0.00844684 0 0 0 0.00249224 0 0 0 
0.000718514 0 0 0 0.000536533 0 0 0 0.000970788 0 0 0 0.000646987 0 0 0 0.000254843 0 0 0 0.00013459 0 0 0 0.000113721 0 0 0 0.000306542 0 0 0 
7.57632e-05 0 0 0 0.000159313 0 0 0 0.000333834 0 0 0 0.00083138 0 0 0 0.00114249 0 0 0 0.00168795 0 0 0 0.00335617 0 0 0 0.00803342 0 0 0 
0.00934099 0 0 0 0.00262226 0 0 0 0.000664336 0 0 0 0.000215459 0 0 0 0.000111991 0 0 0 7.70625e-05 0 0 0 0.000131745 0 0 0 0.000561192 0 0 0 
0.000517772 0 0 0 0.000903527 0 0 0 0.000976435 0 0 0 0.000887499 0 0 0 0.000907283 0 0 0 0.000587585 0 0 0 0.000304879 0 0 0 0.000326475 0 0 0 
0.000709745 0 0 0 0.000656926 0 0 0 0.000669993 0 0 0 0.000923865 0 0 0 0.000765212 0 0 0 0.000896967 0 0 0 0.00256378 0 0 0 0.00453538 0 0 0 
0.00479419 0 0 0 0.0101893 0 0 0 0.0328605 0 0 0 0.0626589 0 0 0 0.060437 0 0 0 0.0271595 0 0 0 0.00314778 0 0 0 0.000176595 0 0 0 
0.000176336 0 0 0 7.02895e-05 0 0 0 4.15636e-05 0 0 0 2.81191e-05 0 0 0 1.73698e-05 0 0 0 1.73001e-05 0 0 0 2.03371e-05 0 0 0 0.000726533 0 0 0 
0.000300703 0 0 0 0.000119563 0 0 0 5.18639e-05 0 0 0 0.000667216 0 0 0 0.000454657 0 0 0 0.000521153 0 0 0 0.00073791 0 0 0 7.93172e-05 0 0 0 
0.000248063 0 0 0 0.00083278 0 0 0 0.000219482 0 0 0 0.000772811 0 0 0 0.000623366 0 0 0 0.00311005 0 0 0 0.0113927 0 0 0 0.0115446 0 0 0 
0.0109833 0 0 0 0.00616376 0 0 0 0.000843469 0 0 0 0.000641772 0 0 0 4.8129e-05 0 0 0 0.000227448 0 0 0 9.76005e-05 0 0 0 0.000101755 0 0 0 
0.000126339 0 0 0 0.000153575 0 0 0 0.000227405 0 0 0 0.000416723 0 0 0 7.24274e-06 0 0 0 3.93326e-05 0 0 0 0.000177289 0 0 0 0.000545388 0 0 0 
0.000626713 0 0 0 6.87387e-06 0 0 0 4.272e-05 0 0 0 0.000285642 0 0 0 0.00155374 0 0 0 0.00499592 0 0 0 0.00594528 0 0 0 0.00503605 0 0 0 
0.00520656 0 0 0 0.00660282 0 0 0 0.00868149 0 0 0 0.00665857 0 0 0 0.00154401 0 0 0 0.000197064 0 0 0 0.000337658 0 0 0 6.52156e-05 0 0 0 
0.000313006 0 0 0 5.85611e-05 0 0 0 0.000584132 0 0 0 0.000153877 0 0 0 4.73286e-05 0 0 0 2.00077e-05 0 0 0 0.000723935 0 0 0 0.000391555 0 0 0 
0.000212553 0 0 0 0.000127098 0 0 0 7.85341e-05 0 0 0 6.10261e-05 0 0 0 9.33938e-05 0 0 0 0.000400946 0 0 0 0.000277824 0 0 0 0.000258317 0 0 0 
0.000490442 0 0 0 0.00083065 0 0 0 0.00069483 0 0 0 0.000977448 0 0 0 0.00252998 0 0 0 0.0053108 0 0 0 0.00550747 0 0 0 0.00151299 0 0 0 
0.000588449 0 0 0 0.000574625 0 0 0 0.000768703 0 0 0 0.000272656 0 0 0 0.000108318 0 0 0 0.000952153 0 0 0 0.000777663 0 0 0 0.000129922 0 0 0 
0.000482873 0 0 0 0.000128026 0 0 0 0.000349757 0 0 0 0.000733389 0 0 0 0.00103213 0 0 0 0.00128777 0 0 0 0.00321061 0 0 0 0.00883763 0 0 0 
0.0101973 0 0 0 0.00310224 0 0 0 0.000616298 0 0 0 0.000193351 0 0 0 9.48686e-05 0 0 0 5.66505e-05 0 0 0 9.59894e-05 0 0 0 0.000404204 0 0 0 
0.000573466 0 0 0 0.000847827 0 0 0 0.000863565 0 0 0 0.000410157 0 0 0 0.000552359 0 0 0 0.000571417 0 0 0 0.000362873 0 0 0 0.000402041 0 0 0 
0.000908428 0 0 0 0.00049617 0 0 0 0.000726378 0 0 0 0.000973168 0 0 0 0.000755391 0 0 0 0.000679467 0 0 0 0.0022995 0 0 0 0.00386969 0 0 0 
0.0040754 0 0 0 0.00814082 0 0 0 0.0274633 0 0 0 0.0688954 0 0 0 0.0771278 0 0 0 0.0275028 0 0 0 0.00259243 0 0 0 0.0005289 0 0 0 
6.78973e-05 0 0 0 2.52794e-05 0 0 0 0.000824167 0 0 0 0.000607847 0 0 0 0.000519476 0 0 0 0.000526719 0 0 0 0.000520484 0 0 0 0.000285157 0 0 0 
0.000121417 0 0 0 4.97483e-05 0 0 0 0.000759246 0 0 0 0.000372228 0 0 0 0.00028571 0 0 0 0.000322159 0 0 0 0.00049767 0 0 0 0.000748235 0 0 0 
0.000103636 0 0 0 0.00046359 0 0 0 0.000241092 0 0 0 0.000707347 0 0 0 0.000552259 0 0 0 0.00308592 0 0 0 0.0100053 0 0 0 0.0138523 0 0 0 
0.0153338 0 0 0 0.00756917 0 0 0 0.000818331 0 0 0 0.000281507 0 0 0 0.000385437 0 0 0 7.13324e-05 0 0 0 3.47468e-05 0 0 0 3.49487e-05 0 0 0 
4.39438e-05 0 0 0 4.49478e-05 0 0 0 5.14028e-05 0 0 0 0.000121471 0 0 0 0.000451601 0 0 0 8.63653e-06 0 0 0 4.04969e-05 0 0 0 0.000185719 0 0 0 
0.000155986 0 0 0 0.000809255 0 0 0 0.00433751 0 0 0 0.0183599 0 0 0 0.0541127 0 0 0 0.0970613 0 0 0 0.0650826 0 0 0 0.0339633 0 0 0 
0.0230529 0 0 0 0.0175786 0 0 0 0.0179309 0 0 0 0.0128773 0 0 0 0.00205674 0 0 0 0.000666502 0 0 0 0.000167073 0 0 0 0.000658215 0 0 0 
0.00015197 0 0 0 3.50698e-05 0 0 0 0.000278051 0 0 0 8.35164e-05 0 0 0 3.13561e-05 0 0 0 0.00065718 0 0 0 0.000267179 0 0 0 0.000146471 0 0 0 
9.96073e-05 0 0 0 6.15393e-05 0 0 0 4.57451e-05 0 0 0 4.65104e-05 0 0 0 7.80897e-05 0 0 0 0.00034673 0 0 0 0.000309901 0 0 0 0.000359026 0 0 0 
0.00076811 0 0 0 0.000973773 0 0 0 0.000968878 0 0 0 0.0011118 0 0 0 0.00327442 0 0 0 0.00660033 0 0 0 0.00786731 0 0 0 0.00366138 0 0 0 
0.000698244 0 0 0 0.000454569 0 0 0 0.000431132 0 0 0 7.01267e-05 0 0 0 0.000491224 0 0 0 0.000297661 0 0 0 0.0003282 0 0 0 5.17082e-05 0 0 0 
0.000250262 0 0 0 0.000197404 0 0 0 0.000467383 0 0 0 0.000831149 0 0 0 0.00111549 0 0 0 0.00128659 0 0 0 0.00356766 0 0 0 0.00983385 0 0 0 
0.00778653 0 0 0 0.00193445 0 0 0 0.000397037 0 0 0 0.000608396 0 0 0 0.000508539 0 0 0 0.000463214 0 0 0 0.000865053 0 0 0 0.000407856 0 0 0 
0.000807205 0 0 0 0.000991896 0 0 0 0.000649245 0 0 0 0.00027348 0 0 0 0.000361591 0 0 0 0.000504731 0 0 0 0.000759199 0 0 0 0.000649537 0 0 0 
0.000938214 0 0 0 0.000322437 0 0 0 0.000442345 0 0 0 0.000739473 0 0 0 0.000808039 0 0 0 0.00131911 0 0 0 0.00293993 0 0 0 0.00437599 0 0 0 
0.00489891 0 0 0 0.00988264 0 0 0 0.0326951 0 0 0 0.0943061 0 0 0 0.0950268 0 0 0 0.0275272 0 0 0 0.00334835 0 0 0 0.000492078 0 0 0 
4.64774e-05 0 0 0 0.000591986 0 0 0 0.000496131 0 0 0 0.000376224 0 0 0 0.000288625 0 0 0 0.000268108 0 0 0 0.000243592 0 0 0 0.00013319 0 0 0 
5.4531e-05 0 0 0 2.41074e-05 0 0 0 0.000411367 0 0 0 0.000145729 0 0 0 0.000104233 0 0 0 0.000117352 0 0 0 0.000196808 0 0 0 0.000389158 0 0 0 
0.000968721 0 0 0 0.000182257 0 0 0 0.000527093 0 0 0 0.000458453 0 0 0 0.000416473 0 0 0 0.00512332 0 0 0 0.0219983 0 0 0 0.0303356 0 0 0 
0.0154729 0 0 0 0.00451713 0 0 0 0.000884464 0 0 0 8.67646e-05 0 0 0 0.000151068 0 0 0 2.72586e-05 0 0 0 0.000699883 0 0 0 0.000652133 0 0 0 
0.000829695 0 0 0 0.000870103 0 0 0 0.00093952 0 0 0 2.09895e-05 0 0 0 9.40747e-05 0 0 0 0.00030625 0 0 0 5.85533e-06 0 0 0 3.0362e-05 0 0 0 
2.11474e-05 0 0 0 0.000115657 0 0 0 0.000689258 0 0 0 0.00393001 0 0 0 0.0191757 0 0 0 0.0512458 0 0 0 0.0447804 0 0 0 0.0238147 0 0 0 
0.0182364 0 0 0 0.0153327 0 0 0 0.0149062 0 0 0 0.0108734 0 0 0 0.00198465 0 0 0 0.000351724 0 0 0 0.000804087 0 0 0 0.000178686 0 0 0 
4.34062e-05 0 0 0 0.000409 0 0 0 0.000110806 0 0 0 4.11848e-05 0 0 0 0.000750158 0 0 0 0.000260757 0 0 0 0.000126286 0 0 0 7.29453e-05 0 0 0 
5.82951e-05 0 0 0 3.15857e-05 0 0 0 1.78257e-05 0 0 0 0.000835143 0 0 0 0.000748526 0 0 0 0.00011724 0 0 0 0.000173181 0 0 0 0.000488501 0 0 0 
0.00103934 0 0 0 0.00108569 0 0 0 0.000699802 0 0 0 0.000810253 0 0 0 0.00213725 0 0 0 0.00600481 0 0 0 0.0120661 0 0 0 0.00603111 0 0 0 
0.00052757 0 0 0 0.00062492 0 0 0 0.000469528 0 0 0 0.000575215 0 0 0 0.000281703 0 0 0 0.000188495 0 0 0 0.000192647 0 0 0 0.000581371 0 0 0 
0.000146289 0 0 0 0.000473828 0 0 0 0.000809592 0 0 0 0.000736831 0 0 0 0.00123476 0 0 0 0.00168641 0 0 0 0.0037294 0 0 0 0.00893898 0 0 0 
0.00713267 0 0 0 0.00163516 0 0 0 0.000669372 0 0 0 0.000292572 0 0 0 0.00019005 0 0 0 0.000158475 0 0 0 0.000291813 0 0 0 0.000260619 0 0 0 
0.000782138 0 0 0 0.000897079 0 0 0 0.000516586 0 0 0 0.000270092 0 0 0 0.000310632 0 0 0 0.000773387 0 0 0 0.000394507 0 0 0 0.000400123 0 0 0 
0.000811763 0 0 0 0.000193802 0 0 0 0.000638042 0 0 0 0.000763048 0 0 0 0.00072803 0 0 0 0.00111271 0 0 0 0.00327037 0 0 0 0.00516867 0 0 0 
0.00576294 0 0 0 0.0123694 0 0 0 0.0391205 0 0 0 0.0857693 0 0 0 0.0744626 0 0 0 0.0271836 0 0 0 0.00406563 0 0 0 0.000385851 0 0 0 
0.000526745 0 0 0 0.000246651 0 0 0 0.000182562 0 0 0 0.000130477 0 0 0 7.57655e-05 0 0 0 6.96937e-05 0 0 0 7.03611e-05 0 0 0 3.8671e-05 0 0 0 
1.61053e-05 0 0 0 0.000449061 0 0 0 0.000155864 0 0 0 6.29246e-05 0 0 0 0.000614071 0 0 0 0.000687675 0 0 0 7.49553e-05 0 0 0 0.000177996 0 0 0 
0.000520286 0 0 0 8.02473e-05 0 0 0 0.00023287 0 0 0 0.000676325 0 0 0 0.000772959 0 0 0 0.00516339 0 0 0 0.0252062 0 0 0 0.0253422 0 0 0 
0.0110909 0 0 0 0.00330989 0 0 0 0.00055186 0 0 0 0.000893868 0 0 0 9.17592e-05 0 0 0 0.000658345 0 0 0 0.000240595 0 0 0 0.000208815 0 0 0 
0.000249038 0 0 0 0.000302764 0 0 0 0.000419011 0 0 0 0.000879888 0 0 0 2.14052e-05 0 0 0 9.9219e-05 0 0 0 0.000364771 0 0 0 5.09071e-06 0 0 0 
4.45232e-06 0 0 0 1.80712e-05 0 0 0 0.000105071 0 0 0 0.000771389 0 0 0 0.00532348 0 0 0 0.0177628 0 0 0 0.0201617 0 0 0 0.0142991 0 0 0 
0.0134595 0 0 0 0.0143778 0 0 0 0.0154131 0 0 0 0.0106717 0 0 0 0.00220081 0 0 0 0.000276734 0 0 0 0.000459382 0 0 0 7.9345e-05 0 0 0 
0.000579126 0 0 0 0.000124853 0 0 0 3.31129e-05 0 0 0 0.000558025 0 0 0 0.000150193 0 0 0 5.98695e-05 0 0 0 4.62393e-05 0 0 0 3.26697e-05 0 0 0 
2.53624e-05 0 0 0 1.44583e-05 0 0 0 0.000568519 0 0 0 0.000351402 0 0 0 0.000368978 0 0 0 6.3415e-05 0 0 0 0.000923449 0 0 0 0.000778253 0 0 0 
0.00116657 0 0 0 0.000927003 0 0 0 0.000700702 0 0 0 0.000726574 0 0 0 0.00167155 0 0 0 0.00486065 0 0 0 0.00844684 0 0 0 0.00249224 0 0 0 
0.000718514 0 0 0 0.000536533 0 0 0 0.000970788 0 0 0 0.000646987 0 0 0 0.000254843 0 0 0 0.00013459 0 0 0 0.000113721 0 0 0 0.000306542 0 0 0 
7.57632e-05 0 0 0 0.000159313 0 0 0 0.000333834 0 0 0 0.00083138 0 0 0 0.00114249 0 0 0 0.00168795 0 0 0 0.00335617 0 0 0 0.00803342 0 0 0 
0.00934099 0 0 0 0.00264403 0 0 0 0.000729492 0 0 0 0.000238934 0 0 0 0.000114039 0 0 0 7.70625e-05 0 0 0 0.000131745 0 0 0 0.000561192 0 0 0 
0.000517772 0 0 0 0.000903527 0 0 0 0.000976435 0 0 0 0.000887499 0 0 0 0.000922364 0 0 0 0.000627871 0 0 0 0.000320456 0 0 0 0.000348641 0 0 0 
0.000789536 0 0 0 0.000690934 0 0 0 0.00067647 0 0 0 0.000923865 0 0 0 0.000765212 0 0 0 0.000896967 0 0 0 0.00256378 0 0 0 0.00453538 0 0 0 
0.00479419 0 0 0 0.0101893 0 0 0 0.0328605 0 0 0 0.0626589 0 0 0 0.060437 0 0 0 0.0271595 0 0 0 0.00314778 0 0 0 0.000176595 0 0 0 
0.000176336 0 0 0 7.02895e-05 0 0 0 4.15636e-05 0 0 0 2.81191e-05 0 0 0 1.73698e-05 0 0 0 1.73001e-05 0 0 0 2.03371e-05 0 0 0 0.000726533 0 0 0 
0.000300703 0 0 0 0.000119563 0 0 0 5.18639e-05 0 0 0 0.000667216 0 0 0 0.000454657 0 0 0 0.000521153 0 0 0 0.00073791 0 0 0 7.93172e-05 0 0 0 
0.000248063 0 0 0 0.00083278 0 0 0 0.000219482 0 0 0 0.000772811 0 0 0 0.000623366 0 0 0 0.00311005 0 0 0 0.0113927 0 0 0 0.0115446 0 0 0 
0.0109833 0 0 0 0.00616376 0 0 0 0.000843469 0 0 0 0.000641772 0 0 0 4.8129e-05 0 0 0 0.000227448 0 0 0 9.76005e-05 0 0 0 0.000101755 0 0 0 
0.000126339 0 0 0 0.000153575 0 0 0 0.000227405 0 0 0 0.000416723 0 0 0 7.24274e-06 0 0 0 3.93326e-05 0 0 0 0.000177289 0 0 0 0.000545388 0 0 0 
0.000626713 0 0 0 6.87387e-06 0 0 0 4.31701e-05 0 0 0 0.000304978 0 0 0 0.00175925 0 0 0 0.00550399 0 0 0 0.00633942 0 0 0 0.00549759 0 0 0 
0.00595608 0 0 0 0.00766745 0 0 0 0.0102379 0 0 0 0.00834632 0 0 0 0.00200475 0 0 0 0.000235643 0 0 0 0.000353132 0 0 0 6.52156e-05 0 0 0 
0.000313006 0 0 0 5.85611e-05 0 0 0 0.000584132 0 0 0 0.000153877 0 0 0 4.73286e-05 0 0 0 2.00077e-05 0 0 0 0.000723935 0 0 0 0.000488719 0 0 0 
0.00037489 0 0 0 0.00029859 0 0 0 0.000239732 0 0 0 0.000207799 0 0 0 0.000304695 0 0 0 5.92734e-05 0 0 0 0.000729806 0 0 0 0.000675285 0 0 0 
0.00103329 0 0 0 0.000903224 0 0 0 0.000854584 0 0 0 0.00100382 0 0 0 0.00256095 0 0 0 0.0053108 0 0 0 0.00550747 0 0 0 0.00151299 0 0 0 
0.000588449 0 0 0 0.000574625 0 0 0 0.000768703 0 0 0 0.000272656 0 0 0 0.000108318 0 0 0 0.000952153 0 0 0 0.000777663 0 0 0 0.000129922 0 0 0 
0.000482873 0 0 0 0.000128026 0 0 0 0.000349757 0 0 0 0.000733389 0 0 0 0.00103213 0 0 0 0.00128777 0 0 0 0.00321061 0 0 0 0.00883763 0 0 0 
0.0101973 0 0 0 0.00338342 0 0 0 0.000780562 0 0 0 0.000226835 0 0 0 9.58407e-05 0 0 0 5.66505e-05 0 0 0 9.59894e-05 0 0 0 0.000404204 0 0 0 
0.000573466 0 0 0 0.000847827 0 0 0 0.000863565 0 0 0 0.000410157 0 0 0 0.000599781 0 0 0 0.000751722 0 0 0 0.000542528 0 0 0 0.000659603 0 0 0 
0.000259539 0 0 0 0.000891141 0 0 0 0.000886231 0 0 0 0.00107303 0 0 0 0.000853481 0 0 0 0.000700571 0 0 0 0.0022995 0 0 0 0.00386969 0 0 0 
0.0040754 0 0 0 0.00814082 0 0 0 0.0274633 0 0 0 0.0688954 0 0 0 0.0771278 0 0 0 0.0275028 0 0 0 0.00259243 0 0 0 0.0005289 0 0 0 
6.78973e-05 0 0 0 2.52794e-05 0 0 0 0.000824167 0 0 0 0.000607847 0 0 0 0.000519476 0 0 0 0.000526719 0 0 0 0.000520484 0 0 0 0.000285157 0 0 0 
0.000121417 0 0 0 4.97483e-05 0 0 0 0.000759246 0 0 0 0.000372228 0 0 0 0.00028571 0 0 0 0.000322159 0 0 0 0.00049767 0 0 0 0.000748235 0 0 0 
0.000103636 0 0 0 0.00046359 0 0 0 0.000241092 0 0 0 0.000707347 0 0 0 0.000552259 0 0 0 0.00308592 0 0 0 0.0100053 0 0 0 0.0138523 0 0 0 
0.0153338 0 0 0 0.00756917 0 0 0 0.000818331 0 0 0 0.000281507 0 0 0 0.000385437 0 0 0 7.13324e-05 0 0 0 3.47468e-05 0 0 0 3.49487e-05 0 0 0 
4.39438e-05 0 0 0 4.49478e-05 0 0 0 5.14028e-05 0 0 0 0.000121471 0 0 0 0.000451601 0 0 0 8.63653e-06 0 0 0 4.04969e-05 0 0 0 0.000185719 0 0 0 
0.000155986 0 0 0 0.000809255 0 0 0 0.00433751 0 0 0 0.0183599 0 0 0 0.0541127 0 0 0 0.0970613 0 0 0 0.0650826 0 0 0 0.0339633 0 0 0 
0.0230529 0 0 0 0.0175786 0 0 0 0.0179309 0 0 0 0.0128773 0 0 0 0.00208009 0 0 0 0.000674066 0 0 0 0.000167073 0 0 0 0.000658215 0 0 0 
0.00015197 0 0 0 3.50698e-05 0 0 0 0.000278051 0 0 0 8.35164e-05 0 0 0 3.13561e-05 0 0 0 0.00065718 0 0 0 0.000267179 0 0 0 0.00015313 0 0 0 
0.000109726 0 0 0 7.46357e-05 0 0 0 6.70096e-05 0 0 0 8.00043e-05 0 0 0 0.000126462 0 0 0 0.000475695 0 0 0 0.000377856 0 0 0 0.000426163 0 0 0 
0.000920594 0 0 0 0.00105784 0 0 0 0.000978934 0 0 0 0.0011118 0 0 0 0.00327442 0 0 0 0.00660033 0 0 0 0.00786731 0 0 0 0.00366138 0 0 0 
0.000698244 0 0 0 0.000454569 0 0 0 0.000431132 0 0 0 7.01267e-05 0 0 0 0.000491224 0 0 0 0.000297661 0 0 0 0.0003282 0 0 0 5.17082e-05 0 0 0 
0.000250262 0 0 0 0.000197404 0 0 0 0.000467383 0 0 0 0.000831149 0 0 0 0.00111549 0 0 0 0.00128659 0 0 0 0.00356766 0 0 0 0.00983385 0 0 0 
0.00778653 0 0 0 0.00213151 0 0 0 0.000466618 0 0 0 0.000648916 0 0 0 0.000508539 0 0 0 0.000463214 0 0 0 0.000865053 0 0 0 0.000407856 0 0 0 
0.000836881 0 0 0 0.000921268 0 0 0 0.000748668 0 0 0 0.000388733 0 0 0 0.000731776 0 0 0 0.000568704 0 0 0 0.000766733 0 0 0 0.000291867 0 0 0 
0.00060944 0 0 0 0.000646455 0 0 0 0.00141013 0 0 0 0.00165691 0 0 0 0.00120442 0 0 0 0.00145177 0 0 0 0.00293993 0 0 0 0.00437599 0 0 0 
0.00489891 0 0 0 0.00988264 0 0 0 0.0326951 0 0 0 0.0943061 0 0 0 0.0950268 0 0 0 0.0275272 0 0 0 0.00334835 0 0 0 0.000492078 0 0 0 
4.64774e-05 0 0 0 0.000591986 0 0 0 0.000496131 0 0 0 0.000376224 0 0 0 0.000288625 0 0 0 0.000268108 0 0 0 0.000243592 0 0 0 0.00013319 0 0 0 
5.4531e-05 0 0 0 2.41074e-05 0 0 0 0.000411367 0 0 0 0.000145729 0 0 0 0.000104233 0 0 0 0.000117352 0 0 0 0.000196808 0 0 0 0.000389158 0 0 0 
0.000968721 0 0 0 0.000182257 0 0 0 0.000527093 0 0 0 0.000458453 0 0 0 0.000416473 0 0 0 0.00512332 0 0 0 0.0219983 0 0 0 0.0303356 0 0 0 
0.0154729 0 0 0 0.00451713 0 0 0 0.000884464 0 0 0 8.67646e-05 0 0 0 0.000151068 0 0 0 2.72586e-05 0 0 0 0.000699883 0 0 0 0.000652133 0 0 0 
0.000829695 0 0 0 0.000870103 0 0 0 0.00093952 0 0 0 2.09895e-05 0 0 0 9.40747e-05 0 0 0 0.00030625 0 0 0 5.85533e-06 0 0 0 3.0362e-05 0 0 0 
2.11474e-05 0 0 0 0.000115657 0 0 0 0.000689258 0 0 0 0.00393001 0 0 0 0.0191757 0 0 0 0.0512458 0 0 0 0.0447804 0 0 0 0.0238147 0 0 0 
0.0182364 0 0 0 0.0153327 0 0 0 0.0149062 0 0 0 0.0108734 0 0 0 0.00198465 0 0 0 0.000351724 0 0 0 0.000804087 0 0 0 0.000178686 0 0 0 
4.34062e-05 0 0 0 0.000409 0 0 0 0.000110806 0 0 0 4.11848e-05 0 0 0 0.000750158 0 0 0 0.000260757 0 0 0 0.000126286 0 0 0 7.29453e-05 0 0 0 
5.82951e-05 0 0 0 3.19137e-05 0 0 0 1.82922e-05 0 0 0 0.000909916 0 0 0 0.000802995 0 0 0 0.00011724 0 0 0 0.000173181 0 0 0 0.000488501 0 0 0 
0.00103934 0 0 0 0.00108569 0 0 0 0.000699802 0 0 0 0.000810253 0 0 0 0.00213725 0 0 0 0.00600481 0 0 0 0.0120661 0 0 0 0.00603111 0 0 0 
0.00052757 0 0 0 0.00062492 0 0 0 0.000469528 0 0 0 0.000575215 0 0 0 0.000281703 0 0 0 0.000188495 0 0 0 0.000192647 0 0 0 0.000581371 0 0 0 
0.000146289 0 0 0 0.000473828 0 0 0 0.000809592 0 0 0 0.000736831 0 0 0 0.00123476 0 0 0 0.00168641 0 0 0 0.0037294 0 0 0 0.00893898 0 0 0 
0.00713267 0 0 0 0.0016657 0 0 0 0.000681874 0 0 0 0.000292572 0 0 0 0.00019005 0 0 0 0.000158475 0 0 0 0.000291813 0 0 0 0.000263703 0 0 0 
0.000867101 0 0 0 0.000974428 0 0 0 0.0008716 0 0 0 0.000743749 0 0 0 0.000393003 0 0 0 0.000323858 0 0 0 0.000345274 0 0 0 0.000472866 0 0 0 
0.000997917 0 0 0 0.00101654 0 0 0 0.00209535 0 0 0 0.00269483 0 0 0 0.00159508 0 0 0 0.00147406 0 0 0 0.00341658 0 0 0 0.00516867 0 0 0 
0.00576294 0 0 0 0.0123694 0 0 0 0.0391205 0 0 0 0.0857693 0 0 0 0.0744626 0 0 0 0.0271836 0 0 0 0.00406563 0 0 0 0.000385851 0 0 0 
0.000526745 0 0 0 0.000246651 0 0 0 0.000182562 0 0 0 0.000130477 0 0 0 7.57655e-05 0 0 0 6.96937e-05 0 0 0 7.03611e-05 0 0 0 3.8671e-05 0 0 0 
1.61053e-05 0 0 0 0.000449061 0 0 0 0.000155864 0 0 0 6.29246e-05 0 0 0 0.000614071 0 0 0 0.000687675 0 0 0 7.49553e-05 0 0 0 0.000177996 0 0 0 
0.000520286 0 0 0 8.02473e-05 0 0 0 0.00023287 0 0 0 0.000676325 0 0 0 0.000772959 0 0 0 0.00516339 0 0 0 0.0252062 0 0 0 0.0253422 0 0 0 
0.0110909 0 0 0 0.00330989 0 0 0 0.00055186 0 0 0 0.000893868 0 0 0 9.17592e-05 0 0 0 0.000658345 0 0 0 0.000240595 0 0 0 0.000208815 0 0 0 
0.000249038 0 0 0 0.000302764 0 0 0 0.000419011 0 0 0 0.000879888 0 0 0 2.14052e-05 0 0 0 9.9219e-05 0 0 0 0.000364771 0 0 0 5.09071e-06 0 0 0 
4.45232e-06 0 0 0 1.80712e-05 0 0 0 0.000105071 0 0 0 0.000771389 0 0 0 0.00532348 0 0 0 0.0177628 0 0 0 0.0201617 0 0 0 0.0142991 0 0 0 
0.0134595 0 0 0 0.0143778 0 0 0 0.0154131 0 0 0 0.0106717 0 0 0 0.00220081 0 0 0 0.000276734 0 0 0 0.000459382 0 0 0 7.9345e-05 0 0 0 
0.000579126 0 0 0 0.000124853 0 0 0 3.31129e-05 0 0 0 0.000558025 0 0 0 0.000150193 0 0 0 5.98695e-05 0 0 0 4.62393e-05 0 0 0 3.26697e-05 0 0 0 
2.53624e-05 0 0 0 1.44583e-05 0 0 0 0.000568519 0 0 0 0.000351402 0 0 0 0.000368978 0 0 0 6.3415e-05 0 0 0 0.000923449 0 0 0 0.000778253 0 0 0 
0.00116657 0 0 0 0.000927003 0 0 0 0.000700702 0 0 0 0.000726574 0 0 0 0.00167155 0 0 0 0.00486065 0 0 0 0.00844684 0 0 0 0.00249224 0 0 0 
0.000718514 0 0 0 0.000536533 0 0 0 0.000970788 0 0 0 0.000646987 0 0 0 0.000254843 0 0 0 0.00013459 0 0 0 0.000113721 0 0 0 0.000306542 0 0 0 
7.57632e-05 0 0 0 0.000159313 0 0 0 0.000333834 0 0 0 0.00083138 0 0 0 0.00114249 0 0 0 0.00168795 0 0 0 0.00335617 0 0 0 0.00803342 0 0 0 
0.00934099 0 0 0 0.00264403 0 0 0 0.000729492 0 0 0 0.000238934 0 0 0 0.000114039 0 0 0 7.70625e-05 0 0 0 0.000131745 0 0 0 0.000575041 0 0 0 
0.000642556 0 0 0 0.00138953 0 0 0 0.00101419 0 0 0 0.000774705 0 0 0 0.000645959 0 0 0 0.000440465 0 0 0 0.000385284 0 0 0 0.000518355 0 0 0 
0.000738971 0 0 0 0.00184358 0 0 0 0.00445002 0 0 0 0.00489686 0 0 0 0.00157088 0 0 0 0.00107291 0 0 0 0.00279819 0 0 0 0.00453538 0 0 0 
0.00479419 0 0 0 0.0101893 0 0 0 0.0328605 0 0 0 0.0626589 0 0 0 0.060437 0 0 0 0.0271595 0 0 0 0.00314778 0 0 0 0.000176595 0 0 0 
0.000176336 0 0 0 7.02895e-05 0 0 0 4.15636e-05 0 0 0 2.81191e-05 0 0 0 1.73698e-05 0 0 0 1.73001e-05 0 0 0 2.03371e-05 0 0 0 0.000726533 0 0 0 
0.000300703 0 0 0 0.000119563 0 0 0 5.18639e-05 0 0 0 0.000667216 0 0 0 0.000454657 0 0 0 0.000521153 0 0 0 0.000758083 0 0 0 9.04205e-05 0 0 0 
0.000275263 0 0 0 0.00083278 0 0 0 0.000219482 0 0 0 0.000772811 0 0 0 0.000623366 0 0 0 0.00311005 0 0 0 0.0113927 0 0 0 0.0115446 0 0 0 
0.0109833 0 0 0 0.00616376 0 0 0 0.000843469 0 0 0 0.000641772 0 0 0 4.8129e-05 0 0 0 0.000227448 0 0 0 9.76005e-05 0 0 0 0.000101755 0 0 0 
0.000126339 0 0 0 0.000153575 0 0 0 0.000227405 0 0 0 0.000416723 0 0 0 7.24274e-06 0 0 0 3.93326e-05 0 0 0 0.000177289 0 0 0 0.000545388 0 0 0 
